../../Drivers/CMSIS/Include/core_cm7.h:2660:26:ITM_SendChar	16	static,ignoring_inline_asm
../Core/Src/main.c:28:5:_write	32	static
../Core/Src/main.c:92:6:UART_SendString	16	static
../Core/Src/main.c:96:6:UART_SendByte	16	static
../Core/Src/main.c:100:6:UART_SendNumber	32	static
../Core/Src/main.c:107:6:HAL_UART_RxCpltCallback	16	static
../Core/Src/main.c:131:5:main	80	static
../Core/Src/main.c:258:6:SystemClock_Config	120	static
../Core/Src/main.c:309:13:MX_USART3_UART_Init	8	static
../Core/Src/main.c:357:13:MX_GPIO_Init	16	static
../Core/Src/main.c:377:6:MPU_Config	24	static
../Core/Src/main.c:408:6:Error_Handler	4	static,ignoring_inline_asm
