../Core/Src/main.c:20:20:sck_high	4	static
../Core/Src/main.c:21:20:sck_low	4	static
../Core/Src/main.c:22:20:mosi_high	4	static
../Core/Src/main.c:23:20:mosi_low	4	static
../Core/Src/main.c:24:20:cs_high	4	static
../Core/Src/main.c:25:20:cs_low	4	static
../Core/Src/main.c:28:13:DWT_Init	4	static
../Core/Src/main.c:37:20:delay_cycles	24	static,ignoring_inline_asm
../Core/Src/main.c:43:13:GPIO_Init_SPI	24	static
../Core/Src/main.c:65:16:SPI_Transfer	24	static
../Core/Src/main.c:91:5:main	8	static
