Archive member included to satisfy reference by file (symbol)

/opt/st/stm32cubeide_1.19.0/plugins/com.st.stm32cube.ide.mcu.externaltools.gnu-tools-for-stm32.13.3.rel1.linux64_1.0.0.202410170706/tools/bin/../lib/gcc/arm-none-eabi/13.3.1/../../../../arm-none-eabi/lib/thumb/v7e-m+dp/hard/libc_nano.a(libc_a-atof.o)
                              ./Core/Src/main.o (atof)
/opt/st/stm32cubeide_1.19.0/plugins/com.st.stm32cube.ide.mcu.externaltools.gnu-tools-for-stm32.13.3.rel1.linux64_1.0.0.202410170706/tools/bin/../lib/gcc/arm-none-eabi/13.3.1/../../../../arm-none-eabi/lib/thumb/v7e-m+dp/hard/libc_nano.a(libc_a-exit.o)
                              /opt/st/stm32cubeide_1.19.0/plugins/com.st.stm32cube.ide.mcu.externaltools.gnu-tools-for-stm32.13.3.rel1.linux64_1.0.0.202410170706/tools/bin/../lib/gcc/arm-none-eabi/13.3.1/../../../../arm-none-eabi/lib/thumb/v7e-m+dp/hard/crt0.o (exit)
/opt/st/stm32cubeide_1.19.0/plugins/com.st.stm32cube.ide.mcu.externaltools.gnu-tools-for-stm32.13.3.rel1.linux64_1.0.0.202410170706/tools/bin/../lib/gcc/arm-none-eabi/13.3.1/../../../../arm-none-eabi/lib/thumb/v7e-m+dp/hard/libc_nano.a(libc_a-strtod.o)
                              /opt/st/stm32cubeide_1.19.0/plugins/com.st.stm32cube.ide.mcu.externaltools.gnu-tools-for-stm32.13.3.rel1.linux64_1.0.0.202410170706/tools/bin/../lib/gcc/arm-none-eabi/13.3.1/../../../../arm-none-eabi/lib/thumb/v7e-m+dp/hard/libc_nano.a(libc_a-atof.o) (strtod)
/opt/st/stm32cubeide_1.19.0/plugins/com.st.stm32cube.ide.mcu.externaltools.gnu-tools-for-stm32.13.3.rel1.linux64_1.0.0.202410170706/tools/bin/../lib/gcc/arm-none-eabi/13.3.1/../../../../arm-none-eabi/lib/thumb/v7e-m+dp/hard/libc_nano.a(libc_a-nano-vfprintf_float.o)
                              (_printf_float)
/opt/st/stm32cubeide_1.19.0/plugins/com.st.stm32cube.ide.mcu.externaltools.gnu-tools-for-stm32.13.3.rel1.linux64_1.0.0.202410170706/tools/bin/../lib/gcc/arm-none-eabi/13.3.1/../../../../arm-none-eabi/lib/thumb/v7e-m+dp/hard/libc_nano.a(libc_a-nano-vfprintf_i.o)
                              /opt/st/stm32cubeide_1.19.0/plugins/com.st.stm32cube.ide.mcu.externaltools.gnu-tools-for-stm32.13.3.rel1.linux64_1.0.0.202410170706/tools/bin/../lib/gcc/arm-none-eabi/13.3.1/../../../../arm-none-eabi/lib/thumb/v7e-m+dp/hard/libc_nano.a(libc_a-nano-vfprintf_float.o) (_printf_common)
/opt/st/stm32cubeide_1.19.0/plugins/com.st.stm32cube.ide.mcu.externaltools.gnu-tools-for-stm32.13.3.rel1.linux64_1.0.0.202410170706/tools/bin/../lib/gcc/arm-none-eabi/13.3.1/../../../../arm-none-eabi/lib/thumb/v7e-m+dp/hard/libc_nano.a(libc_a-findfp.o)
                              /opt/st/stm32cubeide_1.19.0/plugins/com.st.stm32cube.ide.mcu.externaltools.gnu-tools-for-stm32.13.3.rel1.linux64_1.0.0.202410170706/tools/bin/../lib/gcc/arm-none-eabi/13.3.1/../../../../arm-none-eabi/lib/thumb/v7e-m+dp/hard/libc_nano.a(libc_a-exit.o) (__stdio_exit_handler)
/opt/st/stm32cubeide_1.19.0/plugins/com.st.stm32cube.ide.mcu.externaltools.gnu-tools-for-stm32.13.3.rel1.linux64_1.0.0.202410170706/tools/bin/../lib/gcc/arm-none-eabi/13.3.1/../../../../arm-none-eabi/lib/thumb/v7e-m+dp/hard/libc_nano.a(libc_a-fwalk.o)
                              /opt/st/stm32cubeide_1.19.0/plugins/com.st.stm32cube.ide.mcu.externaltools.gnu-tools-for-stm32.13.3.rel1.linux64_1.0.0.202410170706/tools/bin/../lib/gcc/arm-none-eabi/13.3.1/../../../../arm-none-eabi/lib/thumb/v7e-m+dp/hard/libc_nano.a(libc_a-findfp.o) (_fwalk_sglue)
/opt/st/stm32cubeide_1.19.0/plugins/com.st.stm32cube.ide.mcu.externaltools.gnu-tools-for-stm32.13.3.rel1.linux64_1.0.0.202410170706/tools/bin/../lib/gcc/arm-none-eabi/13.3.1/../../../../arm-none-eabi/lib/thumb/v7e-m+dp/hard/libc_nano.a(libc_a-snprintf.o)
                              ./Core/Src/main.o (snprintf)
/opt/st/stm32cubeide_1.19.0/plugins/com.st.stm32cube.ide.mcu.externaltools.gnu-tools-for-stm32.13.3.rel1.linux64_1.0.0.202410170706/tools/bin/../lib/gcc/arm-none-eabi/13.3.1/../../../../arm-none-eabi/lib/thumb/v7e-m+dp/hard/libc_nano.a(libc_a-stdio.o)
                              /opt/st/stm32cubeide_1.19.0/plugins/com.st.stm32cube.ide.mcu.externaltools.gnu-tools-for-stm32.13.3.rel1.linux64_1.0.0.202410170706/tools/bin/../lib/gcc/arm-none-eabi/13.3.1/../../../../arm-none-eabi/lib/thumb/v7e-m+dp/hard/libc_nano.a(libc_a-findfp.o) (__sread)
/opt/st/stm32cubeide_1.19.0/plugins/com.st.stm32cube.ide.mcu.externaltools.gnu-tools-for-stm32.13.3.rel1.linux64_1.0.0.202410170706/tools/bin/../lib/gcc/arm-none-eabi/13.3.1/../../../../arm-none-eabi/lib/thumb/v7e-m+dp/hard/libc_nano.a(libc_a-memset.o)
                              /opt/st/stm32cubeide_1.19.0/plugins/com.st.stm32cube.ide.mcu.externaltools.gnu-tools-for-stm32.13.3.rel1.linux64_1.0.0.202410170706/tools/bin/../lib/gcc/arm-none-eabi/13.3.1/../../../../arm-none-eabi/lib/thumb/v7e-m+dp/hard/crt0.o (memset)
[...]
Memory Configuration

Name             Origin             Length             Attributes
RAM_D1           0x24000000         0x00080000         xrw
FLASH            0x08000000         0x00100000         xr
DTCMRAM          0x20000000         0x00020000         xrw
RAM_D2           0x30000000         0x00048000         xrw
RAM_D3           0x38000000         0x00010000         xrw
ITCMRAM          0x00000000         0x00010000         xrw
*default*        0x00000000         0xffffffff

Linker script and memory map

LOAD /opt/st/stm32cubeide_1.19.0/plugins/com.st.stm32cube.ide.mcu.externaltools.gnu-tools-for-stm32.13.3.rel1.linux64_1.0.0.202410170706/tools/bin/../lib/gcc/arm-none-eabi/13.3.1/thumb/v7e-m+dp/hard/crti.o
LOAD /opt/st/stm32cubeide_1.19.0/plugins/com.st.stm32cube.ide.mcu.externaltools.gnu-tools-for-stm32.13.3.rel1.linux64_1.0.0.202410170706/tools/bin/../lib/gcc/arm-none-eabi/13.3.1/thumb/v7e-m+dp/hard/crtbegin.o
LOAD /opt/st/stm32cubeide_1.19.0/plugins/com.st.stm32cube.ide.mcu.externaltools.gnu-tools-for-stm32.13.3.rel1.linux64_1.0.0.202410170706/tools/bin/../lib/gcc/arm-none-eabi/13.3.1/../../../../arm-none-eabi/lib/thumb/v7e-m+dp/hard/crt0.o
LOAD ./Common/Src/system_stm32h7xx_dualcore_boot_cm4_cm7.o
LOAD ./Core/Src/adc.o
LOAD ./Core/Src/freertos.o
LOAD ./Core/Src/gpio.o
LOAD ./Core/Src/main.o
LOAD ./Core/Src/stm32h7xx_hal_msp.o
LOAD ./Core/Src/stm32h7xx_it.o
LOAD ./Core/Src/syscalls.o
LOAD ./Core/Src/sysmem.o
LOAD ./Core/Src/tim.o
LOAD ./Core/Src/usart.o
LOAD ./Core/Startup/startup_stm32h745zitx.o
LOAD ./Drivers/BSP/STM32H7xx_Nucleo/stm32h7xx_nucleo.o
LOAD ./Drivers/STM32H7xx_HAL_Driver/stm32h7xx_hal.o
LOAD ./Drivers/STM32H7xx_HAL_Driver/stm32h7xx_hal_adc.o
LOAD ./Drivers/STM32H7xx_HAL_Driver/stm32h7xx_hal_adc_ex.o
LOAD ./Drivers/STM32H7xx_HAL_Driver/stm32h7xx_hal_cortex.o
LOAD ./Drivers/STM32H7xx_HAL_Driver/stm32h7xx_hal_dma.o
LOAD ./Drivers/STM32H7xx_HAL_Driver/stm32h7xx_hal_dma_ex.o
LOAD ./Drivers/STM32H7xx_HAL_Driver/stm32h7xx_hal_exti.o
LOAD ./Drivers/STM32H7xx_HAL_Driver/stm32h7xx_hal_flash.o
LOAD ./Drivers/STM32H7xx_HAL_Driver/stm32h7xx_hal_flash_ex.o
LOAD ./Drivers/STM32H7xx_HAL_Driver/stm32h7xx_hal_gpio.o
LOAD ./Drivers/STM32H7xx_HAL_Driver/stm32h7xx_hal_hsem.o
LOAD ./Drivers/STM32H7xx_HAL_Driver/stm32h7xx_hal_i2c.o
LOAD ./Drivers/STM32H7xx_HAL_Driver/stm32h7xx_hal_i2c_ex.o
LOAD ./Drivers/STM32H7xx_HAL_Driver/stm32h7xx_hal_mdma.o
LOAD ./Drivers/STM32H7xx_HAL_Driver/stm32h7xx_hal_pwr.o
LOAD ./Drivers/STM32H7xx_HAL_Driver/stm32h7xx_hal_pwr_ex.o
LOAD ./Drivers/STM32H7xx_HAL_Driver/stm32h7xx_hal_rcc.o
LOAD ./Drivers/STM32H7xx_HAL_Driver/stm32h7xx_hal_rcc_ex.o
LOAD ./Drivers/STM32H7xx_HAL_Driver/stm32h7xx_hal_tim.o
LOAD ./Drivers/STM32H7xx_HAL_Driver/stm32h7xx_hal_tim_ex.o
LOAD ./Drivers/STM32H7xx_HAL_Driver/stm32h7xx_hal_uart.o
LOAD ./Drivers/STM32H7xx_HAL_Driver/stm32h7xx_hal_uart_ex.o
LOAD ./Drivers/STM32H7xx_HAL_Driver/stm32h7xx_hal_usart.o
LOAD ./Drivers/STM32H7xx_HAL_Driver/stm32h7xx_hal_usart_ex.o
LOAD ./Middlewares/Third_Party/FreeRTOS/cmsis_os2.o
LOAD ./Middlewares/Third_Party/FreeRTOS/croutine.o
LOAD ./Middlewares/Third_Party/FreeRTOS/event_groups.o
LOAD ./Middlewares/Third_Party/FreeRTOS/heap_4.o
LOAD ./Middlewares/Third_Party/FreeRTOS/list.o
LOAD ./Middlewares/Third_Party/FreeRTOS/port.o
LOAD ./Middlewares/Third_Party/FreeRTOS/queue.o
LOAD ./Middlewares/Third_Party/FreeRTOS/stream_buffer.o
LOAD ./Middlewares/Third_Party/FreeRTOS/tasks.o
LOAD ./Middlewares/Third_Party/FreeRTOS/timers.o
START GROUP
LOAD /opt/st/stm32cubeide_1.19.0/plugins/com.st.stm32cube.ide.mcu.externaltools.gnu-tools-for-stm32.13.3.rel1.linux64_1.0.0.202410170706/tools/bin/../lib/gcc/arm-none-eabi/13.3.1/../../../../arm-none-eabi/lib/thumb/v7e-m+dp/hard/libc_nano.a
LOAD /opt/st/stm32cubeide_1.19.0/plugins/com.st.stm32cube.ide.mcu.externaltools.gnu-tools-for-stm32.13.3.rel1.linux64_1.0.0.202410170706/tools/bin/../lib/gcc/arm-none-eabi/13.3.1/../../../../arm-none-eabi/lib/thumb/v7e-m+dp/hard/libm.a
END GROUP
START GROUP
LOAD /opt/st/stm32cubeide_1.19.0/plugins/com.st.stm32cube.ide.mcu.externaltools.gnu-tools-for-stm32.13.3.rel1.linux64_1.0.0.202410170706/tools/bin/../lib/gcc/arm-none-eabi/13.3.1/thumb/v7e-m+dp/hard/libgcc.a
LOAD /opt/st/stm32cubeide_1.19.0/plugins/com.st.stm32cube.ide.mcu.externaltools.gnu-tools-for-stm32.13.3.rel1.linux64_1.0.0.202410170706/tools/bin/../lib/gcc/arm-none-eabi/13.3.1/../../../../arm-none-eabi/lib/thumb/v7e-m+dp/hard/libc_nano.a
END GROUP
START GROUP
LOAD /opt/st/stm32cubeide_1.19.0/plugins/com.st.stm32cube.ide.mcu.externaltools.gnu-tools-for-stm32.13.3.rel1.linux64_1.0.0.202410170706/tools/bin/../lib/gcc/arm-none-eabi/13.3.1/thumb/v7e-m+dp/hard/libgcc.a
LOAD /opt/st/stm32cubeide_1.19.0/plugins/com.st.stm32cube.ide.mcu.externaltools.gnu-tools-for-stm32.13.3.rel1.linux64_1.0.0.202410170706/tools/bin/../lib/gcc/arm-none-eabi/13.3.1/../../../../arm-none-eabi/lib/thumb/v7e-m+dp/hard/libc_nano.a
LOAD /opt/st/stm32cubeide_1.19.0/plugins/com.st.stm32cube.ide.mcu.externaltools.gnu-tools-for-stm32.13.3.rel1.linux64_1.0.0.202410170706/tools/bin/../lib/gcc/arm-none-eabi/13.3.1/../../../../arm-none-eabi/lib/thumb/v7e-m+dp/hard/libnosys.a
END GROUP
START GROUP
LOAD /opt/st/stm32cubeide_1.19.0/plugins/com.st.stm32cube.ide.mcu.externaltools.gnu-tools-for-stm32.13.3.rel1.linux64_1.0.0.202410170706/tools/bin/../lib/gcc/arm-none-eabi/13.3.1/thumb/v7e-m+dp/hard/libgcc.a
LOAD /opt/st/stm32cubeide_1.19.0/plugins/com.st.stm32cube.ide.mcu.externaltools.gnu-tools-for-stm32.13.3.rel1.linux64_1.0.0.202410170706/tools/bin/../lib/gcc/arm-none-eabi/13.3.1/../../../../arm-none-eabi/lib/thumb/v7e-m+dp/hard/libc_nano.a
LOAD /opt/st/stm32cubeide_1.19.0/plugins/com.st.stm32cube.ide.mcu.externaltools.gnu-tools-for-stm32.13.3.rel1.linux64_1.0.0.202410170706/tools/bin/../lib/gcc/arm-none-eabi/13.3.1/../../../../arm-none-eabi/lib/thumb/v7e-m+dp/hard/libnosys.a
END GROUP
LOAD /opt/st/stm32cubeide_1.19.0/plugins/com.st.stm32cube.ide.mcu.externaltools.gnu-tools-for-stm32.13.3.rel1.linux64_1.0.0.202410170706/tools/bin/../lib/gcc/arm-none-eabi/13.3.1/thumb/v7e-m+dp/hard/crtend.o
LOAD /opt/st/stm32cubeide_1.19.0/plugins/com.st.stm32cube.ide.mcu.externaltools.gnu-tools-for-stm32.13.3.rel1.linux64_1.0.0.202410170706/tools/bin/../lib/gcc/arm-none-eabi/13.3.1/thumb/v7e-m+dp/hard/crtn.o
                0x24080000                        _estack = (ORIGIN (RAM_D1) + LENGTH (RAM_D1))
                0x00000200                        _Min_Heap_Size = 0x200
                0x00000400                        _Min_Stack_Size = 0x400

.isr_vector     0x08000000      0x298
                0x08000000                        . = ALIGN (0x4)
 *(.isr_vector)
 .isr_vector    0x08000000      0x298 ./Core/Startup/startup_stm32h745zitx.o
                0x08000000                g_pfnVectors
                0x08000298                        . = ALIGN (0x4)

.text           0x080002a0    0x1324c
                0x080002a0                        . = ALIGN (0x4)
 *(.text)
 .text          0x080002a0       0x40 /opt/st/stm32cubeide_1.19.0/plugins/com.st.stm32cube.ide.mcu.externaltools.gnu-tools-for-stm32.13.3.rel1.linux64_1.0.0.202410170706/tools/bin/../lib/gcc/arm-none-eabi/13.3.1/thumb/v7e-m+dp/hard/crtbegin.o
 .text          0x080002e0       0x14 /opt/st/stm32cubeide_1.19.0/plugins/com.st.stm32cube.ide.mcu.externaltools.gnu-tools-for-stm32.13.3.rel1.linux64_1.0.0.202410170706/tools/bin/../lib/gcc/arm-none-eabi/13.3.1/../../../../arm-none-eabi/lib/thumb/v7e-m+dp/hard/libc_nano.a(libc_a-strcmp.o)
                0x080002e0                strcmp
 *fill*         0x080002f4        0xc 
 .text          0x08000300       0xa0 /opt/st/stm32cubeide_1.19.0/plugins/com.st.stm32cube.ide.mcu.externaltools.gnu-tools-for-stm32.13.3.rel1.linux64_1.0.0.202410170706/tools/bin/../lib/gcc/arm-none-eabi/13.3.1/../../../../arm-none-eabi/lib/thumb/v7e-m+dp/hard/libc_nano.a(libc_a-memchr.o)
                0x08000300                memchr
 .text          0x080003a0       0x10 /opt/st/stm32cubeide_1.19.0/plugins/com.st.stm32cube.ide.mcu.externaltools.gnu-tools-for-stm32.13.3.rel1.linux64_1.0.0.202410170706/tools/bin/../lib/gcc/arm-none-eabi/13.3.1/../../../../arm-none-eabi/lib/thumb/v7e-m+dp/hard/libc_nano.a(libc_a-strlen.o)
                0x080003a0                strlen
 .text          0x080003b0      0x378 /opt/st/stm32cubeide_1.19.0/plugins/com.st.stm32cube.ide.mcu.externaltools.gnu-tools-for-stm32.13.3.rel1.linux64_1.0.0.202410170706/tools/bin/../lib/gcc/arm-none-eabi/13.3.1/thumb/v7e-m+dp/hard/libgcc.a(_arm_addsubdf3.o)
                0x080003b0                __aeabi_drsub
                0x080003b8                __aeabi_dsub
                0x080003b8                __subdf3
                0x080003bc                __adddf3
                0x080003bc                __aeabi_dadd
                0x08000634                __aeabi_ui2d
                0x08000634                __floatunsidf
                0x08000654                __floatsidf
                0x08000654                __aeabi_i2d
                0x08000678                __extendsfdf2
                0x08000678                __aeabi_f2d
                0x080006bc                __aeabi_ul2d
                0x080006bc                __floatundidf
                0x080006cc                __floatdidf
                0x080006cc                __aeabi_l2d
 .text          0x08000728       0x30 /opt/st/stm32cubeide_1.19.0/plugins/com.st.stm32cube.ide.mcu.externaltools.gnu-tools-for-stm32.13.3.rel1.linux64_1.0.0.202410170706/tools/bin/../lib/gcc/arm-none-eabi/13.3.1/thumb/v7e-m+dp/hard/libgcc.a(_aeabi_uldivmod.o)
                0x08000728                __aeabi_uldivmod
 .text          0x08000758       0x30 /opt/st/stm32cubeide_1.19.0/plugins/com.st.stm32cube.ide.mcu.externaltools.gnu-tools-for-stm32.13.3.rel1.linux64_1.0.0.202410170706/tools/bin/../lib/gcc/arm-none-eabi/13.3.1/thumb/v7e-m+dp/hard/libgcc.a(_fixdfdi.o)
                0x08000758                __aeabi_d2lz
                0x08000758                __fixdfdi
 .text          0x08000788       0x40 /opt/st/stm32cubeide_1.19.0/plugins/com.st.stm32cube.ide.mcu.externaltools.gnu-tools-for-stm32.13.3.rel1.linux64_1.0.0.202410170706/tools/bin/../lib/gcc/arm-none-eabi/13.3.1/thumb/v7e-m+dp/hard/libgcc.a(_fixunsdfdi.o)
                0x08000788                __aeabi_d2ulz
                0x08000788                __fixunsdfdi
 .text          0x080007c8      0x2f8 /opt/st/stm32cubeide_1.19.0/plugins/com.st.stm32cube.ide.mcu.externaltools.gnu-tools-for-stm32.13.3.rel1.linux64_1.0.0.202410170706/tools/bin/../lib/gcc/arm-none-eabi/13.3.1/thumb/v7e-m+dp/hard/libgcc.a(_udivmoddi4.o)
                0x080007c8                __udivmoddi4
 .text          0x08000ac0        0x4 /opt/st/stm32cubeide_1.19.0/plugins/com.st.stm32cube.ide.mcu.externaltools.gnu-tools-for-stm32.13.3.rel1.linux64_1.0.0.202410170706/tools/bin/../lib/gcc/arm-none-eabi/13.3.1/thumb/v7e-m+dp/hard/libgcc.a(_dvmd_tls.o)
                0x08000ac0                __aeabi_ldiv0
                0x08000ac0                __aeabi_idiv0
 *(.text*)
 .text.SystemInit
                0x08000ac4      0x15c ./Common/Src/system_stm32h7xx_dualcore_boot_cm4_cm7.o
                0x08000ac4                SystemInit
 .text.ExitRun0Mode
                0x08000c20       0x30 ./Common/Src/system_stm32h7xx_dualcore_boot_cm4_cm7.o
                0x08000c20                ExitRun0Mode
 .text.MX_ADC1_Init
                0x08000c50       0xf8 ./Core/Src/adc.o
                0x08000c50                MX_ADC1_Init
 .text.HAL_ADC_MspInit
                0x08000d48       0xe8 ./Core/Src/adc.o
                0x08000d48                HAL_ADC_MspInit
 .text.MX_FREERTOS_Init
                0x08000e30       0x24 ./Core/Src/freertos.o
                0x08000e30                MX_FREERTOS_Init
 .text.StartDefaultTask
                0x08000e54       0x10 ./Core/Src/freertos.o
                0x08000e54                StartDefaultTask
 .text.MX_GPIO_Init
                0x08000e64       0x84 ./Core/Src/gpio.o
                0x08000e64                MX_GPIO_Init
 .text.StartSimuladorTask
                0x08000ee8       0xc0 ./Core/Src/main.o
                0x08000ee8                StartSimuladorTask
 .text.StartControlTask
                0x08000fa8       0xc0 ./Core/Src/main.o
                0x08000fa8                StartControlTask
 .text.StartUARTTask
                0x08001068       0x48 ./Core/Src/main.o
                0x08001068                StartUARTTask
 .text.StartStatusTask
                0x080010b0      0x118 ./Core/Src/main.o
                0x080010b0                StartStatusTask
 .text.enviar_profiling_report
                0x080011c8      0x264 ./Core/Src/main.o
                0x080011c8                enviar_profiling_report
 .text.procesar_comando
                0x0800142c      0x470 ./Core/Src/main.o
                0x0800142c                procesar_comando
 .text.main     0x0800189c      0x1e4 ./Core/Src/main.o
                0x0800189c                main
 .text.SystemClock_Config
                0x08001a80       0xe4 ./Core/Src/main.o
                0x08001a80                SystemClock_Config
 .text.HAL_UART_RxCpltCallback
                0x08001b64      0x14c ./Core/Src/main.o
                0x08001b64                HAL_UART_RxCpltCallback
 .text.MPU_Config
                0x08001cb0       0x58 ./Core/Src/main.o
 .text.Error_Handler
                0x08001d08        0xc ./Core/Src/main.o
                0x08001d08                Error_Handler
 .text.HAL_MspInit
                0x08001d14       0x3c ./Core/Src/stm32h7xx_hal_msp.o
                0x08001d14                HAL_MspInit
 .text.NMI_Handler
                0x08001d50        0x8 ./Core/Src/stm32h7xx_it.o
                0x08001d50                NMI_Handler
 .text.HardFault_Handler
                0x08001d58        0x8 ./Core/Src/stm32h7xx_it.o
                0x08001d58                HardFault_Handler
 .text.MemManage_Handler
                0x08001d60        0x8 ./Core/Src/stm32h7xx_it.o
                0x08001d60                MemManage_Handler
 .text.BusFault_Handler
                0x08001d68        0x8 ./Core/Src/stm32h7xx_it.o
                0x08001d68                BusFault_Handler
 .text.UsageFault_Handler
                0x08001d70        0x8 ./Core/Src/stm32h7xx_it.o
                0x08001d70                UsageFault_Handler
 .text.DebugMon_Handler
                0x08001d78        0xe ./Core/Src/stm32h7xx_it.o
                0x08001d78                DebugMon_Handler
 .text.SysTick_Handler
                0x08001d86       0x1a ./Core/Src/stm32h7xx_it.o
                0x08001d86                SysTick_Handler
 .text.EXTI15_10_IRQHandler
                0x08001da0        0xe ./Core/Src/stm32h7xx_it.o
                0x08001da0                EXTI15_10_IRQHandler
 *fill*         0x08001dae        0x2 
 .text.USART3_IRQHandler
                0x08001db0       0x14 ./Core/Src/stm32h7xx_it.o
                0x08001db0                USART3_IRQHandler
 .text._getpid  0x08001dc4       0x10 ./Core/Src/syscalls.o
                0x08001dc4                _getpid
 .text._kill    0x08001dd4       0x20 ./Core/Src/syscalls.o
                0x08001dd4                _kill
 .text._exit    0x08001df4       0x16 ./Core/Src/syscalls.o
                0x08001df4                _exit
 .text._read    0x08001e0a       0x3a ./Core/Src/syscalls.o
                0x08001e0a                _read
 .text._write   0x08001e44       0x38 ./Core/Src/syscalls.o
                0x08001e44                _write
 .text._close   0x08001e7c       0x18 ./Core/Src/syscalls.o
                0x08001e7c                _close
 .text._fstat   0x08001e94       0x20 ./Core/Src/syscalls.o
                0x08001e94                _fstat
 .text._isatty  0x08001eb4       0x16 ./Core/Src/syscalls.o
                0x08001eb4                _isatty
 .text._lseek   0x08001eca       0x1a ./Core/Src/syscalls.o
                0x08001eca                _lseek
 .text._sbrk    0x08001ee4       0x6c ./Core/Src/sysmem.o
                0x08001ee4                _sbrk
 .text.MX_TIM2_Init
                0x08001f50       0xec ./Core/Src/tim.o
                0x08001f50                MX_TIM2_Init
 .text.HAL_TIM_Base_MspInit
                0x0800203c       0x40 ./Core/Src/tim.o
                0x0800203c                HAL_TIM_Base_MspInit
 .text.HAL_TIM_MspPostInit
                0x0800207c       0x70 ./Core/Src/tim.o
                0x0800207c                HAL_TIM_MspPostInit
 .text.MX_USART3_UART_Init
                0x080020ec       0x98 ./Core/Src/usart.o
                0x080020ec                MX_USART3_UART_Init
 .text.HAL_UART_MspInit
                0x08002184       0xa4 ./Core/Src/usart.o
                0x08002184                HAL_UART_MspInit
 .text.Reset_Handler
                0x08002228       0x54 ./Core/Startup/startup_stm32h745zitx.o
                0x08002228                Reset_Handler
 .text.Default_Handler
                0x0800227c        0x2 ./Core/Startup/startup_stm32h745zitx.o
                0x0800227c                RTC_Alarm_IRQHandler
                0x0800227c                EXTI2_IRQHandler
                0x0800227c                TIM8_CC_IRQHandler
                0x0800227c                HRTIM1_Master_IRQHandler
                0x0800227c                UART8_IRQHandler
                0x0800227c                SPI4_IRQHandler
                0x0800227c                TIM1_CC_IRQHandler
                0x0800227c                BDMA_Channel6_IRQHandler
                0x0800227c                DMA2_Stream5_IRQHandler
                0x0800227c                HRTIM1_FLT_IRQHandler
                0x0800227c                JPEG_IRQHandler
                0x0800227c                DMA1_Stream5_IRQHandler
                0x0800227c                BDMA_Channel1_IRQHandler
                0x0800227c                HRTIM1_TIMD_IRQHandler
                0x0800227c                TAMP_STAMP_IRQHandler
                0x0800227c                EXTI3_IRQHandler
                0x0800227c                LPTIM4_IRQHandler
                0x0800227c                TIM8_TRG_COM_TIM14_IRQHandler
                0x0800227c                LPTIM2_IRQHandler
                0x0800227c                DFSDM1_FLT1_IRQHandler
                0x0800227c                DMAMUX2_OVR_IRQHandler
                0x0800227c                TIM8_UP_TIM13_IRQHandler
                0x0800227c                I2C3_ER_IRQHandler
                0x0800227c                DFSDM1_FLT2_IRQHandler
                0x0800227c                MDMA_IRQHandler
                0x0800227c                LPTIM3_IRQHandler
                0x0800227c                HSEM1_IRQHandler
                0x0800227c                EXTI0_IRQHandler
                0x0800227c                I2C2_EV_IRQHandler
                0x0800227c                DMA1_Stream2_IRQHandler
                0x0800227c                FPU_IRQHandler
                0x0800227c                OTG_HS_WKUP_IRQHandler
                0x0800227c                FDCAN1_IT1_IRQHandler
                0x0800227c                LTDC_ER_IRQHandler
                0x0800227c                DMA2_Stream2_IRQHandler
                0x0800227c                HRTIM1_TIME_IRQHandler
                0x0800227c                SPI1_IRQHandler
                0x0800227c                TIM6_DAC_IRQHandler
                0x0800227c                DCMI_IRQHandler
                0x0800227c                HRTIM1_TIMC_IRQHandler
                0x0800227c                DMA2_Stream3_IRQHandler
                0x0800227c                SAI2_IRQHandler
                0x0800227c                DFSDM1_FLT3_IRQHandler
                0x0800227c                USART6_IRQHandler
                0x0800227c                TIM17_IRQHandler
                0x0800227c                BDMA_Channel7_IRQHandler
                0x0800227c                LPTIM5_IRQHandler
                0x0800227c                UART5_IRQHandler
                0x0800227c                ADC3_IRQHandler
                0x0800227c                DMA2_Stream0_IRQHandler
                0x0800227c                TIM4_IRQHandler
                0x0800227c                BDMA_Channel2_IRQHandler
                0x0800227c                QUADSPI_IRQHandler
                0x0800227c                I2C1_EV_IRQHandler
                0x0800227c                DMA1_Stream6_IRQHandler
                0x0800227c                DMAMUX1_OVR_IRQHandler
                0x0800227c                DMA1_Stream1_IRQHandler
                0x0800227c                TIM16_IRQHandler
                0x0800227c                UART4_IRQHandler
                0x0800227c                BDMA_Channel5_IRQHandler
                0x0800227c                TIM3_IRQHandler
                0x0800227c                RCC_IRQHandler
                0x0800227c                TIM8_BRK_TIM12_IRQHandler
                0x0800227c                TIM1_TRG_COM_IRQHandler
                0x0800227c                Default_Handler
                0x0800227c                ECC_IRQHandler
                0x0800227c                CEC_IRQHandler
                0x0800227c                BDMA_Channel0_IRQHandler
                0x0800227c                ADC_IRQHandler
                0x0800227c                DMA1_Stream7_IRQHandler
                0x0800227c                HRTIM1_TIMA_IRQHandler
                0x0800227c                SPI5_IRQHandler
                0x0800227c                TIM7_IRQHandler
                0x0800227c                SDMMC1_IRQHandler
                0x0800227c                TIM5_IRQHandler
                0x0800227c                DMA2_Stream7_IRQHandler
                0x0800227c                TIM15_IRQHandler
                0x0800227c                PVD_AVD_IRQHandler
                0x0800227c                I2C3_EV_IRQHandler
                0x0800227c                EXTI9_5_IRQHandler
                0x0800227c                RTC_WKUP_IRQHandler
                0x0800227c                LTDC_IRQHandler
                0x0800227c                SAI3_IRQHandler
                0x0800227c                ETH_WKUP_IRQHandler
                0x0800227c                SPDIF_RX_IRQHandler
                0x0800227c                SPI2_IRQHandler
                0x0800227c                OTG_HS_EP1_IN_IRQHandler
                0x0800227c                DMA1_Stream0_IRQHandler
                0x0800227c                CRS_IRQHandler
                0x0800227c                CM7_SEV_IRQHandler
                0x0800227c                EXTI4_IRQHandler
                0x0800227c                RNG_IRQHandler
                0x0800227c                CM4_SEV_IRQHandler
                0x0800227c                HRTIM1_TIMB_IRQHandler
                0x0800227c                FDCAN2_IT1_IRQHandler
                0x0800227c                ETH_IRQHandler
                0x0800227c                TIM1_UP_IRQHandler
                0x0800227c                WWDG_RST_IRQHandler
                0x0800227c                BDMA_Channel4_IRQHandler
                0x0800227c                OTG_HS_EP1_OUT_IRQHandler
                0x0800227c                WWDG_IRQHandler
                0x0800227c                SPI6_IRQHandler
                0x0800227c                MDIOS_IRQHandler
                0x0800227c                I2C4_EV_IRQHandler
                0x0800227c                FDCAN2_IT0_IRQHandler
                0x0800227c                LPUART1_IRQHandler
                0x0800227c                FDCAN1_IT0_IRQHandler
                0x0800227c                TIM2_IRQHandler
                0x0800227c                OTG_FS_WKUP_IRQHandler
                0x0800227c                OTG_HS_IRQHandler
                0x0800227c                HSEM2_IRQHandler
                0x0800227c                DMA2D_IRQHandler
                0x0800227c                TIM1_BRK_IRQHandler
                0x0800227c                EXTI1_IRQHandler
                0x0800227c                SDMMC2_IRQHandler
                0x0800227c                OTG_FS_EP1_OUT_IRQHandler
                0x0800227c                BDMA_Channel3_IRQHandler
                0x0800227c                HOLD_CORE_IRQHandler
                0x0800227c                UART7_IRQHandler
                0x0800227c                MDIOS_WKUP_IRQHandler
                0x0800227c                USART2_IRQHandler
                0x0800227c                DFSDM1_FLT0_IRQHandler
                0x0800227c                SAI4_IRQHandler
                0x0800227c                I2C2_ER_IRQHandler
                0x0800227c                DMA2_Stream1_IRQHandler
                0x0800227c                FLASH_IRQHandler
                0x0800227c                DMA2_Stream4_IRQHandler
                0x0800227c                USART1_IRQHandler
                0x0800227c                OTG_FS_IRQHandler
                0x0800227c                SPI3_IRQHandler
                0x0800227c                WAKEUP_PIN_IRQHandler
                0x0800227c                DMA1_Stream4_IRQHandler
                0x0800227c                OTG_FS_EP1_IN_IRQHandler
                0x0800227c                I2C1_ER_IRQHandler
                0x0800227c                FMC_IRQHandler
                0x0800227c                FDCAN_CAL_IRQHandler
                0x0800227c                SWPMI1_IRQHandler
                0x0800227c                COMP1_IRQHandler
                0x0800227c                LPTIM1_IRQHandler
                0x0800227c                I2C4_ER_IRQHandler
                0x0800227c                DMA2_Stream6_IRQHandler
                0x0800227c                SAI1_IRQHandler
                0x0800227c                DMA1_Stream3_IRQHandler
 *fill*         0x0800227e        0x2 
 .text.BSP_LED_Init
                0x08002280       0xec ./Drivers/BSP/STM32H7xx_Nucleo/stm32h7xx_nucleo.o
                0x08002280                BSP_LED_Init
 .text.BSP_PB_Init
                0x0800236c       0xe4 ./Drivers/BSP/STM32H7xx_Nucleo/stm32h7xx_nucleo.o
                0x0800236c                BSP_PB_Init
 .text.BSP_PB_IRQHandler
                0x08002450       0x24 ./Drivers/BSP/STM32H7xx_Nucleo/stm32h7xx_nucleo.o
                0x08002450                BSP_PB_IRQHandler
 .text.BSP_PB_Callback
                0x08002474       0x16 ./Drivers/BSP/STM32H7xx_Nucleo/stm32h7xx_nucleo.o
                0x08002474                BSP_PB_Callback
 *fill*         0x0800248a        0x2 
 .text.BSP_COM_Init
                0x0800248c       0x60 ./Drivers/BSP/STM32H7xx_Nucleo/stm32h7xx_nucleo.o
                0x0800248c                BSP_COM_Init
 .text.MX_USART3_Init
                0x080024ec       0x64 ./Drivers/BSP/STM32H7xx_Nucleo/stm32h7xx_nucleo.o
                0x080024ec                MX_USART3_Init
 .text.__io_putchar
                0x08002550       0x38 ./Drivers/BSP/STM32H7xx_Nucleo/stm32h7xx_nucleo.o
                0x08002550                __io_putchar
 .text.BUTTON_USER_EXTI_Callback
                0x08002588        0xe ./Drivers/BSP/STM32H7xx_Nucleo/stm32h7xx_nucleo.o
 *fill*         0x08002596        0x2 
 .text.COM1_MspInit
                0x08002598       0xb0 ./Drivers/BSP/STM32H7xx_Nucleo/stm32h7xx_nucleo.o
 .text.HAL_Init
                0x08002648       0x78 ./Drivers/STM32H7xx_HAL_Driver/stm32h7xx_hal.o
                0x08002648                HAL_Init
 .text.HAL_InitTick
                0x080026c0       0x6c ./Drivers/STM32H7xx_HAL_Driver/stm32h7xx_hal.o
                0x080026c0                HAL_InitTick
 .text.HAL_IncTick
                0x0800272c       0x28 ./Drivers/STM32H7xx_HAL_Driver/stm32h7xx_hal.o
                0x0800272c                HAL_IncTick
 .text.HAL_GetTick
                0x08002754       0x18 ./Drivers/STM32H7xx_HAL_Driver/stm32h7xx_hal.o
                0x08002754                HAL_GetTick
 .text.HAL_GetREVID
                0x0800276c       0x18 ./Drivers/STM32H7xx_HAL_Driver/stm32h7xx_hal.o
                0x0800276c                HAL_GetREVID
 .text.LL_ADC_SetCommonClock
                0x08002784       0x26 ./Drivers/STM32H7xx_HAL_Driver/stm32h7xx_hal_adc.o
 .text.LL_ADC_SetCommonPathInternalCh
                0x080027aa       0x26 ./Drivers/STM32H7xx_HAL_Driver/stm32h7xx_hal_adc.o
 .text.LL_ADC_GetCommonPathInternalCh
                0x080027d0       0x1c ./Drivers/STM32H7xx_HAL_Driver/stm32h7xx_hal_adc.o
 .text.LL_ADC_SetChannelPreselection
                0x080027ec       0x66 ./Drivers/STM32H7xx_HAL_Driver/stm32h7xx_hal_adc.o
 .text.LL_ADC_SetOffset
                0x08002852       0x40 ./Drivers/STM32H7xx_HAL_Driver/stm32h7xx_hal_adc.o
 .text.LL_ADC_SetDataRightShift
                0x08002892       0x32 ./Drivers/STM32H7xx_HAL_Driver/stm32h7xx_hal_adc.o
 .text.LL_ADC_SetOffsetSignedSaturation
                0x080028c4       0x36 ./Drivers/STM32H7xx_HAL_Driver/stm32h7xx_hal_adc.o
 .text.LL_ADC_REG_SetSequencerRanks
                0x080028fa       0x58 ./Drivers/STM32H7xx_HAL_Driver/stm32h7xx_hal_adc.o
 .text.LL_ADC_SetChannelSamplingTime
                0x08002952       0x56 ./Drivers/STM32H7xx_HAL_Driver/stm32h7xx_hal_adc.o
 .text.LL_ADC_SetChannelSingleDiff
                0x080029a8       0x48 ./Drivers/STM32H7xx_HAL_Driver/stm32h7xx_hal_adc.o
 .text.LL_ADC_DisableDeepPowerDown
                0x080029f0       0x24 ./Drivers/STM32H7xx_HAL_Driver/stm32h7xx_hal_adc.o
 .text.LL_ADC_IsDeepPowerDownEnabled
                0x08002a14       0x28 ./Drivers/STM32H7xx_HAL_Driver/stm32h7xx_hal_adc.o
 .text.LL_ADC_EnableInternalRegulator
                0x08002a3c       0x28 ./Drivers/STM32H7xx_HAL_Driver/stm32h7xx_hal_adc.o
 .text.LL_ADC_IsInternalRegulatorEnabled
                0x08002a64       0x28 ./Drivers/STM32H7xx_HAL_Driver/stm32h7xx_hal_adc.o
 .text.LL_ADC_IsEnabled
                0x08002a8c       0x26 ./Drivers/STM32H7xx_HAL_Driver/stm32h7xx_hal_adc.o
 .text.LL_ADC_REG_IsConversionOngoing
                0x08002ab2       0x26 ./Drivers/STM32H7xx_HAL_Driver/stm32h7xx_hal_adc.o
 .text.LL_ADC_INJ_IsConversionOngoing
                0x08002ad8       0x26 ./Drivers/STM32H7xx_HAL_Driver/stm32h7xx_hal_adc.o
 *fill*         0x08002afe        0x2 
 .text.HAL_ADC_Init
                0x08002b00      0x344 ./Drivers/STM32H7xx_HAL_Driver/stm32h7xx_hal_adc.o
                0x08002b00                HAL_ADC_Init
 .text.HAL_ADC_ConfigChannel
                0x08002e44      0x5e0 ./Drivers/STM32H7xx_HAL_Driver/stm32h7xx_hal_adc.o
                0x08002e44                HAL_ADC_ConfigChannel
 .text.ADC_ConfigureBoostMode
                0x08003424      0x218 ./Drivers/STM32H7xx_HAL_Driver/stm32h7xx_hal_adc.o
                0x08003424                ADC_ConfigureBoostMode
 .text.LL_ADC_IsEnabled
                0x0800363c       0x26 ./Drivers/STM32H7xx_HAL_Driver/stm32h7xx_hal_adc_ex.o
 .text.LL_ADC_REG_IsConversionOngoing
                0x08003662       0x26 ./Drivers/STM32H7xx_HAL_Driver/stm32h7xx_hal_adc_ex.o
 .text.HAL_ADCEx_MultiModeConfigChannel
                0x08003688      0x1bc ./Drivers/STM32H7xx_HAL_Driver/stm32h7xx_hal_adc_ex.o
                0x08003688                HAL_ADCEx_MultiModeConfigChannel
 .text.__NVIC_SetPriorityGrouping
                0x08003844       0x48 ./Drivers/STM32H7xx_HAL_Driver/stm32h7xx_hal_cortex.o
 .text.__NVIC_GetPriorityGrouping
                0x0800388c       0x1c ./Drivers/STM32H7xx_HAL_Driver/stm32h7xx_hal_cortex.o
 .text.__NVIC_EnableIRQ
                0x080038a8       0x3c ./Drivers/STM32H7xx_HAL_Driver/stm32h7xx_hal_cortex.o
 .text.__NVIC_SetPriority
                0x080038e4       0x54 ./Drivers/STM32H7xx_HAL_Driver/stm32h7xx_hal_cortex.o
 .text.NVIC_EncodePriority
                0x08003938       0x66 ./Drivers/STM32H7xx_HAL_Driver/stm32h7xx_hal_cortex.o
 *fill*         0x0800399e        0x2 
 .text.SysTick_Config
                0x080039a0       0x44 ./Drivers/STM32H7xx_HAL_Driver/stm32h7xx_hal_cortex.o
 .text.HAL_NVIC_SetPriorityGrouping
                0x080039e4       0x16 ./Drivers/STM32H7xx_HAL_Driver/stm32h7xx_hal_cortex.o
                0x080039e4                HAL_NVIC_SetPriorityGrouping
 .text.HAL_NVIC_SetPriority
                0x080039fa       0x34 ./Drivers/STM32H7xx_HAL_Driver/stm32h7xx_hal_cortex.o
                0x080039fa                HAL_NVIC_SetPriority
 .text.HAL_NVIC_EnableIRQ
                0x08003a2e       0x1c ./Drivers/STM32H7xx_HAL_Driver/stm32h7xx_hal_cortex.o
                0x08003a2e                HAL_NVIC_EnableIRQ
 .text.HAL_SYSTICK_Config
                0x08003a4a       0x18 ./Drivers/STM32H7xx_HAL_Driver/stm32h7xx_hal_cortex.o
                0x08003a4a                HAL_SYSTICK_Config
 *fill*         0x08003a62        0x2 
 .text.HAL_MPU_Disable
                0x08003a64       0x30 ./Drivers/STM32H7xx_HAL_Driver/stm32h7xx_hal_cortex.o
                0x08003a64                HAL_MPU_Disable
 .text.HAL_MPU_Enable
                0x08003a94       0x40 ./Drivers/STM32H7xx_HAL_Driver/stm32h7xx_hal_cortex.o
                0x08003a94                HAL_MPU_Enable
 .text.HAL_MPU_ConfigRegion
                0x08003ad4       0x80 ./Drivers/STM32H7xx_HAL_Driver/stm32h7xx_hal_cortex.o
                0x08003ad4                HAL_MPU_ConfigRegion
 .text.HAL_GetCurrentCPUID
                0x08003b54       0x24 ./Drivers/STM32H7xx_HAL_Driver/stm32h7xx_hal_cortex.o
                0x08003b54                HAL_GetCurrentCPUID
 .text.HAL_DMA_Abort
                0x08003b78      0x63c ./Drivers/STM32H7xx_HAL_Driver/stm32h7xx_hal_dma.o
                0x08003b78                HAL_DMA_Abort
 .text.HAL_DMA_Abort_IT
                0x080041b4      0x48c ./Drivers/STM32H7xx_HAL_Driver/stm32h7xx_hal_dma.o
                0x080041b4                HAL_DMA_Abort_IT
 .text.HAL_EXTI_RegisterCallback
                0x08004640       0x3e ./Drivers/STM32H7xx_HAL_Driver/stm32h7xx_hal_exti.o
                0x08004640                HAL_EXTI_RegisterCallback
 .text.HAL_EXTI_GetHandle
                0x0800467e       0x28 ./Drivers/STM32H7xx_HAL_Driver/stm32h7xx_hal_exti.o
                0x0800467e                HAL_EXTI_GetHandle
 *fill*         0x080046a6        0x2 
 .text.HAL_EXTI_IRQHandler
                0x080046a8       0x78 ./Drivers/STM32H7xx_HAL_Driver/stm32h7xx_hal_exti.o
                0x080046a8                HAL_EXTI_IRQHandler
 .text.HAL_GPIO_Init
                0x08004720      0x360 ./Drivers/STM32H7xx_HAL_Driver/stm32h7xx_hal_gpio.o
                0x08004720                HAL_GPIO_Init
 .text.HAL_GPIO_WritePin
                0x08004a80       0x32 ./Drivers/STM32H7xx_HAL_Driver/stm32h7xx_hal_gpio.o
                0x08004a80                HAL_GPIO_WritePin
 .text.HAL_GPIO_TogglePin
                0x08004ab2       0x34 ./Drivers/STM32H7xx_HAL_Driver/stm32h7xx_hal_gpio.o
                0x08004ab2                HAL_GPIO_TogglePin
 *fill*         0x08004ae6        0x2 
 .text.HAL_PWREx_ConfigSupply
                0x08004ae8       0xb4 ./Drivers/STM32H7xx_HAL_Driver/stm32h7xx_hal_pwr_ex.o
                0x08004ae8                HAL_PWREx_ConfigSupply
 .text.HAL_RCC_OscConfig
                0x08004b9c      0x8b4 ./Drivers/STM32H7xx_HAL_Driver/stm32h7xx_hal_rcc.o
                0x08004b9c                HAL_RCC_OscConfig
 .text.HAL_RCC_ClockConfig
                0x08005450      0x36c ./Drivers/STM32H7xx_HAL_Driver/stm32h7xx_hal_rcc.o
                0x08005450                HAL_RCC_ClockConfig
 .text.HAL_RCC_GetSysClockFreq
                0x080057bc      0x2f4 ./Drivers/STM32H7xx_HAL_Driver/stm32h7xx_hal_rcc.o
                0x080057bc                HAL_RCC_GetSysClockFreq
 .text.HAL_RCC_GetHCLKFreq
                0x08005ab0       0x60 ./Drivers/STM32H7xx_HAL_Driver/stm32h7xx_hal_rcc.o
                0x08005ab0                HAL_RCC_GetHCLKFreq
 .text.HAL_RCC_GetPCLK1Freq
                0x08005b10       0x2c ./Drivers/STM32H7xx_HAL_Driver/stm32h7xx_hal_rcc.o
                0x08005b10                HAL_RCC_GetPCLK1Freq
 .text.HAL_RCC_GetPCLK2Freq
                0x08005b3c       0x2c ./Drivers/STM32H7xx_HAL_Driver/stm32h7xx_hal_rcc.o
                0x08005b3c                HAL_RCC_GetPCLK2Freq
 .text.HAL_RCCEx_PeriphCLKConfig
                0x08005b68     0x1414 ./Drivers/STM32H7xx_HAL_Driver/stm32h7xx_hal_rcc_ex.o
                0x08005b68                HAL_RCCEx_PeriphCLKConfig
 .text.HAL_RCCEx_GetPeriphCLKFreq
                0x08006f7c      0xb00 ./Drivers/STM32H7xx_HAL_Driver/stm32h7xx_hal_rcc_ex.o
                0x08006f7c                HAL_RCCEx_GetPeriphCLKFreq
 .text.HAL_RCCEx_GetD3PCLK1Freq
                0x08007a7c       0x2c ./Drivers/STM32H7xx_HAL_Driver/stm32h7xx_hal_rcc_ex.o
                0x08007a7c                HAL_RCCEx_GetD3PCLK1Freq
 .text.HAL_RCCEx_GetPLL2ClockFreq
                0x08007aa8      0x2a8 ./Drivers/STM32H7xx_HAL_Driver/stm32h7xx_hal_rcc_ex.o
                0x08007aa8                HAL_RCCEx_GetPLL2ClockFreq
 .text.HAL_RCCEx_GetPLL3ClockFreq
                0x08007d50      0x2a8 ./Drivers/STM32H7xx_HAL_Driver/stm32h7xx_hal_rcc_ex.o
                0x08007d50                HAL_RCCEx_GetPLL3ClockFreq
 .text.HAL_RCCEx_GetPLL1ClockFreq
                0x08007ff8      0x2a4 ./Drivers/STM32H7xx_HAL_Driver/stm32h7xx_hal_rcc_ex.o
                0x08007ff8                HAL_RCCEx_GetPLL1ClockFreq
 .text.RCCEx_PLL2_Config
                0x0800829c      0x164 ./Drivers/STM32H7xx_HAL_Driver/stm32h7xx_hal_rcc_ex.o
 .text.RCCEx_PLL3_Config
                0x08008400      0x164 ./Drivers/STM32H7xx_HAL_Driver/stm32h7xx_hal_rcc_ex.o
 .text.HAL_TIM_Base_Init
                0x08008564       0xae ./Drivers/STM32H7xx_HAL_Driver/stm32h7xx_hal_tim.o
                0x08008564                HAL_TIM_Base_Init
 .text.HAL_TIM_PWM_Init
                0x08008612       0xae ./Drivers/STM32H7xx_HAL_Driver/stm32h7xx_hal_tim.o
                0x08008612                HAL_TIM_PWM_Init
 .text.HAL_TIM_PWM_MspInit
                0x080086c0       0x14 ./Drivers/STM32H7xx_HAL_Driver/stm32h7xx_hal_tim.o
                0x080086c0                HAL_TIM_PWM_MspInit
 .text.HAL_TIM_PWM_ConfigChannel
                0x080086d4      0x228 ./Drivers/STM32H7xx_HAL_Driver/stm32h7xx_hal_tim.o
                0x080086d4                HAL_TIM_PWM_ConfigChannel
 .text.HAL_TIM_ConfigClockSource
                0x080088fc      0x1f0 ./Drivers/STM32H7xx_HAL_Driver/stm32h7xx_hal_tim.o
                0x080088fc                HAL_TIM_ConfigClockSource
 .text.TIM_Base_SetConfig
                0x08008aec      0x140 ./Drivers/STM32H7xx_HAL_Driver/stm32h7xx_hal_tim.o
                0x08008aec                TIM_Base_SetConfig
 .text.TIM_OC1_SetConfig
                0x08008c2c      0x120 ./Drivers/STM32H7xx_HAL_Driver/stm32h7xx_hal_tim.o
 .text.TIM_OC2_SetConfig
                0x08008d4c      0x114 ./Drivers/STM32H7xx_HAL_Driver/stm32h7xx_hal_tim.o
                0x08008d4c                TIM_OC2_SetConfig
 .text.TIM_OC3_SetConfig
                0x08008e60      0x110 ./Drivers/STM32H7xx_HAL_Driver/stm32h7xx_hal_tim.o
 .text.TIM_OC4_SetConfig
                0x08008f70       0xd4 ./Drivers/STM32H7xx_HAL_Driver/stm32h7xx_hal_tim.o
 .text.TIM_OC5_SetConfig
                0x08009044       0xc8 ./Drivers/STM32H7xx_HAL_Driver/stm32h7xx_hal_tim.o
 .text.TIM_OC6_SetConfig
                0x0800910c       0xcc ./Drivers/STM32H7xx_HAL_Driver/stm32h7xx_hal_tim.o
 .text.TIM_TI1_ConfigInputStage
                0x080091d8       0x5e ./Drivers/STM32H7xx_HAL_Driver/stm32h7xx_hal_tim.o
 .text.TIM_TI2_ConfigInputStage
                0x08009236       0x60 ./Drivers/STM32H7xx_HAL_Driver/stm32h7xx_hal_tim.o
 *fill*         0x08009296        0x2 
 .text.TIM_ITRx_SetConfig
                0x08009298       0x3c ./Drivers/STM32H7xx_HAL_Driver/stm32h7xx_hal_tim.o
 .text.TIM_ETR_SetConfig
                0x080092d4       0x40 ./Drivers/STM32H7xx_HAL_Driver/stm32h7xx_hal_tim.o
                0x080092d4                TIM_ETR_SetConfig
 .text.HAL_TIMEx_MasterConfigSynchronization
                0x08009314      0x11c ./Drivers/STM32H7xx_HAL_Driver/stm32h7xx_hal_tim_ex.o
                0x08009314                HAL_TIMEx_MasterConfigSynchronization
 .text.HAL_UART_Init
                0x08009430       0xa0 ./Drivers/STM32H7xx_HAL_Driver/stm32h7xx_hal_uart.o
                0x08009430                HAL_UART_Init
 .text.HAL_UART_Transmit
                0x080094d0      0x11c ./Drivers/STM32H7xx_HAL_Driver/stm32h7xx_hal_uart.o
                0x080094d0                HAL_UART_Transmit
 .text.HAL_UART_Receive_IT
                0x080095ec       0x98 ./Drivers/STM32H7xx_HAL_Driver/stm32h7xx_hal_uart.o
                0x080095ec                HAL_UART_Receive_IT
 .text.HAL_UART_IRQHandler
                0x08009684      0x7ac ./Drivers/STM32H7xx_HAL_Driver/stm32h7xx_hal_uart.o
                0x08009684                HAL_UART_IRQHandler
 .text.HAL_UART_TxCpltCallback
                0x08009e30       0x14 ./Drivers/STM32H7xx_HAL_Driver/stm32h7xx_hal_uart.o
                0x08009e30                HAL_UART_TxCpltCallback
 .text.HAL_UART_ErrorCallback
                0x08009e44       0x14 ./Drivers/STM32H7xx_HAL_Driver/stm32h7xx_hal_uart.o
                0x08009e44                HAL_UART_ErrorCallback
 .text.HAL_UARTEx_RxEventCallback
                0x08009e58       0x18 ./Drivers/STM32H7xx_HAL_Driver/stm32h7xx_hal_uart.o
                0x08009e58                HAL_UARTEx_RxEventCallback
 .text.UART_SetConfig
                0x08009e70      0xad0 ./Drivers/STM32H7xx_HAL_Driver/stm32h7xx_hal_uart.o
                0x08009e70                UART_SetConfig
 .text.UART_AdvFeatureConfig
                0x0800a940      0x144 ./Drivers/STM32H7xx_HAL_Driver/stm32h7xx_hal_uart.o
                0x0800a940                UART_AdvFeatureConfig
 .text.UART_CheckIdleState
                0x0800aa84      0x154 ./Drivers/STM32H7xx_HAL_Driver/stm32h7xx_hal_uart.o
                0x0800aa84                UART_CheckIdleState
 .text.UART_WaitOnFlagUntilTimeout
                0x0800abd8       0xda ./Drivers/STM32H7xx_HAL_Driver/stm32h7xx_hal_uart.o
                0x0800abd8                UART_WaitOnFlagUntilTimeout
 *fill*         0x0800acb2        0x2 
 .text.UART_Start_Receive_IT
                0x0800acb4      0x244 ./Drivers/STM32H7xx_HAL_Driver/stm32h7xx_hal_uart.o
                0x0800acb4                UART_Start_Receive_IT
 .text.UART_EndRxTransfer
                0x0800aef8       0xcc ./Drivers/STM32H7xx_HAL_Driver/stm32h7xx_hal_uart.o
 .text.UART_DMAAbortOnError
                0x0800afc4       0x24 ./Drivers/STM32H7xx_HAL_Driver/stm32h7xx_hal_uart.o
 .text.UART_EndTransmit_IT
                0x0800afe8       0x56 ./Drivers/STM32H7xx_HAL_Driver/stm32h7xx_hal_uart.o
 *fill*         0x0800b03e        0x2 
 .text.UART_RxISR_8BIT
                0x0800b040      0x1b8 ./Drivers/STM32H7xx_HAL_Driver/stm32h7xx_hal_uart.o
 .text.UART_RxISR_16BIT
                0x0800b1f8      0x1b8 ./Drivers/STM32H7xx_HAL_Driver/stm32h7xx_hal_uart.o
 .text.UART_RxISR_8BIT_FIFOEN
                0x0800b3b0      0x364 ./Drivers/STM32H7xx_HAL_Driver/stm32h7xx_hal_uart.o
 .text.UART_RxISR_16BIT_FIFOEN
                0x0800b714      0x36c ./Drivers/STM32H7xx_HAL_Driver/stm32h7xx_hal_uart.o
 .text.HAL_UARTEx_WakeupCallback
                0x0800ba80       0x14 ./Drivers/STM32H7xx_HAL_Driver/stm32h7xx_hal_uart_ex.o
                0x0800ba80                HAL_UARTEx_WakeupCallback
 .text.HAL_UARTEx_RxFifoFullCallback
                0x0800ba94       0x14 ./Drivers/STM32H7xx_HAL_Driver/stm32h7xx_hal_uart_ex.o
                0x0800ba94                HAL_UARTEx_RxFifoFullCallback
 .text.HAL_UARTEx_TxFifoEmptyCallback
                0x0800baa8       0x14 ./Drivers/STM32H7xx_HAL_Driver/stm32h7xx_hal_uart_ex.o
                0x0800baa8                HAL_UARTEx_TxFifoEmptyCallback
 .text.HAL_UARTEx_DisableFifoMode
                0x0800babc       0x72 ./Drivers/STM32H7xx_HAL_Driver/stm32h7xx_hal_uart_ex.o
                0x0800babc                HAL_UARTEx_DisableFifoMode
 .text.HAL_UARTEx_SetTxFifoThreshold
                0x0800bb2e       0x7c ./Drivers/STM32H7xx_HAL_Driver/stm32h7xx_hal_uart_ex.o
                0x0800bb2e                HAL_UARTEx_SetTxFifoThreshold
 .text.HAL_UARTEx_SetRxFifoThreshold
                0x0800bbaa       0x7c ./Drivers/STM32H7xx_HAL_Driver/stm32h7xx_hal_uart_ex.o
                0x0800bbaa                HAL_UARTEx_SetRxFifoThreshold
 *fill*         0x0800bc26        0x2 
 .text.UARTEx_SetNbDataToProcess
                0x0800bc28       0x9c ./Drivers/STM32H7xx_HAL_Driver/stm32h7xx_hal_uart_ex.o
 .text.__NVIC_SetPriority
                0x0800bcc4       0x54 ./Middlewares/Third_Party/FreeRTOS/cmsis_os2.o
 .text.SVC_Setup
                0x0800bd18       0x12 ./Middlewares/Third_Party/FreeRTOS/cmsis_os2.o
 *fill*         0x0800bd2a        0x2 
 .text.osKernelInitialize
                0x0800bd2c       0x48 ./Middlewares/Third_Party/FreeRTOS/cmsis_os2.o
                0x0800bd2c                osKernelInitialize
 .text.osKernelStart
                0x0800bd74       0x4c ./Middlewares/Third_Party/FreeRTOS/cmsis_os2.o
                0x0800bd74                osKernelStart
 .text.osKernelGetTickCount
                0x0800bdc0       0x2a ./Middlewares/Third_Party/FreeRTOS/cmsis_os2.o
                0x0800bdc0                osKernelGetTickCount
 .text.osThreadNew
                0x0800bdea      0x124 ./Middlewares/Third_Party/FreeRTOS/cmsis_os2.o
                0x0800bdea                osThreadNew
 .text.osDelay  0x0800bf0e       0x36 ./Middlewares/Third_Party/FreeRTOS/cmsis_os2.o
                0x0800bf0e                osDelay
 .text.osDelayUntil
                0x0800bf44       0x5a ./Middlewares/Third_Party/FreeRTOS/cmsis_os2.o
                0x0800bf44                osDelayUntil
 .text.osMutexNew
                0x0800bf9e      0x10c ./Middlewares/Third_Party/FreeRTOS/cmsis_os2.o
                0x0800bf9e                osMutexNew
 .text.osMutexAcquire
                0x0800c0aa       0x96 ./Middlewares/Third_Party/FreeRTOS/cmsis_os2.o
                0x0800c0aa                osMutexAcquire
 .text.osMutexRelease
                0x0800c140       0x7a ./Middlewares/Third_Party/FreeRTOS/cmsis_os2.o
                0x0800c140                osMutexRelease
 *fill*         0x0800c1ba        0x2 
 .text.vApplicationGetIdleTaskMemory
                0x0800c1bc       0x34 ./Middlewares/Third_Party/FreeRTOS/cmsis_os2.o
                0x0800c1bc                vApplicationGetIdleTaskMemory
 .text.vApplicationGetTimerTaskMemory
                0x0800c1f0       0x34 ./Middlewares/Third_Party/FreeRTOS/cmsis_os2.o
                0x0800c1f0                vApplicationGetTimerTaskMemory
 .text.pvPortMalloc
                0x0800c224      0x19c ./Middlewares/Third_Party/FreeRTOS/heap_4.o
                0x0800c224                pvPortMalloc
 .text.vPortFree
                0x0800c3c0       0xc8 ./Middlewares/Third_Party/FreeRTOS/heap_4.o
                0x0800c3c0                vPortFree
 .text.xPortGetFreeHeapSize
                0x0800c488       0x18 ./Middlewares/Third_Party/FreeRTOS/heap_4.o
                0x0800c488                xPortGetFreeHeapSize
 .text.xPortGetMinimumEverFreeHeapSize
                0x0800c4a0       0x18 ./Middlewares/Third_Party/FreeRTOS/heap_4.o
                0x0800c4a0                xPortGetMinimumEverFreeHeapSize
 .text.prvHeapInit
                0x0800c4b8       0xc4 ./Middlewares/Third_Party/FreeRTOS/heap_4.o
 .text.prvInsertBlockIntoFreeList
                0x0800c57c       0xb4 ./Middlewares/Third_Party/FreeRTOS/heap_4.o
 .text.vListInitialise
                0x0800c630       0x40 ./Middlewares/Third_Party/FreeRTOS/list.o
                0x0800c630                vListInitialise
 .text.vListInitialiseItem
                0x0800c670       0x1a ./Middlewares/Third_Party/FreeRTOS/list.o
                0x0800c670                vListInitialiseItem
 .text.vListInsertEnd
                0x0800c68a       0x48 ./Middlewares/Third_Party/FreeRTOS/list.o
                0x0800c68a                vListInsertEnd
 .text.vListInsert
                0x0800c6d2       0x72 ./Middlewares/Third_Party/FreeRTOS/list.o
                0x0800c6d2                vListInsert
 .text.uxListRemove
                0x0800c744       0x54 ./Middlewares/Third_Party/FreeRTOS/list.o
                0x0800c744                uxListRemove
 .text.pxPortInitialiseStack
                0x0800c798       0x68 ./Middlewares/Third_Party/FreeRTOS/port.o
                0x0800c798                pxPortInitialiseStack
 .text.prvTaskExitError
                0x0800c800       0x5c ./Middlewares/Third_Party/FreeRTOS/port.o
 *fill*         0x0800c85c        0x4 
 .text.SVC_Handler
                0x0800c860       0x28 ./Middlewares/Third_Party/FreeRTOS/port.o
                0x0800c860                SVC_Handler
 .text.prvPortStartFirstTask
                0x0800c888       0x28 ./Middlewares/Third_Party/FreeRTOS/port.o
 .text.xPortStartScheduler
                0x0800c8b0      0x148 ./Middlewares/Third_Party/FreeRTOS/port.o
                0x0800c8b0                xPortStartScheduler
 .text.vPortEnterCritical
                0x0800c9f8       0x64 ./Middlewares/Third_Party/FreeRTOS/port.o
                0x0800c9f8                vPortEnterCritical
 .text.vPortExitCritical
                0x0800ca5c       0x54 ./Middlewares/Third_Party/FreeRTOS/port.o
                0x0800ca5c                vPortExitCritical
 .text.PendSV_Handler
                0x0800cab0       0x68 ./Middlewares/Third_Party/FreeRTOS/port.o
                0x0800cab0                PendSV_Handler
 .text.xPortSysTickHandler
                0x0800cb18       0x44 ./Middlewares/Third_Party/FreeRTOS/port.o
                0x0800cb18                xPortSysTickHandler
 .text.vPortSetupTimerInterrupt
                0x0800cb5c       0x48 ./Middlewares/Third_Party/FreeRTOS/port.o
                0x0800cb5c                vPortSetupTimerInterrupt
 .text.vPortEnableVFP
                0x0800cba4       0x14 ./Middlewares/Third_Party/FreeRTOS/port.o
 .text.vPortValidateInterruptPriority
                0x0800cbb8       0x84 ./Middlewares/Third_Party/FreeRTOS/port.o
                0x0800cbb8                vPortValidateInterruptPriority
 .text.xQueueGenericReset
                0x0800cc3c       0xd4 ./Middlewares/Third_Party/FreeRTOS/queue.o
                0x0800cc3c                xQueueGenericReset
 .text.xQueueGenericCreateStatic
                0x0800cd10       0xfa ./Middlewares/Third_Party/FreeRTOS/queue.o
                0x0800cd10                xQueueGenericCreateStatic
 .text.xQueueGenericCreate
                0x0800ce0a       0x76 ./Middlewares/Third_Party/FreeRTOS/queue.o
                0x0800ce0a                xQueueGenericCreate
 .text.prvInitialiseNewQueue
                0x0800ce80       0x46 ./Middlewares/Third_Party/FreeRTOS/queue.o
 .text.prvInitialiseMutex
                0x0800cec6       0x34 ./Middlewares/Third_Party/FreeRTOS/queue.o
 .text.xQueueCreateMutex
                0x0800cefa       0x30 ./Middlewares/Third_Party/FreeRTOS/queue.o
                0x0800cefa                xQueueCreateMutex
 .text.xQueueCreateMutexStatic
                0x0800cf2a       0x36 ./Middlewares/Third_Party/FreeRTOS/queue.o
                0x0800cf2a                xQueueCreateMutexStatic
 .text.xQueueGiveMutexRecursive
                0x0800cf60       0x6a ./Middlewares/Third_Party/FreeRTOS/queue.o
                0x0800cf60                xQueueGiveMutexRecursive
 .text.xQueueTakeMutexRecursive
                0x0800cfca       0x6e ./Middlewares/Third_Party/FreeRTOS/queue.o
                0x0800cfca                xQueueTakeMutexRecursive
 .text.xQueueGenericSend
                0x0800d038      0x204 ./Middlewares/Third_Party/FreeRTOS/queue.o
                0x0800d038                xQueueGenericSend
 .text.xQueueGenericSendFromISR
                0x0800d23c      0x13c ./Middlewares/Third_Party/FreeRTOS/queue.o
                0x0800d23c                xQueueGenericSendFromISR
 .text.xQueueReceive
                0x0800d378      0x1c4 ./Middlewares/Third_Party/FreeRTOS/queue.o
                0x0800d378                xQueueReceive
 .text.xQueueSemaphoreTake
                0x0800d53c      0x220 ./Middlewares/Third_Party/FreeRTOS/queue.o
                0x0800d53c                xQueueSemaphoreTake
 .text.prvGetDisinheritPriorityAfterTimeout
                0x0800d75c       0x30 ./Middlewares/Third_Party/FreeRTOS/queue.o
 .text.prvCopyDataToQueue
                0x0800d78c       0xd4 ./Middlewares/Third_Party/FreeRTOS/queue.o
 .text.prvCopyDataFromQueue
                0x0800d860       0x4c ./Middlewares/Third_Party/FreeRTOS/queue.o
 .text.prvUnlockQueue
                0x0800d8ac       0xa4 ./Middlewares/Third_Party/FreeRTOS/queue.o
 .text.prvIsQueueEmpty
                0x0800d950       0x2c ./Middlewares/Third_Party/FreeRTOS/queue.o
 .text.prvIsQueueFull
                0x0800d97c       0x30 ./Middlewares/Third_Party/FreeRTOS/queue.o
 .text.vQueueAddToRegistry
                0x0800d9ac       0x54 ./Middlewares/Third_Party/FreeRTOS/queue.o
                0x0800d9ac                vQueueAddToRegistry
 .text.vQueueWaitForMessageRestricted
                0x0800da00       0x68 ./Middlewares/Third_Party/FreeRTOS/queue.o
                0x0800da00                vQueueWaitForMessageRestricted
 .text.xTaskCreateStatic
                0x0800da68       0xc0 ./Middlewares/Third_Party/FreeRTOS/tasks.o
                0x0800da68                xTaskCreateStatic
 .text.xTaskCreate
                0x0800db28       0x8a ./Middlewares/Third_Party/FreeRTOS/tasks.o
                0x0800db28                xTaskCreate
 .text.prvInitialiseNewTask
                0x0800dbb2      0x120 ./Middlewares/Third_Party/FreeRTOS/tasks.o
 *fill*         0x0800dcd2        0x2 
 .text.prvAddNewTaskToReadyList
                0x0800dcd4       0xe0 ./Middlewares/Third_Party/FreeRTOS/tasks.o
 .text.vTaskDelayUntil
                0x0800ddb4      0x100 ./Middlewares/Third_Party/FreeRTOS/tasks.o
                0x0800ddb4                vTaskDelayUntil
 .text.vTaskDelay
                0x0800deb4       0x6c ./Middlewares/Third_Party/FreeRTOS/tasks.o
                0x0800deb4                vTaskDelay
 .text.vTaskStartScheduler
                0x0800df20       0xd0 ./Middlewares/Third_Party/FreeRTOS/tasks.o
                0x0800df20                vTaskStartScheduler
 .text.vTaskSuspendAll
                0x0800dff0       0x1c ./Middlewares/Third_Party/FreeRTOS/tasks.o
                0x0800dff0                vTaskSuspendAll
 .text.xTaskResumeAll
                0x0800e00c      0x13c ./Middlewares/Third_Party/FreeRTOS/tasks.o
                0x0800e00c                xTaskResumeAll
 .text.xTaskGetTickCount
                0x0800e148       0x20 ./Middlewares/Third_Party/FreeRTOS/tasks.o
                0x0800e148                xTaskGetTickCount
 .text.xTaskGetTickCountFromISR
                0x0800e168       0x24 ./Middlewares/Third_Party/FreeRTOS/tasks.o
                0x0800e168                xTaskGetTickCountFromISR
 .text.xTaskIncrementTick
                0x0800e18c      0x174 ./Middlewares/Third_Party/FreeRTOS/tasks.o
                0x0800e18c                xTaskIncrementTick
 .text.vTaskSwitchContext
                0x0800e300       0xbc ./Middlewares/Third_Party/FreeRTOS/tasks.o
                0x0800e300                vTaskSwitchContext
 .text.vTaskPlaceOnEventList
                0x0800e3bc       0x4c ./Middlewares/Third_Party/FreeRTOS/tasks.o
                0x0800e3bc                vTaskPlaceOnEventList
 .text.vTaskPlaceOnEventListRestricted
                0x0800e408       0x58 ./Middlewares/Third_Party/FreeRTOS/tasks.o
                0x0800e408                vTaskPlaceOnEventListRestricted
 .text.xTaskRemoveFromEventList
                0x0800e460       0xc8 ./Middlewares/Third_Party/FreeRTOS/tasks.o
                0x0800e460                xTaskRemoveFromEventList
 .text.vTaskInternalSetTimeOutState
                0x0800e528       0x2c ./Middlewares/Third_Party/FreeRTOS/tasks.o
                0x0800e528                vTaskInternalSetTimeOutState
 .text.xTaskCheckForTimeOut
                0x0800e554       0xc8 ./Middlewares/Third_Party/FreeRTOS/tasks.o
                0x0800e554                xTaskCheckForTimeOut
 .text.vTaskMissedYield
                0x0800e61c       0x18 ./Middlewares/Third_Party/FreeRTOS/tasks.o
                0x0800e61c                vTaskMissedYield
 .text.prvIdleTask
                0x0800e634       0x30 ./Middlewares/Third_Party/FreeRTOS/tasks.o
 .text.prvInitialiseTaskLists
                0x0800e664       0x80 ./Middlewares/Third_Party/FreeRTOS/tasks.o
 .text.prvCheckTasksWaitingTermination
                0x0800e6e4       0x5c ./Middlewares/Third_Party/FreeRTOS/tasks.o
 .text.prvTaskCheckFreeStackSpace
                0x0800e740       0x38 ./Middlewares/Third_Party/FreeRTOS/tasks.o
 .text.uxTaskGetStackHighWaterMark
                0x0800e778       0x38 ./Middlewares/Third_Party/FreeRTOS/tasks.o
                0x0800e778                uxTaskGetStackHighWaterMark
 .text.prvDeleteTCB
                0x0800e7b0       0x60 ./Middlewares/Third_Party/FreeRTOS/tasks.o
 .text.prvResetNextTaskUnblockTime
                0x0800e810       0x40 ./Middlewares/Third_Party/FreeRTOS/tasks.o
 .text.xTaskGetCurrentTaskHandle
                0x0800e850       0x20 ./Middlewares/Third_Party/FreeRTOS/tasks.o
                0x0800e850                xTaskGetCurrentTaskHandle
 .text.xTaskGetSchedulerState
                0x0800e870       0x3c ./Middlewares/Third_Party/FreeRTOS/tasks.o
                0x0800e870                xTaskGetSchedulerState
 .text.xTaskPriorityInherit
                0x0800e8ac       0xd0 ./Middlewares/Third_Party/FreeRTOS/tasks.o
                0x0800e8ac                xTaskPriorityInherit
 .text.xTaskPriorityDisinherit
                0x0800e97c       0xe0 ./Middlewares/Third_Party/FreeRTOS/tasks.o
                0x0800e97c                xTaskPriorityDisinherit
 .text.vTaskPriorityDisinheritAfterTimeout
                0x0800ea5c      0x108 ./Middlewares/Third_Party/FreeRTOS/tasks.o
                0x0800ea5c                vTaskPriorityDisinheritAfterTimeout
 .text.pvTaskIncrementMutexHeldCount
                0x0800eb64       0x28 ./Middlewares/Third_Party/FreeRTOS/tasks.o
                0x0800eb64                pvTaskIncrementMutexHeldCount
 .text.ulTaskNotifyTake
                0x0800eb8c       0x90 ./Middlewares/Third_Party/FreeRTOS/tasks.o
                0x0800eb8c                ulTaskNotifyTake
 .text.vTaskNotifyGiveFromISR
                0x0800ec1c      0x128 ./Middlewares/Third_Party/FreeRTOS/tasks.o
                0x0800ec1c                vTaskNotifyGiveFromISR
 .text.prvAddCurrentTaskToDelayedList
                0x0800ed44       0xa8 ./Middlewares/Third_Party/FreeRTOS/tasks.o
 .text.xTimerCreateTimerTask
                0x0800edec       0x94 ./Middlewares/Third_Party/FreeRTOS/timers.o
                0x0800edec                xTimerCreateTimerTask
 .text.xTimerGenericCommand
                0x0800ee80       0x9c ./Middlewares/Third_Party/FreeRTOS/timers.o
                0x0800ee80                xTimerGenericCommand
 .text.prvProcessExpiredTimer
                0x0800ef1c       0x9c ./Middlewares/Third_Party/FreeRTOS/timers.o
 .text.prvTimerTask
                0x0800efb8       0x26 ./Middlewares/Third_Party/FreeRTOS/timers.o
 *fill*         0x0800efde        0x2 
 .text.prvProcessTimerOrBlockTask
                0x0800efe0       0x9c ./Middlewares/Third_Party/FreeRTOS/timers.o
 .text.prvGetNextExpireTime
                0x0800f07c       0x48 ./Middlewares/Third_Party/FreeRTOS/timers.o
 .text.prvSampleTimeNow
                0x0800f0c4       0x40 ./Middlewares/Third_Party/FreeRTOS/timers.o
 .text.prvInsertTimerInActiveList
                0x0800f104       0x84 ./Middlewares/Third_Party/FreeRTOS/timers.o
 .text.prvProcessReceivedCommands
                0x0800f188      0x1cc ./Middlewares/Third_Party/FreeRTOS/timers.o
 .text.prvSwitchTimerLists
                0x0800f354       0xcc ./Middlewares/Third_Party/FreeRTOS/timers.o
 .text.prvCheckForValidListAndQueue
                0x0800f420       0x80 ./Middlewares/Third_Party/FreeRTOS/timers.o
 .text.atof     0x0800f4a0        0x6 /opt/st/stm32cubeide_1.19.0/plugins/com.st.stm32cube.ide.mcu.externaltools.gnu-tools-for-stm32.13.3.rel1.linux64_1.0.0.202410170706/tools/bin/../lib/gcc/arm-none-eabi/13.3.1/../../../../arm-none-eabi/lib/thumb/v7e-m+dp/hard/libc_nano.a(libc_a-atof.o)
                0x0800f4a0                atof
 .text.sulp     0x0800f4a6       0x34 /opt/st/stm32cubeide_1.19.0/plugins/com.st.stm32cube.ide.mcu.externaltools.gnu-tools-for-stm32.13.3.rel1.linux64_1.0.0.202410170706/tools/bin/../lib/gcc/arm-none-eabi/13.3.1/../../../../arm-none-eabi/lib/thumb/v7e-m+dp/hard/libc_nano.a(libc_a-strtod.o)
 *fill*         0x0800f4da        0x6 
 .text._strtod_l
                0x0800f4e0      0xb34 /opt/st/stm32cubeide_1.19.0/plugins/com.st.stm32cube.ide.mcu.externaltools.gnu-tools-for-stm32.13.3.rel1.linux64_1.0.0.202410170706/tools/bin/../lib/gcc/arm-none-eabi/13.3.1/../../../../arm-none-eabi/lib/thumb/v7e-m+dp/hard/libc_nano.a(libc_a-strtod.o)
                0x0800f4e0                _strtod_l
 .text.strtod   0x08010014       0x18 /opt/st/stm32cubeide_1.19.0/plugins/com.st.stm32cube.ide.mcu.externaltools.gnu-tools-for-stm32.13.3.rel1.linux64_1.0.0.202410170706/tools/bin/../lib/gcc/arm-none-eabi/13.3.1/../../../../arm-none-eabi/lib/thumb/v7e-m+dp/hard/libc_nano.a(libc_a-strtod.o)
                0x08010014                strtod
 .text.__cvt    0x0801002c       0xa8 /opt/st/stm32cubeide_1.19.0/plugins/com.st.stm32cube.ide.mcu.externaltools.gnu-tools-for-stm32.13.3.rel1.linux64_1.0.0.202410170706/tools/bin/../lib/gcc/arm-none-eabi/13.3.1/../../../../arm-none-eabi/lib/thumb/v7e-m+dp/hard/libc_nano.a(libc_a-nano-vfprintf_float.o)
                0x0801002c                __cvt
 .text.__exponent
                0x080100d4       0x74 /opt/st/stm32cubeide_1.19.0/plugins/com.st.stm32cube.ide.mcu.externaltools.gnu-tools-for-stm32.13.3.rel1.linux64_1.0.0.202410170706/tools/bin/../lib/gcc/arm-none-eabi/13.3.1/../../../../arm-none-eabi/lib/thumb/v7e-m+dp/hard/libc_nano.a(libc_a-nano-vfprintf_float.o)
                0x080100d4                __exponent
 .text._printf_float
                0x08010148      0x434 /opt/st/stm32cubeide_1.19.0/plugins/com.st.stm32cube.ide.mcu.externaltools.gnu-tools-for-stm32.13.3.rel1.linux64_1.0.0.202410170706/tools/bin/../lib/gcc/arm-none-eabi/13.3.1/../../../../arm-none-eabi/lib/thumb/v7e-m+dp/hard/libc_nano.a(libc_a-nano-vfprintf_float.o)
                0x08010148                _printf_float
 .text._printf_common
                0x0801057c       0xda /opt/st/stm32cubeide_1.19.0/plugins/com.st.stm32cube.ide.mcu.externaltools.gnu-tools-for-stm32.13.3.rel1.linux64_1.0.0.202410170706/tools/bin/../lib/gcc/arm-none-eabi/13.3.1/../../../../arm-none-eabi/lib/thumb/v7e-m+dp/hard/libc_nano.a(libc_a-nano-vfprintf_i.o)
                0x0801057c                _printf_common
 *fill*         0x08010656        0x2 
 .text._printf_i
                0x08010658      0x23c /opt/st/stm32cubeide_1.19.0/plugins/com.st.stm32cube.ide.mcu.externaltools.gnu-tools-for-stm32.13.3.rel1.linux64_1.0.0.202410170706/tools/bin/../lib/gcc/arm-none-eabi/13.3.1/../../../../arm-none-eabi/lib/thumb/v7e-m+dp/hard/libc_nano.a(libc_a-nano-vfprintf_i.o)
                0x08010658                _printf_i
 .text.std      0x08010894       0x6c /opt/st/stm32cubeide_1.19.0/plugins/com.st.stm32cube.ide.mcu.externaltools.gnu-tools-for-stm32.13.3.rel1.linux64_1.0.0.202410170706/tools/bin/../lib/gcc/arm-none-eabi/13.3.1/../../../../arm-none-eabi/lib/thumb/v7e-m+dp/hard/libc_nano.a(libc_a-findfp.o)
 .text.stdio_exit_handler
                0x08010900       0x18 /opt/st/stm32cubeide_1.19.0/plugins/com.st.stm32cube.ide.mcu.externaltools.gnu-tools-for-stm32.13.3.rel1.linux64_1.0.0.202410170706/tools/bin/../lib/gcc/arm-none-eabi/13.3.1/../../../../arm-none-eabi/lib/thumb/v7e-m+dp/hard/libc_nano.a(libc_a-findfp.o)
 .text.cleanup_stdio
                0x08010918       0x40 /opt/st/stm32cubeide_1.19.0/plugins/com.st.stm32cube.ide.mcu.externaltools.gnu-tools-for-stm32.13.3.rel1.linux64_1.0.0.202410170706/tools/bin/../lib/gcc/arm-none-eabi/13.3.1/../../../../arm-none-eabi/lib/thumb/v7e-m+dp/hard/libc_nano.a(libc_a-findfp.o)
 .text.global_stdio_init.part.0
                0x08010958       0x3c /opt/st/stm32cubeide_1.19.0/plugins/com.st.stm32cube.ide.mcu.externaltools.gnu-tools-for-stm32.13.3.rel1.linux64_1.0.0.202410170706/tools/bin/../lib/gcc/arm-none-eabi/13.3.1/../../../../arm-none-eabi/lib/thumb/v7e-m+dp/hard/libc_nano.a(libc_a-findfp.o)
 .text.__sfp_lock_acquire
                0x08010994        0xc /opt/st/stm32cubeide_1.19.0/plugins/com.st.stm32cube.ide.mcu.externaltools.gnu-tools-for-stm32.13.3.rel1.linux64_1.0.0.202410170706/tools/bin/../lib/gcc/arm-none-eabi/13.3.1/../../../../arm-none-eabi/lib/thumb/v7e-m+dp/hard/libc_nano.a(libc_a-findfp.o)
                0x08010994                __sfp_lock_acquire
 .text.__sfp_lock_release
                0x080109a0        0xc /opt/st/stm32cubeide_1.19.0/plugins/com.st.stm32cube.ide.mcu.externaltools.gnu-tools-for-stm32.13.3.rel1.linux64_1.0.0.202410170706/tools/bin/../lib/gcc/arm-none-eabi/13.3.1/../../../../arm-none-eabi/lib/thumb/v7e-m+dp/hard/libc_nano.a(libc_a-findfp.o)
                0x080109a0                __sfp_lock_release
 .text.__sinit  0x080109ac       0x30 /opt/st/stm32cubeide_1.19.0/plugins/com.st.stm32cube.ide.mcu.externaltools.gnu-tools-for-stm32.13.3.rel1.linux64_1.0.0.202410170706/tools/bin/../lib/gcc/arm-none-eabi/13.3.1/../../../../arm-none-eabi/lib/thumb/v7e-m+dp/hard/libc_nano.a(libc_a-findfp.o)
                0x080109ac                __sinit
 .text._fwalk_sglue
                0x080109dc       0x3c /opt/st/stm32cubeide_1.19.0/plugins/com.st.stm32cube.ide.mcu.externaltools.gnu-tools-for-stm32.13.3.rel1.linux64_1.0.0.202410170706/tools/bin/../lib/gcc/arm-none-eabi/13.3.1/../../../../arm-none-eabi/lib/thumb/v7e-m+dp/hard/libc_nano.a(libc_a-fwalk.o)
                0x080109dc                _fwalk_sglue
 .text.snprintf
                0x08010a18       0x6c /opt/st/stm32cubeide_1.19.0/plugins/com.st.stm32cube.ide.mcu.externaltools.gnu-tools-for-stm32.13.3.rel1.linux64_1.0.0.202410170706/tools/bin/../lib/gcc/arm-none-eabi/13.3.1/../../../../arm-none-eabi/lib/thumb/v7e-m+dp/hard/libc_nano.a(libc_a-snprintf.o)
                0x08010a18                snprintf
                0x08010a18                sniprintf
 .text.__sread  0x08010a84       0x22 /opt/st/stm32cubeide_1.19.0/plugins/com.st.stm32cube.ide.mcu.externaltools.gnu-tools-for-stm32.13.3.rel1.linux64_1.0.0.202410170706/tools/bin/../lib/gcc/arm-none-eabi/13.3.1/../../../../arm-none-eabi/lib/thumb/v7e-m+dp/hard/libc_nano.a(libc_a-stdio.o)
                0x08010a84                __sread
 .text.__swrite
                0x08010aa6       0x38 /opt/st/stm32cubeide_1.19.0/plugins/com.st.stm32cube.ide.mcu.externaltools.gnu-tools-for-stm32.13.3.rel1.linux64_1.0.0.202410170706/tools/bin/../lib/gcc/arm-none-eabi/13.3.1/../../../../arm-none-eabi/lib/thumb/v7e-m+dp/hard/libc_nano.a(libc_a-stdio.o)
                0x08010aa6                __swrite
 .text.__sseek  0x08010ade       0x24 /opt/st/stm32cubeide_1.19.0/plugins/com.st.stm32cube.ide.mcu.externaltools.gnu-tools-for-stm32.13.3.rel1.linux64_1.0.0.202410170706/tools/bin/../lib/gcc/arm-none-eabi/13.3.1/../../../../arm-none-eabi/lib/thumb/v7e-m+dp/hard/libc_nano.a(libc_a-stdio.o)
                0x08010ade                __sseek
 .text.__sclose
                0x08010b02        0x8 /opt/st/stm32cubeide_1.19.0/plugins/com.st.stm32cube.ide.mcu.externaltools.gnu-tools-for-stm32.13.3.rel1.linux64_1.0.0.202410170706/tools/bin/../lib/gcc/arm-none-eabi/13.3.1/../../../../arm-none-eabi/lib/thumb/v7e-m+dp/hard/libc_nano.a(libc_a-stdio.o)
                0x08010b02                __sclose
 .text.memset   0x08010b0a       0x10 /opt/st/stm32cubeide_1.19.0/plugins/com.st.stm32cube.ide.mcu.externaltools.gnu-tools-for-stm32.13.3.rel1.linux64_1.0.0.202410170706/tools/bin/../lib/gcc/arm-none-eabi/13.3.1/../../../../arm-none-eabi/lib/thumb/v7e-m+dp/hard/libc_nano.a(libc_a-memset.o)
                0x08010b0a                memset
 .text.strncmp  0x08010b1a       0x24 /opt/st/stm32cubeide_1.19.0/plugins/com.st.stm32cube.ide.mcu.externaltools.gnu-tools-for-stm32.13.3.rel1.linux64_1.0.0.202410170706/tools/bin/../lib/gcc/arm-none-eabi/13.3.1/../../../../arm-none-eabi/lib/thumb/v7e-m+dp/hard/libc_nano.a(libc_a-strncmp.o)
                0x08010b1a                strncmp
 *fill*         0x08010b3e        0x2 
 .text._localeconv_r
                0x08010b40        0x8 /opt/st/stm32cubeide_1.19.0/plugins/com.st.stm32cube.ide.mcu.externaltools.gnu-tools-for-stm32.13.3.rel1.linux64_1.0.0.202410170706/tools/bin/../lib/gcc/arm-none-eabi/13.3.1/../../../../arm-none-eabi/lib/thumb/v7e-m+dp/hard/libc_nano.a(libc_a-localeconv.o)
                0x08010b40                _localeconv_r
 .text._close_r
                0x08010b48       0x20 /opt/st/stm32cubeide_1.19.0/plugins/com.st.stm32cube.ide.mcu.externaltools.gnu-tools-for-stm32.13.3.rel1.linux64_1.0.0.202410170706/tools/bin/../lib/gcc/arm-none-eabi/13.3.1/../../../../arm-none-eabi/lib/thumb/v7e-m+dp/hard/libc_nano.a(libc_a-closer.o)
                0x08010b48                _close_r
 .text._lseek_r
                0x08010b68       0x24 /opt/st/stm32cubeide_1.19.0/plugins/com.st.stm32cube.ide.mcu.externaltools.gnu-tools-for-stm32.13.3.rel1.linux64_1.0.0.202410170706/tools/bin/../lib/gcc/arm-none-eabi/13.3.1/../../../../arm-none-eabi/lib/thumb/v7e-m+dp/hard/libc_nano.a(libc_a-lseekr.o)
                0x08010b68                _lseek_r
 .text._read_r  0x08010b8c       0x24 /opt/st/stm32cubeide_1.19.0/plugins/com.st.stm32cube.ide.mcu.externaltools.gnu-tools-for-stm32.13.3.rel1.linux64_1.0.0.202410170706/tools/bin/../lib/gcc/arm-none-eabi/13.3.1/../../../../arm-none-eabi/lib/thumb/v7e-m+dp/hard/libc_nano.a(libc_a-readr.o)
                0x08010b8c                _read_r
 .text._write_r
                0x08010bb0       0x24 /opt/st/stm32cubeide_1.19.0/plugins/com.st.stm32cube.ide.mcu.externaltools.gnu-tools-for-stm32.13.3.rel1.linux64_1.0.0.202410170706/tools/bin/../lib/gcc/arm-none-eabi/13.3.1/../../../../arm-none-eabi/lib/thumb/v7e-m+dp/hard/libc_nano.a(libc_a-writer.o)
                0x08010bb0                _write_r
 .text.__errno  0x08010bd4        0xc /opt/st/stm32cubeide_1.19.0/plugins/com.st.stm32cube.ide.mcu.externaltools.gnu-tools-for-stm32.13.3.rel1.linux64_1.0.0.202410170706/tools/bin/../lib/gcc/arm-none-eabi/13.3.1/../../../../arm-none-eabi/lib/thumb/v7e-m+dp/hard/libc_nano.a(libc_a-errno.o)
                0x08010bd4                __errno
 .text.__libc_init_array
                0x08010be0       0x48 /opt/st/stm32cubeide_1.19.0/plugins/com.st.stm32cube.ide.mcu.externaltools.gnu-tools-for-stm32.13.3.rel1.linux64_1.0.0.202410170706/tools/bin/../lib/gcc/arm-none-eabi/13.3.1/../../../../arm-none-eabi/lib/thumb/v7e-m+dp/hard/libc_nano.a(libc_a-init.o)
                0x08010be0                __libc_init_array
 .text.__retarget_lock_init_recursive
                0x08010c28        0x2 /opt/st/stm32cubeide_1.19.0/plugins/com.st.stm32cube.ide.mcu.externaltools.gnu-tools-for-stm32.13.3.rel1.linux64_1.0.0.202410170706/tools/bin/../lib/gcc/arm-none-eabi/13.3.1/../../../../arm-none-eabi/lib/thumb/v7e-m+dp/hard/libc_nano.a(libc_a-lock.o)
                0x08010c28                __retarget_lock_init_recursive
 .text.__retarget_lock_acquire_recursive
                0x08010c2a        0x2 /opt/st/stm32cubeide_1.19.0/plugins/com.st.stm32cube.ide.mcu.externaltools.gnu-tools-for-stm32.13.3.rel1.linux64_1.0.0.202410170706/tools/bin/../lib/gcc/arm-none-eabi/13.3.1/../../../../arm-none-eabi/lib/thumb/v7e-m+dp/hard/libc_nano.a(libc_a-lock.o)
                0x08010c2a                __retarget_lock_acquire_recursive
 .text.__retarget_lock_release_recursive
                0x08010c2c        0x2 /opt/st/stm32cubeide_1.19.0/plugins/com.st.stm32cube.ide.mcu.externaltools.gnu-tools-for-stm32.13.3.rel1.linux64_1.0.0.202410170706/tools/bin/../lib/gcc/arm-none-eabi/13.3.1/../../../../arm-none-eabi/lib/thumb/v7e-m+dp/hard/libc_nano.a(libc_a-lock.o)
                0x08010c2c                __retarget_lock_release_recursive
 .text.strcpy   0x08010c2e       0x10 /opt/st/stm32cubeide_1.19.0/plugins/com.st.stm32cube.ide.mcu.externaltools.gnu-tools-for-stm32.13.3.rel1.linux64_1.0.0.202410170706/tools/bin/../lib/gcc/arm-none-eabi/13.3.1/../../../../arm-none-eabi/lib/thumb/v7e-m+dp/hard/libc_nano.a(libc_a-strcpy.o)
                0x08010c2e                strcpy
 .text.memcpy   0x08010c3e       0x1c /opt/st/stm32cubeide_1.19.0/plugins/com.st.stm32cube.ide.mcu.externaltools.gnu-tools-for-stm32.13.3.rel1.linux64_1.0.0.202410170706/tools/bin/../lib/gcc/arm-none-eabi/13.3.1/../../../../arm-none-eabi/lib/thumb/v7e-m+dp/hard/libc_nano.a(libc_a-memcpy-stub.o)
                0x08010c3e                memcpy
 *fill*         0x08010c5a        0x6 
 .text.nan      0x08010c60       0x10 /opt/st/stm32cubeide_1.19.0/plugins/com.st.stm32cube.ide.mcu.externaltools.gnu-tools-for-stm32.13.3.rel1.linux64_1.0.0.202410170706/tools/bin/../lib/gcc/arm-none-eabi/13.3.1/../../../../arm-none-eabi/lib/thumb/v7e-m+dp/hard/libc_nano.a(libm_a-s_nan.o)
                0x08010c60                nan
 .text.quorem   0x08010c70      0x110 /opt/st/stm32cubeide_1.19.0/plugins/com.st.stm32cube.ide.mcu.externaltools.gnu-tools-for-stm32.13.3.rel1.linux64_1.0.0.202410170706/tools/bin/../lib/gcc/arm-none-eabi/13.3.1/../../../../arm-none-eabi/lib/thumb/v7e-m+dp/hard/libc_nano.a(libc_a-dtoa.o)
 .text._dtoa_r  0x08010d80      0xabc /opt/st/stm32cubeide_1.19.0/plugins/com.st.stm32cube.ide.mcu.externaltools.gnu-tools-for-stm32.13.3.rel1.linux64_1.0.0.202410170706/tools/bin/../lib/gcc/arm-none-eabi/13.3.1/../../../../arm-none-eabi/lib/thumb/v7e-m+dp/hard/libc_nano.a(libc_a-dtoa.o)
                0x08010d80                _dtoa_r
 .text._free_r  0x0801183c       0x94 /opt/st/stm32cubeide_1.19.0/plugins/com.st.stm32cube.ide.mcu.externaltools.gnu-tools-for-stm32.13.3.rel1.linux64_1.0.0.202410170706/tools/bin/../lib/gcc/arm-none-eabi/13.3.1/../../../../arm-none-eabi/lib/thumb/v7e-m+dp/hard/libc_nano.a(libc_a-freer.o)
                0x0801183c                _free_r
 .text.rshift   0x080118d0       0xa4 /opt/st/stm32cubeide_1.19.0/plugins/com.st.stm32cube.ide.mcu.externaltools.gnu-tools-for-stm32.13.3.rel1.linux64_1.0.0.202410170706/tools/bin/../lib/gcc/arm-none-eabi/13.3.1/../../../../arm-none-eabi/lib/thumb/v7e-m+dp/hard/libc_nano.a(libc_a-gdtoa-gethex.o)
 .text.__hexdig_fun
                0x08011974       0x2a /opt/st/stm32cubeide_1.19.0/plugins/com.st.stm32cube.ide.mcu.externaltools.gnu-tools-for-stm32.13.3.rel1.linux64_1.0.0.202410170706/tools/bin/../lib/gcc/arm-none-eabi/13.3.1/../../../../arm-none-eabi/lib/thumb/v7e-m+dp/hard/libc_nano.a(libc_a-gdtoa-gethex.o)
                0x08011974                __hexdig_fun
 *fill*         0x0801199e        0x2 
 .text.__gethex
                0x080119a0      0x420 /opt/st/stm32cubeide_1.19.0/plugins/com.st.stm32cube.ide.mcu.externaltools.gnu-tools-for-stm32.13.3.rel1.linux64_1.0.0.202410170706/tools/bin/../lib/gcc/arm-none-eabi/13.3.1/../../../../arm-none-eabi/lib/thumb/v7e-m+dp/hard/libc_nano.a(libc_a-gdtoa-gethex.o)
                0x080119a0                __gethex
 .text.L_shift  0x08011dc0       0x24 /opt/st/stm32cubeide_1.19.0/plugins/com.st.stm32cube.ide.mcu.externaltools.gnu-tools-for-stm32.13.3.rel1.linux64_1.0.0.202410170706/tools/bin/../lib/gcc/arm-none-eabi/13.3.1/../../../../arm-none-eabi/lib/thumb/v7e-m+dp/hard/libc_nano.a(libc_a-gdtoa-hexnan.o)
 .text.__match  0x08011de4       0x28 /opt/st/stm32cubeide_1.19.0/plugins/com.st.stm32cube.ide.mcu.externaltools.gnu-tools-for-stm32.13.3.rel1.linux64_1.0.0.202410170706/tools/bin/../lib/gcc/arm-none-eabi/13.3.1/../../../../arm-none-eabi/lib/thumb/v7e-m+dp/hard/libc_nano.a(libc_a-gdtoa-hexnan.o)
                0x08011de4                __match
 .text.__hexnan
                0x08011e0c      0x136 /opt/st/stm32cubeide_1.19.0/plugins/com.st.stm32cube.ide.mcu.externaltools.gnu-tools-for-stm32.13.3.rel1.linux64_1.0.0.202410170706/tools/bin/../lib/gcc/arm-none-eabi/13.3.1/../../../../arm-none-eabi/lib/thumb/v7e-m+dp/hard/libc_nano.a(libc_a-gdtoa-hexnan.o)
                0x08011e0c                __hexnan
 *fill*         0x08011f42        0x2 
 .text.malloc   0x08011f44       0x10 /opt/st/stm32cubeide_1.19.0/plugins/com.st.stm32cube.ide.mcu.externaltools.gnu-tools-for-stm32.13.3.rel1.linux64_1.0.0.202410170706/tools/bin/../lib/gcc/arm-none-eabi/13.3.1/../../../../arm-none-eabi/lib/thumb/v7e-m+dp/hard/libc_nano.a(libc_a-malloc.o)
                0x08011f44                malloc
 .text.sbrk_aligned
                0x08011f54       0x44 /opt/st/stm32cubeide_1.19.0/plugins/com.st.stm32cube.ide.mcu.externaltools.gnu-tools-for-stm32.13.3.rel1.linux64_1.0.0.202410170706/tools/bin/../lib/gcc/arm-none-eabi/13.3.1/../../../../arm-none-eabi/lib/thumb/v7e-m+dp/hard/libc_nano.a(libc_a-mallocr.o)
 .text._malloc_r
                0x08011f98      0x100 /opt/st/stm32cubeide_1.19.0/plugins/com.st.stm32cube.ide.mcu.externaltools.gnu-tools-for-stm32.13.3.rel1.linux64_1.0.0.202410170706/tools/bin/../lib/gcc/arm-none-eabi/13.3.1/../../../../arm-none-eabi/lib/thumb/v7e-m+dp/hard/libc_nano.a(libc_a-mallocr.o)
                0x08011f98                _malloc_r
 .text.__ascii_mbtowc
                0x08012098       0x24 /opt/st/stm32cubeide_1.19.0/plugins/com.st.stm32cube.ide.mcu.externaltools.gnu-tools-for-stm32.13.3.rel1.linux64_1.0.0.202410170706/tools/bin/../lib/gcc/arm-none-eabi/13.3.1/../../../../arm-none-eabi/lib/thumb/v7e-m+dp/hard/libc_nano.a(libc_a-mbtowc_r.o)
                0x08012098                __ascii_mbtowc
 .text.__malloc_lock
                0x080120bc        0xc /opt/st/stm32cubeide_1.19.0/plugins/com.st.stm32cube.ide.mcu.externaltools.gnu-tools-for-stm32.13.3.rel1.linux64_1.0.0.202410170706/tools/bin/../lib/gcc/arm-none-eabi/13.3.1/../../../../arm-none-eabi/lib/thumb/v7e-m+dp/hard/libc_nano.a(libc_a-mlock.o)
                0x080120bc                __malloc_lock
 .text.__malloc_unlock
                0x080120c8        0xc /opt/st/stm32cubeide_1.19.0/plugins/com.st.stm32cube.ide.mcu.externaltools.gnu-tools-for-stm32.13.3.rel1.linux64_1.0.0.202410170706/tools/bin/../lib/gcc/arm-none-eabi/13.3.1/../../../../arm-none-eabi/lib/thumb/v7e-m+dp/hard/libc_nano.a(libc_a-mlock.o)
                0x080120c8                __malloc_unlock
 .text._Balloc  0x080120d4       0x80 /opt/st/stm32cubeide_1.19.0/plugins/com.st.stm32cube.ide.mcu.externaltools.gnu-tools-for-stm32.13.3.rel1.linux64_1.0.0.202410170706/tools/bin/../lib/gcc/arm-none-eabi/13.3.1/../../../../arm-none-eabi/lib/thumb/v7e-m+dp/hard/libc_nano.a(libc_a-mprec.o)
                0x080120d4                _Balloc
 .text._Bfree   0x08012154       0x44 /opt/st/stm32cubeide_1.19.0/plugins/com.st.stm32cube.ide.mcu.externaltools.gnu-tools-for-stm32.13.3.rel1.linux64_1.0.0.202410170706/tools/bin/../lib/gcc/arm-none-eabi/13.3.1/../../../../arm-none-eabi/lib/thumb/v7e-m+dp/hard/libc_nano.a(libc_a-mprec.o)
                0x08012154                _Bfree
 .text.__multadd
                0x08012198       0x8c /opt/st/stm32cubeide_1.19.0/plugins/com.st.stm32cube.ide.mcu.externaltools.gnu-tools-for-stm32.13.3.rel1.linux64_1.0.0.202410170706/tools/bin/../lib/gcc/arm-none-eabi/13.3.1/../../../../arm-none-eabi/lib/thumb/v7e-m+dp/hard/libc_nano.a(libc_a-mprec.o)
                0x08012198                __multadd
 .text.__s2b    0x08012224       0x94 /opt/st/stm32cubeide_1.19.0/plugins/com.st.stm32cube.ide.mcu.externaltools.gnu-tools-for-stm32.13.3.rel1.linux64_1.0.0.202410170706/tools/bin/../lib/gcc/arm-none-eabi/13.3.1/../../../../arm-none-eabi/lib/thumb/v7e-m+dp/hard/libc_nano.a(libc_a-mprec.o)
                0x08012224                __s2b
 .text.__hi0bits
                0x080122b8       0x3e /opt/st/stm32cubeide_1.19.0/plugins/com.st.stm32cube.ide.mcu.externaltools.gnu-tools-for-stm32.13.3.rel1.linux64_1.0.0.202410170706/tools/bin/../lib/gcc/arm-none-eabi/13.3.1/../../../../arm-none-eabi/lib/thumb/v7e-m+dp/hard/libc_nano.a(libc_a-mprec.o)
                0x080122b8                __hi0bits
 .text.__lo0bits
                0x080122f6       0x5a /opt/st/stm32cubeide_1.19.0/plugins/com.st.stm32cube.ide.mcu.externaltools.gnu-tools-for-stm32.13.3.rel1.linux64_1.0.0.202410170706/tools/bin/../lib/gcc/arm-none-eabi/13.3.1/../../../../arm-none-eabi/lib/thumb/v7e-m+dp/hard/libc_nano.a(libc_a-mprec.o)
                0x080122f6                __lo0bits
 .text.__i2b    0x08012350       0x2c /opt/st/stm32cubeide_1.19.0/plugins/com.st.stm32cube.ide.mcu.externaltools.gnu-tools-for-stm32.13.3.rel1.linux64_1.0.0.202410170706/tools/bin/../lib/gcc/arm-none-eabi/13.3.1/../../../../arm-none-eabi/lib/thumb/v7e-m+dp/hard/libc_nano.a(libc_a-mprec.o)
                0x08012350                __i2b
 .text.__multiply
                0x0801237c      0x144 /opt/st/stm32cubeide_1.19.0/plugins/com.st.stm32cube.ide.mcu.externaltools.gnu-tools-for-stm32.13.3.rel1.linux64_1.0.0.202410170706/tools/bin/../lib/gcc/arm-none-eabi/13.3.1/../../../../arm-none-eabi/lib/thumb/v7e-m+dp/hard/libc_nano.a(libc_a-mprec.o)
                0x0801237c                __multiply
 .text.__pow5mult
                0x080124c0       0xb4 /opt/st/stm32cubeide_1.19.0/plugins/com.st.stm32cube.ide.mcu.externaltools.gnu-tools-for-stm32.13.3.rel1.linux64_1.0.0.202410170706/tools/bin/../lib/gcc/arm-none-eabi/13.3.1/../../../../arm-none-eabi/lib/thumb/v7e-m+dp/hard/libc_nano.a(libc_a-mprec.o)
                0x080124c0                __pow5mult
 .text.__lshift
                0x08012574       0xd8 /opt/st/stm32cubeide_1.19.0/plugins/com.st.stm32cube.ide.mcu.externaltools.gnu-tools-for-stm32.13.3.rel1.linux64_1.0.0.202410170706/tools/bin/../lib/gcc/arm-none-eabi/13.3.1/../../../../arm-none-eabi/lib/thumb/v7e-m+dp/hard/libc_nano.a(libc_a-mprec.o)
                0x08012574                __lshift
 .text.__mcmp   0x0801264c       0x36 /opt/st/stm32cubeide_1.19.0/plugins/com.st.stm32cube.ide.mcu.externaltools.gnu-tools-for-stm32.13.3.rel1.linux64_1.0.0.202410170706/tools/bin/../lib/gcc/arm-none-eabi/13.3.1/../../../../arm-none-eabi/lib/thumb/v7e-m+dp/hard/libc_nano.a(libc_a-mprec.o)
                0x0801264c                __mcmp
 *fill*         0x08012682        0x2 
 .text.__mdiff  0x08012684      0x128 /opt/st/stm32cubeide_1.19.0/plugins/com.st.stm32cube.ide.mcu.externaltools.gnu-tools-for-stm32.13.3.rel1.linux64_1.0.0.202410170706/tools/bin/../lib/gcc/arm-none-eabi/13.3.1/../../../../arm-none-eabi/lib/thumb/v7e-m+dp/hard/libc_nano.a(libc_a-mprec.o)
                0x08012684                __mdiff
 .text.__ulp    0x080127ac       0x4c /opt/st/stm32cubeide_1.19.0/plugins/com.st.stm32cube.ide.mcu.externaltools.gnu-tools-for-stm32.13.3.rel1.linux64_1.0.0.202410170706/tools/bin/../lib/gcc/arm-none-eabi/13.3.1/../../../../arm-none-eabi/lib/thumb/v7e-m+dp/hard/libc_nano.a(libc_a-mprec.o)
                0x080127ac                __ulp
 .text.__b2d    0x080127f8       0x94 /opt/st/stm32cubeide_1.19.0/plugins/com.st.stm32cube.ide.mcu.externaltools.gnu-tools-for-stm32.13.3.rel1.linux64_1.0.0.202410170706/tools/bin/../lib/gcc/arm-none-eabi/13.3.1/../../../../arm-none-eabi/lib/thumb/v7e-m+dp/hard/libc_nano.a(libc_a-mprec.o)
                0x080127f8                __b2d
 .text.__d2b    0x0801288c       0xb0 /opt/st/stm32cubeide_1.19.0/plugins/com.st.stm32cube.ide.mcu.externaltools.gnu-tools-for-stm32.13.3.rel1.linux64_1.0.0.202410170706/tools/bin/../lib/gcc/arm-none-eabi/13.3.1/../../../../arm-none-eabi/lib/thumb/v7e-m+dp/hard/libc_nano.a(libc_a-mprec.o)
                0x0801288c                __d2b
 .text.__ratio  0x0801293c       0x5e /opt/st/stm32cubeide_1.19.0/plugins/com.st.stm32cube.ide.mcu.externaltools.gnu-tools-for-stm32.13.3.rel1.linux64_1.0.0.202410170706/tools/bin/../lib/gcc/arm-none-eabi/13.3.1/../../../../arm-none-eabi/lib/thumb/v7e-m+dp/hard/libc_nano.a(libc_a-mprec.o)
                0x0801293c                __ratio
 .text.__copybits
                0x0801299a       0x46 /opt/st/stm32cubeide_1.19.0/plugins/com.st.stm32cube.ide.mcu.externaltools.gnu-tools-for-stm32.13.3.rel1.linux64_1.0.0.202410170706/tools/bin/../lib/gcc/arm-none-eabi/13.3.1/../../../../arm-none-eabi/lib/thumb/v7e-m+dp/hard/libc_nano.a(libc_a-mprec.o)
                0x0801299a                __copybits
 .text.__any_on
                0x080129e0       0x42 /opt/st/stm32cubeide_1.19.0/plugins/com.st.stm32cube.ide.mcu.externaltools.gnu-tools-for-stm32.13.3.rel1.linux64_1.0.0.202410170706/tools/bin/../lib/gcc/arm-none-eabi/13.3.1/../../../../arm-none-eabi/lib/thumb/v7e-m+dp/hard/libc_nano.a(libc_a-mprec.o)
                0x080129e0                __any_on
 .text.__ascii_wctomb
                0x08012a22       0x1a /opt/st/stm32cubeide_1.19.0/plugins/com.st.stm32cube.ide.mcu.externaltools.gnu-tools-for-stm32.13.3.rel1.linux64_1.0.0.202410170706/tools/bin/../lib/gcc/arm-none-eabi/13.3.1/../../../../arm-none-eabi/lib/thumb/v7e-m+dp/hard/libc_nano.a(libc_a-wctomb_r.o)
                0x08012a22                __ascii_wctomb
 .text.__ssputs_r
                0x08012a3c       0xb6 /opt/st/stm32cubeide_1.19.0/plugins/com.st.stm32cube.ide.mcu.externaltools.gnu-tools-for-stm32.13.3.rel1.linux64_1.0.0.202410170706/tools/bin/../lib/gcc/arm-none-eabi/13.3.1/../../../../arm-none-eabi/lib/thumb/v7e-m+dp/hard/libc_nano.a(libc_a-nano-svfprintf.o)
                0x08012a3c                __ssputs_r
 *fill*         0x08012af2        0x2 
 .text._svfprintf_r
                0x08012af4      0x1f8 /opt/st/stm32cubeide_1.19.0/plugins/com.st.stm32cube.ide.mcu.externaltools.gnu-tools-for-stm32.13.3.rel1.linux64_1.0.0.202410170706/tools/bin/../lib/gcc/arm-none-eabi/13.3.1/../../../../arm-none-eabi/lib/thumb/v7e-m+dp/hard/libc_nano.a(libc_a-nano-svfprintf.o)
                0x08012af4                _svfprintf_r
                0x08012af4                _svfiprintf_r
 .text.__sflush_r
                0x08012cec      0x108 /opt/st/stm32cubeide_1.19.0/plugins/com.st.stm32cube.ide.mcu.externaltools.gnu-tools-for-stm32.13.3.rel1.linux64_1.0.0.202410170706/tools/bin/../lib/gcc/arm-none-eabi/13.3.1/../../../../arm-none-eabi/lib/thumb/v7e-m+dp/hard/libc_nano.a(libc_a-fflush.o)
                0x08012cec                __sflush_r
 .text._fflush_r
                0x08012df4       0x50 /opt/st/stm32cubeide_1.19.0/plugins/com.st.stm32cube.ide.mcu.externaltools.gnu-tools-for-stm32.13.3.rel1.linux64_1.0.0.202410170706/tools/bin/../lib/gcc/arm-none-eabi/13.3.1/../../../../arm-none-eabi/lib/thumb/v7e-m+dp/hard/libc_nano.a(libc_a-fflush.o)
                0x08012df4                _fflush_r
 .text.memmove  0x08012e44       0x34 /opt/st/stm32cubeide_1.19.0/plugins/com.st.stm32cube.ide.mcu.externaltools.gnu-tools-for-stm32.13.3.rel1.linux64_1.0.0.202410170706/tools/bin/../lib/gcc/arm-none-eabi/13.3.1/../../../../arm-none-eabi/lib/thumb/v7e-m+dp/hard/libc_nano.a(libc_a-memmove.o)
                0x08012e44                memmove
 .text._sbrk_r  0x08012e78       0x20 /opt/st/stm32cubeide_1.19.0/plugins/com.st.stm32cube.ide.mcu.externaltools.gnu-tools-for-stm32.13.3.rel1.linux64_1.0.0.202410170706/tools/bin/../lib/gcc/arm-none-eabi/13.3.1/../../../../arm-none-eabi/lib/thumb/v7e-m+dp/hard/libc_nano.a(libc_a-sbrkr.o)
                0x08012e78                _sbrk_r
 .text.__assert_func
                0x08012e98       0x3c /opt/st/stm32cubeide_1.19.0/plugins/com.st.stm32cube.ide.mcu.externaltools.gnu-tools-for-stm32.13.3.rel1.linux64_1.0.0.202410170706/tools/bin/../lib/gcc/arm-none-eabi/13.3.1/../../../../arm-none-eabi/lib/thumb/v7e-m+dp/hard/libc_nano.a(libc_a-assert.o)
                0x08012e98                __assert_func
 .text._calloc_r
                0x08012ed4       0x28 /opt/st/stm32cubeide_1.19.0/plugins/com.st.stm32cube.ide.mcu.externaltools.gnu-tools-for-stm32.13.3.rel1.linux64_1.0.0.202410170706/tools/bin/../lib/gcc/arm-none-eabi/13.3.1/../../../../arm-none-eabi/lib/thumb/v7e-m+dp/hard/libc_nano.a(libc_a-callocr.o)
                0x08012ed4                _calloc_r
 .text._realloc_r
                0x08012efc       0x5c /opt/st/stm32cubeide_1.19.0/plugins/com.st.stm32cube.ide.mcu.externaltools.gnu-tools-for-stm32.13.3.rel1.linux64_1.0.0.202410170706/tools/bin/../lib/gcc/arm-none-eabi/13.3.1/../../../../arm-none-eabi/lib/thumb/v7e-m+dp/hard/libc_nano.a(libc_a-reallocr.o)
                0x08012efc                _realloc_r
 .text.fprintf  0x08012f58       0x24 /opt/st/stm32cubeide_1.19.0/plugins/com.st.stm32cube.ide.mcu.externaltools.gnu-tools-for-stm32.13.3.rel1.linux64_1.0.0.202410170706/tools/bin/../lib/gcc/arm-none-eabi/13.3.1/../../../../arm-none-eabi/lib/thumb/v7e-m+dp/hard/libc_nano.a(libc_a-fprintf.o)
                0x08012f58                fprintf
                0x08012f58                fiprintf
 .text.abort    0x08012f7c        0xe /opt/st/stm32cubeide_1.19.0/plugins/com.st.stm32cube.ide.mcu.externaltools.gnu-tools-for-stm32.13.3.rel1.linux64_1.0.0.202410170706/tools/bin/../lib/gcc/arm-none-eabi/13.3.1/../../../../arm-none-eabi/lib/thumb/v7e-m+dp/hard/libc_nano.a(libc_a-abort.o)
                0x08012f7c                abort
 .text._malloc_usable_size_r
                0x08012f8a       0x10 /opt/st/stm32cubeide_1.19.0/plugins/com.st.stm32cube.ide.mcu.externaltools.gnu-tools-for-stm32.13.3.rel1.linux64_1.0.0.202410170706/tools/bin/../lib/gcc/arm-none-eabi/13.3.1/../../../../arm-none-eabi/lib/thumb/v7e-m+dp/hard/libc_nano.a(libc_a-msizer.o)
                0x08012f8a                _malloc_usable_size_r
 .text.__sfputc_r
                0x08012f9a       0x2e /opt/st/stm32cubeide_1.19.0/plugins/com.st.stm32cube.ide.mcu.externaltools.gnu-tools-for-stm32.13.3.rel1.linux64_1.0.0.202410170706/tools/bin/../lib/gcc/arm-none-eabi/13.3.1/../../../../arm-none-eabi/lib/thumb/v7e-m+dp/hard/libc_nano.a(libc_a-nano-vfprintf.o)
 .text.__sfputs_r
                0x08012fc8       0x24 /opt/st/stm32cubeide_1.19.0/plugins/com.st.stm32cube.ide.mcu.externaltools.gnu-tools-for-stm32.13.3.rel1.linux64_1.0.0.202410170706/tools/bin/../lib/gcc/arm-none-eabi/13.3.1/../../../../arm-none-eabi/lib/thumb/v7e-m+dp/hard/libc_nano.a(libc_a-nano-vfprintf.o)
                0x08012fc8                __sfputs_r
 .text._vfprintf_r
                0x08012fec      0x230 /opt/st/stm32cubeide_1.19.0/plugins/com.st.stm32cube.ide.mcu.externaltools.gnu-tools-for-stm32.13.3.rel1.linux64_1.0.0.202410170706/tools/bin/../lib/gcc/arm-none-eabi/13.3.1/../../../../arm-none-eabi/lib/thumb/v7e-m+dp/hard/libc_nano.a(libc_a-nano-vfprintf.o)
                0x08012fec                _vfiprintf_r
                0x08012fec                _vfprintf_r
 .text.__swbuf_r
                0x0801321c       0x7c /opt/st/stm32cubeide_1.19.0/plugins/com.st.stm32cube.ide.mcu.externaltools.gnu-tools-for-stm32.13.3.rel1.linux64_1.0.0.202410170706/tools/bin/../lib/gcc/arm-none-eabi/13.3.1/../../../../arm-none-eabi/lib/thumb/v7e-m+dp/hard/libc_nano.a(libc_a-wbuf.o)
                0x0801321c                __swbuf_r
 .text.__swsetup_r
                0x08013298       0xac /opt/st/stm32cubeide_1.19.0/plugins/com.st.stm32cube.ide.mcu.externaltools.gnu-tools-for-stm32.13.3.rel1.linux64_1.0.0.202410170706/tools/bin/../lib/gcc/arm-none-eabi/13.3.1/../../../../arm-none-eabi/lib/thumb/v7e-m+dp/hard/libc_nano.a(libc_a-wsetup.o)
                0x08013298                __swsetup_r
 .text._raise_r
                0x08013344       0x50 /opt/st/stm32cubeide_1.19.0/plugins/com.st.stm32cube.ide.mcu.externaltools.gnu-tools-for-stm32.13.3.rel1.linux64_1.0.0.202410170706/tools/bin/../lib/gcc/arm-none-eabi/13.3.1/../../../../arm-none-eabi/lib/thumb/v7e-m+dp/hard/libc_nano.a(libc_a-signal.o)
                0x08013344                _raise_r
 .text.raise    0x08013394       0x10 /opt/st/stm32cubeide_1.19.0/plugins/com.st.stm32cube.ide.mcu.externaltools.gnu-tools-for-stm32.13.3.rel1.linux64_1.0.0.202410170706/tools/bin/../lib/gcc/arm-none-eabi/13.3.1/../../../../arm-none-eabi/lib/thumb/v7e-m+dp/hard/libc_nano.a(libc_a-signal.o)
                0x08013394                raise
 .text._kill_r  0x080133a4       0x24 /opt/st/stm32cubeide_1.19.0/plugins/com.st.stm32cube.ide.mcu.externaltools.gnu-tools-for-stm32.13.3.rel1.linux64_1.0.0.202410170706/tools/bin/../lib/gcc/arm-none-eabi/13.3.1/../../../../arm-none-eabi/lib/thumb/v7e-m+dp/hard/libc_nano.a(libc_a-signalr.o)
                0x080133a4                _kill_r
 .text._getpid_r
                0x080133c8        0x4 /opt/st/stm32cubeide_1.19.0/plugins/com.st.stm32cube.ide.mcu.externaltools.gnu-tools-for-stm32.13.3.rel1.linux64_1.0.0.202410170706/tools/bin/../lib/gcc/arm-none-eabi/13.3.1/../../../../arm-none-eabi/lib/thumb/v7e-m+dp/hard/libc_nano.a(libc_a-signalr.o)
                0x080133c8                _getpid_r
 .text.__swhatbuf_r
                0x080133cc       0x4c /opt/st/stm32cubeide_1.19.0/plugins/com.st.stm32cube.ide.mcu.externaltools.gnu-tools-for-stm32.13.3.rel1.linux64_1.0.0.202410170706/tools/bin/../lib/gcc/arm-none-eabi/13.3.1/../../../../arm-none-eabi/lib/thumb/v7e-m+dp/hard/libc_nano.a(libc_a-makebuf.o)
                0x080133cc                __swhatbuf_r
 .text.__smakebuf_r
                0x08013418       0x78 /opt/st/stm32cubeide_1.19.0/plugins/com.st.stm32cube.ide.mcu.externaltools.gnu-tools-for-stm32.13.3.rel1.linux64_1.0.0.202410170706/tools/bin/../lib/gcc/arm-none-eabi/13.3.1/../../../../arm-none-eabi/lib/thumb/v7e-m+dp/hard/libc_nano.a(libc_a-makebuf.o)
                0x08013418                __smakebuf_r
 .text._fstat_r
                0x08013490       0x24 /opt/st/stm32cubeide_1.19.0/plugins/com.st.stm32cube.ide.mcu.externaltools.gnu-tools-for-stm32.13.3.rel1.linux64_1.0.0.202410170706/tools/bin/../lib/gcc/arm-none-eabi/13.3.1/../../../../arm-none-eabi/lib/thumb/v7e-m+dp/hard/libc_nano.a(libc_a-fstatr.o)
                0x08013490                _fstat_r
 .text._isatty_r
                0x080134b4       0x20 /opt/st/stm32cubeide_1.19.0/plugins/com.st.stm32cube.ide.mcu.externaltools.gnu-tools-for-stm32.13.3.rel1.linux64_1.0.0.202410170706/tools/bin/../lib/gcc/arm-none-eabi/13.3.1/../../../../arm-none-eabi/lib/thumb/v7e-m+dp/hard/libc_nano.a(libc_a-isattyr.o)
                0x080134b4                _isatty_r
 *(.glue_7)
 .glue_7        0x080134d4        0x0 linker stubs
 *(.glue_7t)
 .glue_7t       0x080134d4        0x0 linker stubs
 *(.eh_frame)