09:44:59 **** Clean-only build of configuration Debug for project UART_UART_CM7 ****
make -j16 clean 
rm -rf ./Drivers/STM32H7xx_HAL_Driver/stm32h7xx_hal.cyclo ./Drivers/STM32H7xx_HAL_Driver/stm32h7xx_hal.d ./Drivers/STM32H7xx_HAL_Driver/stm32h7xx_hal.o ./Drivers/STM32H7xx_HAL_Driver/stm32h7xx_hal.su ./Drivers/STM32H7xx_HAL_Driver/stm32h7xx_hal_cortex.cyclo ./Drivers/STM32H7xx_HAL_Driver/stm32h7xx_hal_cortex.d ./Drivers/STM32H7xx_HAL_Driver/stm32h7xx_hal_cortex.o ./Drivers/STM32H7xx_HAL_Driver/stm32h7xx_hal_cortex.su ./Drivers/STM32H7xx_HAL_Driver/stm32h7xx_hal_dma.cyclo ./Drivers/STM32H7xx_HAL_Driver/stm32h7xx_hal_dma.d ./Drivers/STM32H7xx_HAL_Driver/stm32h7xx_hal_dma.o ./Drivers/STM32H7xx_HAL_Driver/stm32h7xx_hal_dma.su ./Drivers/STM32H7xx_HAL_Driver/stm32h7xx_hal_dma_ex.cyclo ./Drivers/STM32H7xx_HAL_Driver/stm32h7xx_hal_dma_ex.d ./Drivers/STM32H7xx_HAL_Driver/stm32h7xx_hal_dma_ex.o ./Drivers/STM32H7xx_HAL_Driver/stm32h7xx_hal_dma_ex.su ./Drivers/STM32H7xx_HAL_Driver/stm32h7xx_hal_exti.cyclo ./Drivers/STM32H7xx_HAL_Driver/stm32h7xx_hal_exti.d ./Drivers/STM32H7xx_HAL_Driver/stm32h7xx_hal_exti.o ./Drivers/STM32H7xx_HAL_Driver/stm32h7xx_hal_exti.su ./Drivers/STM32H7xx_HAL_Driver/stm32h7xx_hal_flash.cyclo ./Drivers/STM32H7xx_HAL_Driver/stm32h7xx_hal_flash.d ./Drivers/STM32H7xx_HAL_Driver/stm32h7xx_hal_flash.o ./Drivers/STM32H7xx_HAL_Driver/stm32h7xx_hal_flash.su ./Drivers/STM32H7xx_HAL_Driver/stm32h7xx_hal_flash_ex.cyclo ./Drivers/STM32H7xx_HAL_Driver/stm32h7xx_hal_flash_ex.d ./Drivers/STM32H7xx_HAL_Driver/stm32h7xx_hal_flash_ex.o ./Drivers/STM32H7xx_HAL_Driver/stm32h7xx_hal_flash_ex.su ./Drivers/STM32H7xx_HAL_Driver/stm32h7xx_hal_gpio.cyclo ./Drivers/STM32H7xx_HAL_Driver/stm32h7xx_hal_gpio.d ./Drivers/STM32H7xx_HAL_Driver/stm32h7xx_hal_gpio.o ./Drivers/STM32H7xx_HAL_Driver/stm32h7xx_hal_gpio.su ./Drivers/STM32H7xx_HAL_Driver/stm32h7xx_hal_hsem.cyclo ./Drivers/STM32H7xx_HAL_Driver/stm32h7xx_hal_hsem.d ./Drivers/STM32H7xx_HAL_Driver/stm32h7xx_hal_hsem.o ./Drivers/STM32H7xx_HAL_Driver/stm32h7xx_hal_hsem.su ./Drivers/STM32H7xx_HAL_Driver/stm32h7xx_hal_i2c.cyclo ./Drivers/STM32H7xx_HAL_Driver/stm32h7xx_hal_i2c.d ./Drivers/STM32H7xx_HAL_Driver/stm32h7xx_hal_i2c.o ./Drivers/STM32H7xx_HAL_Driver/stm32h7xx_hal_i2c.su ./Drivers/STM32H7xx_HAL_Driver/stm32h7xx_hal_i2c_ex.cyclo ./Drivers/STM32H7xx_HAL_Driver/stm32h7xx_hal_i2c_ex.d ./Drivers/STM32H7xx_HAL_Driver/stm32h7xx_hal_i2c_ex.o ./Drivers/STM32H7xx_HAL_Driver/stm32h7xx_hal_i2c_ex.su ./Drivers/STM32H7xx_HAL_Driver/stm32h7xx_hal_mdma.cyclo ./Drivers/STM32H7xx_HAL_Driver/stm32h7xx_hal_mdma.d ./Drivers/STM32H7xx_HAL_Driver/stm32h7xx_hal_mdma.o ./Drivers/STM32H7xx_HAL_Driver/stm32h7xx_hal_mdma.su ./Drivers/STM32H7xx_HAL_Driver/stm32h7xx_hal_pwr.cyclo ./Drivers/STM32H7xx_HAL_Driver/stm32h7xx_hal_pwr.d ./Drivers/STM32H7xx_HAL_Driver/stm32h7xx_hal_pwr.o ./Drivers/STM32H7xx_HAL_Driver/stm32h7xx_hal_pwr.su ./Drivers/STM32H7xx_HAL_Driver/stm32h7xx_hal_pwr_ex.cyclo ./Drivers/STM32H7xx_HAL_Driver/stm32h7xx_hal_pwr_ex.d ./Drivers/STM32H7xx_HAL_Driver/stm32h7xx_hal_pwr_ex.o ./Drivers/STM32H7xx_HAL_Driver/stm32h7xx_hal_pwr_ex.su ./Drivers/STM32H7xx_HAL_Driver/stm32h7xx_hal_rcc.cyclo ./Drivers/STM32H7xx_HAL_Driver/stm32h7xx_hal_rcc.d ./Drivers/STM32H7xx_HAL_Driver/stm32h7xx_hal_rcc.o ./Drivers/STM32H7xx_HAL_Driver/stm32h7xx_hal_rcc.su ./Drivers/STM32H7xx_HAL_Driver/stm32h7xx_hal_rcc_ex.cyclo ./Drivers/STM32H7xx_HAL_Driver/stm32h7xx_hal_rcc_ex.d ./Drivers/STM32H7xx_HAL_Driver/stm32h7xx_hal_rcc_ex.o ./Drivers/STM32H7xx_HAL_Driver/stm32h7xx_hal_rcc_ex.su ./Drivers/STM32H7xx_HAL_Driver/stm32h7xx_hal_tim.cyclo ./Drivers/STM32H7xx_HAL_Driver/stm32h7xx_hal_tim.d ./Drivers/STM32H7xx_HAL_Driver/stm32h7xx_hal_tim.o ./Drivers/STM32H7xx_HAL_Driver/stm32h7xx_hal_tim.su ./Drivers/STM32H7xx_HAL_Driver/stm32h7xx_hal_tim_ex.cyclo ./Drivers/STM32H7xx_HAL_Driver/stm32h7xx_hal_tim_ex.d ./Drivers/STM32H7xx_HAL_Driver/stm32h7xx_hal_tim_ex.o ./Drivers/STM32H7xx_HAL_Driver/stm32h7xx_hal_tim_ex.su ./Drivers/STM32H7xx_HAL_Driver/stm32h7xx_hal_uart.cyclo ./Drivers/STM32H7xx_HAL_Driver/stm32h7xx_hal_uart.d ./Drivers/STM32H7xx_HAL_Driver/stm32h7xx_hal_uart.o ./Drivers/STM32H7xx_HAL_Driver/stm32h7xx_hal_uart.su ./Drivers/STM32H7xx_HAL_Driver/stm32h7xx_hal_uart_ex.cyclo ./Drivers/STM32H7xx_HAL_Driver/stm32h7xx_hal_uart_ex.d ./Drivers/STM32H7xx_HAL_Driver/stm32h7xx_hal_uart_ex.o ./Drivers/STM32H7xx_HAL_Driver/stm32h7xx_hal_uart_ex.su
rm -rf ./Core/Startup/startup_stm32h745zitx.d ./Core/Startup/startup_stm32h745zitx.o
rm -rf ./Core/Src/main.cyclo ./Core/Src/main.d ./Core/Src/main.o ./Core/Src/main.su ./Core/Src/stm32h7xx_hal_msp.cyclo ./Core/Src/stm32h7xx_hal_msp.d ./Core/Src/stm32h7xx_hal_msp.o ./Core/Src/stm32h7xx_hal_msp.su ./Core/Src/stm32h7xx_it.cyclo ./Core/Src/stm32h7xx_it.d ./Core/Src/stm32h7xx_it.o ./Core/Src/stm32h7xx_it.su ./Core/Src/syscalls.cyclo ./Core/Src/syscalls.d ./Core/Src/syscalls.o ./Core/Src/syscalls.su ./Core/Src/sysmem.cyclo ./Core/Src/sysmem.d ./Core/Src/sysmem.o ./Core/Src/sysmem.su
rm -rf ./Common/Src/system_stm32h7xx_dualcore_boot_cm4_cm7.cyclo ./Common/Src/system_stm32h7xx_dualcore_boot_cm4_cm7.d ./Common/Src/system_stm32h7xx_dualcore_boot_cm4_cm7.o ./Common/Src/system_stm32h7xx_dualcore_boot_cm4_cm7.su
rm -rf UART_UART_CM7.elf UART_UART_CM7.list UART_UART_CM7.map default.size.stdout
 
09:44:59 **** Build of configuration Debug for project UART_UART_CM7 ****
make -j16 all 
arm-none-eabi-gcc "/home/andy/Documents/Embedded-Systems/communication_protocols/UART_UART/Drivers/STM32H7xx_HAL_Driver/Src/stm32h7xx_hal.c" -mcpu=cortex-m7 -std=gnu11 -g3 -DDEBUG -DCORE_CM7 -DUSE_HAL_DRIVER -DSTM32H745xx -DUSE_PWR_DIRECT_SMPS_SUPPLY -c -I../Core/Inc -I../../Drivers/STM32H7xx_HAL_Driver/Inc -I../../Drivers/STM32H7xx_HAL_Driver/Inc/Legacy -I../../Drivers/CMSIS/Device/ST/STM32H7xx/Include -I../../Drivers/CMSIS/Include -O0 -ffunction-sections -fdata-sections -Wall -fstack-usage -fcyclomatic-complexity -MMD -MP -MF"Drivers/STM32H7xx_HAL_Driver/stm32h7xx_hal.d" -MT"Drivers/STM32H7xx_HAL_Driver/stm32h7xx_hal.o" --specs=nano.specs -mfpu=fpv5-d16 -mfloat-abi=hard -mthumb -o "Drivers/STM32H7xx_HAL_Driver/stm32h7xx_hal.o"
arm-none-eabi-gcc "/home/andy/Documents/Embedded-Systems/communication_protocols/UART_UART/Drivers/STM32H7xx_HAL_Driver/Src/stm32h7xx_hal_cortex.c" -mcpu=cortex-m7 -std=gnu11 -g3 -DDEBUG -DCORE_CM7 -DUSE_HAL_DRIVER -DSTM32H745xx -DUSE_PWR_DIRECT_SMPS_SUPPLY -c -I../Core/Inc -I../../Drivers/STM32H7xx_HAL_Driver/Inc -I../../Drivers/STM32H7xx_HAL_Driver/Inc/Legacy -I../../Drivers/CMSIS/Device/ST/STM32H7xx/Include -I../../Drivers/CMSIS/Include -O0 -ffunction-sections -fdata-sections -Wall -fstack-usage -fcyclomatic-complexity -MMD -MP -MF"Drivers/STM32H7xx_HAL_Driver/stm32h7xx_hal_cortex.d" -MT"Drivers/STM32H7xx_HAL_Driver/stm32h7xx_hal_cortex.o" --specs=nano.specs -mfpu=fpv5-d16 -mfloat-abi=hard -mthumb -o "Drivers/STM32H7xx_HAL_Driver/stm32h7xx_hal_cortex.o"
arm-none-eabi-gcc "/home/andy/Documents/Embedded-Systems/communication_protocols/UART_UART/Drivers/STM32H7xx_HAL_Driver/Src/stm32h7xx_hal_dma.c" -mcpu=cortex-m7 -std=gnu11 -g3 -DDEBUG -DCORE_CM7 -DUSE_HAL_DRIVER -DSTM32H745xx -DUSE_PWR_DIRECT_SMPS_SUPPLY -c -I../Core/Inc -I../../Drivers/STM32H7xx_HAL_Driver/Inc -I../../Drivers/STM32H7xx_HAL_Driver/Inc/Legacy -I../../Drivers/CMSIS/Device/ST/STM32H7xx/Include -I../../Drivers/CMSIS/Include -O0 -ffunction-sections -fdata-sections -Wall -fstack-usage -fcyclomatic-complexity -MMD -MP -MF"Drivers/STM32H7xx_HAL_Driver/stm32h7xx_hal_dma.d" -MT"Drivers/STM32H7xx_HAL_Driver/stm32h7xx_hal_dma.o" --specs=nano.specs -mfpu=fpv5-d16 -mfloat-abi=hard -mthumb -o "Drivers/STM32H7xx_HAL_Driver/stm32h7xx_hal_dma.o"
arm-none-eabi-gcc "/home/andy/Documents/Embedded-Systems/communication_protocols/UART_UART/Drivers/STM32H7xx_HAL_Driver/Src/stm32h7xx_hal_dma_ex.c" -mcpu=cortex-m7 -std=gnu11 -g3 -DDEBUG -DCORE_CM7 -DUSE_HAL_DRIVER -DSTM32H745xx -DUSE_PWR_DIRECT_SMPS_SUPPLY -c -I../Core/Inc -I../../Drivers/STM32H7xx_HAL_Driver/Inc -I../../Drivers/STM32H7xx_HAL_Driver/Inc/Legacy -I../../Drivers/CMSIS/Device/ST/STM32H7xx/Include -I../../Drivers/CMSIS/Include -O0 -ffunction-sections -fdata-sections -Wall -fstack-usage -fcyclomatic-complexity -MMD -MP -MF"Drivers/STM32H7xx_HAL_Driver/stm32h7xx_hal_dma_ex.d" -MT"Drivers/STM32H7xx_HAL_Driver/stm32h7xx_hal_dma_ex.o" --specs=nano.specs -mfpu=fpv5-d16 -mfloat-abi=hard -mthumb -o "Drivers/STM32H7xx_HAL_Driver/stm32h7xx_hal_dma_ex.o"
arm-none-eabi-gcc "/home/andy/Documents/Embedded-Systems/communication_protocols/UART_UART/Drivers/STM32H7xx_HAL_Driver/Src/stm32h7xx_hal_exti.c" -mcpu=cortex-m7 -std=gnu11 -g3 -DDEBUG -DCORE_CM7 -DUSE_HAL_DRIVER -DSTM32H745xx -DUSE_PWR_DIRECT_SMPS_SUPPLY -c -I../Core/Inc -I../../Drivers/STM32H7xx_HAL_Driver/Inc -I../../Drivers/STM32H7xx_HAL_Driver/Inc/Legacy -I../../Drivers/CMSIS/Device/ST/STM32H7xx/Include -I../../Drivers/CMSIS/Include -O0 -ffunction-sections -fdata-sections -Wall -fstack-usage -fcyclomatic-complexity -MMD -MP -MF"Drivers/STM32H7xx_HAL_Driver/stm32h7xx_hal_exti.d" -MT"Drivers/STM32H7xx_HAL_Driver/stm32h7xx_hal_exti.o" --specs=nano.specs -mfpu=fpv5-d16 -mfloat-abi=hard -mthumb -o "Drivers/STM32H7xx_HAL_Driver/stm32h7xx_hal_exti.o"
arm-none-eabi-gcc "/home/andy/Documents/Embedded-Systems/communication_protocols/UART_UART/Drivers/STM32H7xx_HAL_Driver/Src/stm32h7xx_hal_flash.c" -mcpu=cortex-m7 -std=gnu11 -g3 -DDEBUG -DCORE_CM7 -DUSE_HAL_DRIVER -DSTM32H745xx -DUSE_PWR_DIRECT_SMPS_SUPPLY -c -I../Core/Inc -I../../Drivers/STM32H7xx_HAL_Driver/Inc -I../../Drivers/STM32H7xx_HAL_Driver/Inc/Legacy -I../../Drivers/CMSIS/Device/ST/STM32H7xx/Include -I../../Drivers/CMSIS/Include -O0 -ffunction-sections -fdata-sections -Wall -fstack-usage -fcyclomatic-complexity -MMD -MP -MF"Drivers/STM32H7xx_HAL_Driver/stm32h7xx_hal_flash.d" -MT"Drivers/STM32H7xx_HAL_Driver/stm32h7xx_hal_flash.o" --specs=nano.specs -mfpu=fpv5-d16 -mfloat-abi=hard -mthumb -o "Drivers/STM32H7xx_HAL_Driver/stm32h7xx_hal_flash.o"
arm-none-eabi-gcc "/home/andy/Documents/Embedded-Systems/communication_protocols/UART_UART/Drivers/STM32H7xx_HAL_Driver/Src/stm32h7xx_hal_flash_ex.c" -mcpu=cortex-m7 -std=gnu11 -g3 -DDEBUG -DCORE_CM7 -DUSE_HAL_DRIVER -DSTM32H745xx -DUSE_PWR_DIRECT_SMPS_SUPPLY -c -I../Core/Inc -I../../Drivers/STM32H7xx_HAL_Driver/Inc -I../../Drivers/STM32H7xx_HAL_Driver/Inc/Legacy -I../../Drivers/CMSIS/Device/ST/STM32H7xx/Include -I../../Drivers/CMSIS/Include -O0 -ffunction-sections -fdata-sections -Wall -fstack-usage -fcyclomatic-complexity -MMD -MP -MF"Drivers/STM32H7xx_HAL_Driver/stm32h7xx_hal_flash_ex.d" -MT"Drivers/STM32H7xx_HAL_Driver/stm32h7xx_hal_flash_ex.o" --specs=nano.specs -mfpu=fpv5-d16 -mfloat-abi=hard -mthumb -o "Drivers/STM32H7xx_HAL_Driver/stm32h7xx_hal_flash_ex.o"
arm-none-eabi-gcc "/home/andy/Documents/Embedded-Systems/communication_protocols/UART_UART/Drivers/STM32H7xx_HAL_Driver/Src/stm32h7xx_hal_gpio.c" -mcpu=cortex-m7 -std=gnu11 -g3 -DDEBUG -DCORE_CM7 -DUSE_HAL_DRIVER -DSTM32H745xx -DUSE_PWR_DIRECT_SMPS_SUPPLY -c -I../Core/Inc -I../../Drivers/STM32H7xx_HAL_Driver/Inc -I../../Drivers/STM32H7xx_HAL_Driver/Inc/Legacy -I../../Drivers/CMSIS/Device/ST/STM32H7xx/Include -I../../Drivers/CMSIS/Include -O0 -ffunction-sections -fdata-sections -Wall -fstack-usage -fcyclomatic-complexity -MMD -MP -MF"Drivers/STM32H7xx_HAL_Driver/stm32h7xx_hal_gpio.d" -MT"Drivers/STM32H7xx_HAL_Driver/stm32h7xx_hal_gpio.o" --specs=nano.specs -mfpu=fpv5-d16 -mfloat-abi=hard -mthumb -o "Drivers/STM32H7xx_HAL_Driver/stm32h7xx_hal_gpio.o"
arm-none-eabi-gcc "/home/andy/Documents/Embedded-Systems/communication_protocols/UART_UART/Drivers/STM32H7xx_HAL_Driver/Src/stm32h7xx_hal_hsem.c" -mcpu=cortex-m7 -std=gnu11 -g3 -DDEBUG -DCORE_CM7 -DUSE_HAL_DRIVER -DSTM32H745xx -DUSE_PWR_DIRECT_SMPS_SUPPLY -c -I../Core/Inc -I../../Drivers/STM32H7xx_HAL_Driver/Inc -I../../Drivers/STM32H7xx_HAL_Driver/Inc/Legacy -I../../Drivers/CMSIS/Device/ST/STM32H7xx/Include -I../../Drivers/CMSIS/Include -O0 -ffunction-sections -fdata-sections -Wall -fstack-usage -fcyclomatic-complexity -MMD -MP -MF"Drivers/STM32H7xx_HAL_Driver/stm32h7xx_hal_hsem.d" -MT"Drivers/STM32H7xx_HAL_Driver/stm32h7xx_hal_hsem.o" --specs=nano.specs -mfpu=fpv5-d16 -mfloat-abi=hard -mthumb -o "Drivers/STM32H7xx_HAL_Driver/stm32h7xx_hal_hsem.o"
arm-none-eabi-gcc "/home/andy/Documents/Embedded-Systems/communication_protocols/UART_UART/Drivers/STM32H7xx_HAL_Driver/Src/stm32h7xx_hal_i2c.c" -mcpu=cortex-m7 -std=gnu11 -g3 -DDEBUG -DCORE_CM7 -DUSE_HAL_DRIVER -DSTM32H745xx -DUSE_PWR_DIRECT_SMPS_SUPPLY -c -I../Core/Inc -I../../Drivers/STM32H7xx_HAL_Driver/Inc -I../../Drivers/STM32H7xx_HAL_Driver/Inc/Legacy -I../../Drivers/CMSIS/Device/ST/STM32H7xx/Include -I../../Drivers/CMSIS/Include -O0 -ffunction-sections -fdata-sections -Wall -fstack-usage -fcyclomatic-complexity -MMD -MP -MF"Drivers/STM32H7xx_HAL_Driver/stm32h7xx_hal_i2c.d" -MT"Drivers/STM32H7xx_HAL_Driver/stm32h7xx_hal_i2c.o" --specs=nano.specs -mfpu=fpv5-d16 -mfloat-abi=hard -mthumb -o "Drivers/STM32H7xx_HAL_Driver/stm32h7xx_hal_i2c.o"
arm-none-eabi-gcc "/home/andy/Documents/Embedded-Systems/communication_protocols/UART_UART/Drivers/STM32H7xx_HAL_Driver/Src/stm32h7xx_hal_i2c_ex.c" -mcpu=cortex-m7 -std=gnu11 -g3 -DDEBUG -DCORE_CM7 -DUSE_HAL_DRIVER -DSTM32H745xx -DUSE_PWR_DIRECT_SMPS_SUPPLY -c -I../Core/Inc -I../../Drivers/STM32H7xx_HAL_Driver/Inc -I../../Drivers/STM32H7xx_HAL_Driver/Inc/Legacy -I../../Drivers/CMSIS/Device/ST/STM32H7xx/Include -I../../Drivers/CMSIS/Include -O0 -ffunction-sections -fdata-sections -Wall -fstack-usage -fcyclomatic-complexity -MMD -MP -MF"Drivers/STM32H7xx_HAL_Driver/stm32h7xx_hal_i2c_ex.d" -MT"Drivers/STM32H7xx_HAL_Driver/stm32h7xx_hal_i2c_ex.o" --specs=nano.specs -mfpu=fpv5-d16 -mfloat-abi=hard -mthumb -o "Drivers/STM32H7xx_HAL_Driver/stm32h7xx_hal_i2c_ex.o"
arm-none-eabi-gcc "/home/andy/Documents/Embedded-Systems/communication_protocols/UART_UART/Drivers/STM32H7xx_HAL_Driver/Src/stm32h7xx_hal_mdma.c" -mcpu=cortex-m7 -std=gnu11 -g3 -DDEBUG -DCORE_CM7 -DUSE_HAL_DRIVER -DSTM32H745xx -DUSE_PWR_DIRECT_SMPS_SUPPLY -c -I../Core/Inc -I../../Drivers/STM32H7xx_HAL_Driver/Inc -I../../Drivers/STM32H7xx_HAL_Driver/Inc/Legacy -I../../Drivers/CMSIS/Device/ST/STM32H7xx/Include -I../../Drivers/CMSIS/Include -O0 -ffunction-sections -fdata-sections -Wall -fstack-usage -fcyclomatic-complexity -MMD -MP -MF"Drivers/STM32H7xx_HAL_Driver/stm32h7xx_hal_mdma.d" -MT"Drivers/STM32H7xx_HAL_Driver/stm32h7xx_hal_mdma.o" --specs=nano.specs -mfpu=fpv5-d16 -mfloat-abi=hard -mthumb -o "Drivers/STM32H7xx_HAL_Driver/stm32h7xx_hal_mdma.o"
arm-none-eabi-gcc "/home/andy/Documents/Embedded-Systems/communication_protocols/UART_UART/Drivers/STM32H7xx_HAL_Driver/Src/stm32h7xx_hal_pwr.c" -mcpu=cortex-m7 -std=gnu11 -g3 -DDEBUG -DCORE_CM7 -DUSE_HAL_DRIVER -DSTM32H745xx -DUSE_PWR_DIRECT_SMPS_SUPPLY -c -I../Core/Inc -I../../Drivers/STM32H7xx_HAL_Driver/Inc -I../../Drivers/STM32H7xx_HAL_Driver/Inc/Legacy -I../../Drivers/CMSIS/Device/ST/STM32H7xx/Include -I../../Drivers/CMSIS/Include -O0 -ffunction-sections -fdata-sections -Wall -fstack-usage -fcyclomatic-complexity -MMD -MP -MF"Drivers/STM32H7xx_HAL_Driver/stm32h7xx_hal_pwr.d" -MT"Drivers/STM32H7xx_HAL_Driver/stm32h7xx_hal_pwr.o" --specs=nano.specs -mfpu=fpv5-d16 -mfloat-abi=hard -mthumb -o "Drivers/STM32H7xx_HAL_Driver/stm32h7xx_hal_pwr.o"
arm-none-eabi-gcc "/home/andy/Documents/Embedded-Systems/communication_protocols/UART_UART/Drivers/STM32H7xx_HAL_Driver/Src/stm32h7xx_hal_pwr_ex.c" -mcpu=cortex-m7 -std=gnu11 -g3 -DDEBUG -DCORE_CM7 -DUSE_HAL_DRIVER -DSTM32H745xx -DUSE_PWR_DIRECT_SMPS_SUPPLY -c -I../Core/Inc -I../../Drivers/STM32H7xx_HAL_Driver/Inc -I../../Drivers/STM32H7xx_HAL_Driver/Inc/Legacy -I../../Drivers/CMSIS/Device/ST/STM32H7xx/Include -I../../Drivers/CMSIS/Include -O0 -ffunction-sections -fdata-sections -Wall -fstack-usage -fcyclomatic-complexity -MMD -MP -MF"Drivers/STM32H7xx_HAL_Driver/stm32h7xx_hal_pwr_ex.d" -MT"Drivers/STM32H7xx_HAL_Driver/stm32h7xx_hal_pwr_ex.o" --specs=nano.specs -mfpu=fpv5-d16 -mfloat-abi=hard -mthumb -o "Drivers/STM32H7xx_HAL_Driver/stm32h7xx_hal_pwr_ex.o"
arm-none-eabi-gcc "/home/andy/Documents/Embedded-Systems/communication_protocols/UART_UART/Drivers/STM32H7xx_HAL_Driver/Src/stm32h7xx_hal_rcc.c" -mcpu=cortex-m7 -std=gnu11 -g3 -DDEBUG -DCORE_CM7 -DUSE_HAL_DRIVER -DSTM32H745xx -DUSE_PWR_DIRECT_SMPS_SUPPLY -c -I../Core/Inc -I../../Drivers/STM32H7xx_HAL_Driver/Inc -I../../Drivers/STM32H7xx_HAL_Driver/Inc/Legacy -I../../Drivers/CMSIS/Device/ST/STM32H7xx/Include -I../../Drivers/CMSIS/Include -O0 -ffunction-sections -fdata-sections -Wall -fstack-usage -fcyclomatic-complexity -MMD -MP -MF"Drivers/STM32H7xx_HAL_Driver/stm32h7xx_hal_rcc.d" -MT"Drivers/STM32H7xx_HAL_Driver/stm32h7xx_hal_rcc.o" --specs=nano.specs -mfpu=fpv5-d16 -mfloat-abi=hard -mthumb -o "Drivers/STM32H7xx_HAL_Driver/stm32h7xx_hal_rcc.o"
arm-none-eabi-gcc "/home/andy/Documents/Embedded-Systems/communication_protocols/UART_UART/Drivers/STM32H7xx_HAL_Driver/Src/stm32h7xx_hal_rcc_ex.c" -mcpu=cortex-m7 -std=gnu11 -g3 -DDEBUG -DCORE_CM7 -DUSE_HAL_DRIVER -DSTM32H745xx -DUSE_PWR_DIRECT_SMPS_SUPPLY -c -I../Core/Inc -I../../Drivers/STM32H7xx_HAL_Driver/Inc -I../../Drivers/STM32H7xx_HAL_Driver/Inc/Legacy -I../../Drivers/CMSIS/Device/ST/STM32H7xx/Include -I../../Drivers/CMSIS/Include -O0 -ffunction-sections -fdata-sections -Wall -fstack-usage -fcyclomatic-complexity -MMD -MP -MF"Drivers/STM32H7xx_HAL_Driver/stm32h7xx_hal_rcc_ex.d" -MT"Drivers/STM32H7xx_HAL_Driver/stm32h7xx_hal_rcc_ex.o" --specs=nano.specs -mfpu=fpv5-d16 -mfloat-abi=hard -mthumb -o "Drivers/STM32H7xx_HAL_Driver/stm32h7xx_hal_rcc_ex.o"
arm-none-eabi-gcc "/home/andy/Documents/Embedded-Systems/communication_protocols/UART_UART/Drivers/STM32H7xx_HAL_Driver/Src/stm32h7xx_hal_tim.c" -mcpu=cortex-m7 -std=gnu11 -g3 -DDEBUG -DCORE_CM7 -DUSE_HAL_DRIVER -DSTM32H745xx -DUSE_PWR_DIRECT_SMPS_SUPPLY -c -I../Core/Inc -I../../Drivers/STM32H7xx_HAL_Driver/Inc -I../../Drivers/STM32H7xx_HAL_Driver/Inc/Legacy -I../../Drivers/CMSIS/Device/ST/STM32H7xx/Include -I../../Drivers/CMSIS/Include -O0 -ffunction-sections -fdata-sections -Wall -fstack-usage -fcyclomatic-complexity -MMD -MP -MF"Drivers/STM32H7xx_HAL_Driver/stm32h7xx_hal_tim.d" -MT"Drivers/STM32H7xx_HAL_Driver/stm32h7xx_hal_tim.o" --specs=nano.specs -mfpu=fpv5-d16 -mfloat-abi=hard -mthumb -o "Drivers/STM32H7xx_HAL_Driver/stm32h7xx_hal_tim.o"
arm-none-eabi-gcc "/home/andy/Documents/Embedded-Systems/communication_protocols/UART_UART/Drivers/STM32H7xx_HAL_Driver/Src/stm32h7xx_hal_tim_ex.c" -mcpu=cortex-m7 -std=gnu11 -g3 -DDEBUG -DCORE_CM7 -DUSE_HAL_DRIVER -DSTM32H745xx -DUSE_PWR_DIRECT_SMPS_SUPPLY -c -I../Core/Inc -I../../Drivers/STM32H7xx_HAL_Driver/Inc -I../../Drivers/STM32H7xx_HAL_Driver/Inc/Legacy -I../../Drivers/CMSIS/Device/ST/STM32H7xx/Include -I../../Drivers/CMSIS/Include -O0 -ffunction-sections -fdata-sections -Wall -fstack-usage -fcyclomatic-complexity -MMD -MP -MF"Drivers/STM32H7xx_HAL_Driver/stm32h7xx_hal_tim_ex.d" -MT"Drivers/STM32H7xx_HAL_Driver/stm32h7xx_hal_tim_ex.o" --specs=nano.specs -mfpu=fpv5-d16 -mfloat-abi=hard -mthumb -o "Drivers/STM32H7xx_HAL_Driver/stm32h7xx_hal_tim_ex.o"
arm-none-eabi-gcc "/home/andy/Documents/Embedded-Systems/communication_protocols/UART_UART/Drivers/STM32H7xx_HAL_Driver/Src/stm32h7xx_hal_uart.c" -mcpu=cortex-m7 -std=gnu11 -g3 -DDEBUG -DCORE_CM7 -DUSE_HAL_DRIVER -DSTM32H745xx -DUSE_PWR_DIRECT_SMPS_SUPPLY -c -I../Core/Inc -I../../Drivers/STM32H7xx_HAL_Driver/Inc -I../../Drivers/STM32H7xx_HAL_Driver/Inc/Legacy -I../../Drivers/CMSIS/Device/ST/STM32H7xx/Include -I../../Drivers/CMSIS/Include -O0 -ffunction-sections -fdata-sections -Wall -fstack-usage -fcyclomatic-complexity -MMD -MP -MF"Drivers/STM32H7xx_HAL_Driver/stm32h7xx_hal_uart.d" -MT"Drivers/STM32H7xx_HAL_Driver/stm32h7xx_hal_uart.o" --specs=nano.specs -mfpu=fpv5-d16 -mfloat-abi=hard -mthumb -o "Drivers/STM32H7xx_HAL_Driver/stm32h7xx_hal_uart.o"
arm-none-eabi-gcc "/home/andy/Documents/Embedded-Systems/communication_protocols/UART_UART/Drivers/STM32H7xx_HAL_Driver/Src/stm32h7xx_hal_uart_ex.c" -mcpu=cortex-m7 -std=gnu11 -g3 -DDEBUG -DCORE_CM7 -DUSE_HAL_DRIVER -DSTM32H745xx -DUSE_PWR_DIRECT_SMPS_SUPPLY -c -I../Core/Inc -I../../Drivers/STM32H7xx_HAL_Driver/Inc -I../../Drivers/STM32H7xx_HAL_Driver/Inc/Legacy -I../../Drivers/CMSIS/Device/ST/STM32H7xx/Include -I../../Drivers/CMSIS/Include -O0 -ffunction-sections -fdata-sections -Wall -fstack-usage -fcyclomatic-complexity -MMD -MP -MF"Drivers/STM32H7xx_HAL_Driver/stm32h7xx_hal_uart_ex.d" -MT"Drivers/STM32H7xx_HAL_Driver/stm32h7xx_hal_uart_ex.o" --specs=nano.specs -mfpu=fpv5-d16 -mfloat-abi=hard -mthumb -o "Drivers/STM32H7xx_HAL_Driver/stm32h7xx_hal_uart_ex.o"
arm-none-eabi-gcc -mcpu=cortex-m7 -g3 -DDEBUG -c -x assembler-with-cpp -MMD -MP -MF"Core/Startup/startup_stm32h745zitx.d" -MT"Core/Startup/startup_stm32h745zitx.o" --specs=nano.specs -mfpu=fpv5-d16 -mfloat-abi=hard -mthumb -o "Core/Startup/startup_stm32h745zitx.o" "../Core/Startup/startup_stm32h745zitx.s"
arm-none-eabi-gcc "../Core/Src/main.c" -mcpu=cortex-m7 -std=gnu11 -g3 -DDEBUG -DCORE_CM7 -DUSE_HAL_DRIVER -DSTM32H745xx -DUSE_PWR_DIRECT_SMPS_SUPPLY -c -I../Core/Inc -I../../Drivers/STM32H7xx_HAL_Driver/Inc -I../../Drivers/STM32H7xx_HAL_Driver/Inc/Legacy -I../../Drivers/CMSIS/Device/ST/STM32H7xx/Include -I../../Drivers/CMSIS/Include -O0 -ffunction-sections -fdata-sections -Wall -fstack-usage -fcyclomatic-complexity -MMD -MP -MF"Core/Src/main.d" -MT"Core/Src/main.o" --specs=nano.specs -mfpu=fpv5-d16 -mfloat-abi=hard -mthumb -o "Core/Src/main.o"
arm-none-eabi-gcc "../Core/Src/stm32h7xx_hal_msp.c" -mcpu=cortex-m7 -std=gnu11 -g3 -DDEBUG -DCORE_CM7 -DUSE_HAL_DRIVER -DSTM32H745xx -DUSE_PWR_DIRECT_SMPS_SUPPLY -c -I../Core/Inc -I../../Drivers/STM32H7xx_HAL_Driver/Inc -I../../Drivers/STM32H7xx_HAL_Driver/Inc/Legacy -I../../Drivers/CMSIS/Device/ST/STM32H7xx/Include -I../../Drivers/CMSIS/Include -O0 -ffunction-sections -fdata-sections -Wall -fstack-usage -fcyclomatic-complexity -MMD -MP -MF"Core/Src/stm32h7xx_hal_msp.d" -MT"Core/Src/stm32h7xx_hal_msp.o" --specs=nano.specs -mfpu=fpv5-d16 -mfloat-abi=hard -mthumb -o "Core/Src/stm32h7xx_hal_msp.o"
arm-none-eabi-gcc "../Core/Src/stm32h7xx_it.c" -mcpu=cortex-m7 -std=gnu11 -g3 -DDEBUG -DCORE_CM7 -DUSE_HAL_DRIVER -DSTM32H745xx -DUSE_PWR_DIRECT_SMPS_SUPPLY -c -I../Core/Inc -I../../Drivers/STM32H7xx_HAL_Driver/Inc -I../../Drivers/STM32H7xx_HAL_Driver/Inc/Legacy -I../../Drivers/CMSIS/Device/ST/STM32H7xx/Include -I../../Drivers/CMSIS/Include -O0 -ffunction-sections -fdata-sections -Wall -fstack-usage -fcyclomatic-complexity -MMD -MP -MF"Core/Src/stm32h7xx_it.d" -MT"Core/Src/stm32h7xx_it.o" --specs=nano.specs -mfpu=fpv5-d16 -mfloat-abi=hard -mthumb -o "Core/Src/stm32h7xx_it.o"
arm-none-eabi-gcc "../Core/Src/syscalls.c" -mcpu=cortex-m7 -std=gnu11 -g3 -DDEBUG -DCORE_CM7 -DUSE_HAL_DRIVER -DSTM32H745xx -DUSE_PWR_DIRECT_SMPS_SUPPLY -c -I../Core/Inc -I../../Drivers/STM32H7xx_HAL_Driver/Inc -I../../Drivers/STM32H7xx_HAL_Driver/Inc/Legacy -I../../Drivers/CMSIS/Device/ST/STM32H7xx/Include -I../../Drivers/CMSIS/Include -O0 -ffunction-sections -fdata-sections -Wall -fstack-usage -fcyclomatic-complexity -MMD -MP -MF"Core/Src/syscalls.d" -MT"Core/Src/syscalls.o" --specs=nano.specs -mfpu=fpv5-d16 -mfloat-abi=hard -mthumb -o "Core/Src/syscalls.o"
arm-none-eabi-gcc "../Core/Src/sysmem.c" -mcpu=cortex-m7 -std=gnu11 -g3 -DDEBUG -DCORE_CM7 -DUSE_HAL_DRIVER -DSTM32H745xx -DUSE_PWR_DIRECT_SMPS_SUPPLY -c -I../Core/Inc -I../../Drivers/STM32H7xx_HAL_Driver/Inc -I../../Drivers/STM32H7xx_HAL_Driver/Inc/Legacy -I../../Drivers/CMSIS/Device/ST/STM32H7xx/Include -I../../Drivers/CMSIS/Include -O0 -ffunction-sections -fdata-sections -Wall -fstack-usage -fcyclomatic-complexity -MMD -MP -MF"Core/Src/sysmem.d" -MT"Core/Src/sysmem.o" --specs=nano.specs -mfpu=fpv5-d16 -mfloat-abi=hard -mthumb -o "Core/Src/sysmem.o"
arm-none-eabi-gcc "/home/andy/Documents/Embedded-Systems/communication_protocols/UART_UART/Common/Src/system_stm32h7xx_dualcore_boot_cm4_cm7.c" -mcpu=cortex-m7 -std=gnu11 -g3 -DDEBUG -DCORE_CM7 -DUSE_HAL_DRIVER -DSTM32H745xx -DUSE_PWR_DIRECT_SMPS_SUPPLY -c -I../Core/Inc -I../../Drivers/STM32H7xx_HAL_Driver/Inc -I../../Drivers/STM32H7xx_HAL_Driver/Inc/Legacy -I../../Drivers/CMSIS/Device/ST/STM32H7xx/Include -I../../Drivers/CMSIS/Include -O0 -ffunction-sections -fdata-sections -Wall -fstack-usage -fcyclomatic-complexity -MMD -MP -MF"Common/Src/system_stm32h7xx_dualcore_boot_cm4_cm7.d" -MT"Common/Src/system_stm32h7xx_dualcore_boot_cm4_cm7.o" --specs=nano.specs -mfpu=fpv5-d16 -mfloat-abi=hard -mthumb -o "Common/Src/system_stm32h7xx_dualcore_boot_cm4_cm7.o"
arm-none-eabi-gcc -o "UART_UART_CM7.elf" @"objects.list"   -mcpu=cortex-m7 -T"/home/andy/Documents/Embedded-Systems/communication_protocols/UART_UART/CM7/STM32H745ZITX_FLASH.ld" --specs=nosys.specs -Wl,-Map="UART_UART_CM7.map" -Wl,--gc-sections -static --specs=nano.specs -mfpu=fpv5-d16 -mfloat-abi=hard -mthumb -Wl,--start-group -lc -lm -Wl,--end-group
Finished building target: UART_UART_CM7.elf
 
arm-none-eabi-size  UART_UART_CM7.elf 
arm-none-eabi-objdump -h -S UART_UART_CM7.elf  > "UART_UART_CM7.list"
   text	   data	    bss	    dec	    hex	filename
  35868	    108	   2196	  38172	   951c	UART_UART_CM7.elf
Finished building: default.size.stdout
 
Finished building: UART_UART_CM7.list
 
09:45:27 **** Incremental Build of configuration Debug for project UART_UART_CM7 ****
make -j16 all 
arm-none-eabi-size  UART_UART_CM7.elf 
   text	   data	    bss	    dec	    hex	filename
  35868	    108	   2196	  38172	   951c	UART_UART_CM7.elf
Finished building: default.size.stdout
 
09:47:59 **** Incremental Build of configuration Debug for project UART_UART_CM7 ****
make -j16 all 
arm-none-eabi-size  UART_UART_CM7.elf 
   text	   data	    bss	    dec	    hex	filename
  35868	    108	   2196	  38172	   951c	UART_UART_CM7.elf
Finished building: default.size.stdout
 
10:29:03 **** Incremental Build of configuration Debug for project UART_UART_CM7 ****
make -j16 all 
arm-none-eabi-gcc "/home/andy/Documents/Embedded-Systems/communication_protocols/UART_UART/Drivers/STM32H7xx_HAL_Driver/Src/stm32h7xx_hal.c" -mcpu=cortex-m7 -std=gnu11 -g3 -DDEBUG -DCORE_CM7 -DUSE_HAL_DRIVER -DSTM32H745xx -DUSE_PWR_DIRECT_SMPS_SUPPLY -c -I../Core/Inc -I../../Drivers/STM32H7xx_HAL_Driver/Inc -I../../Drivers/STM32H7xx_HAL_Driver/Inc/Legacy -I../../Drivers/CMSIS/Device/ST/STM32H7xx/Include -I../../Drivers/CMSIS/Include -O0 -ffunction-sections -fdata-sections -Wall -fstack-usage -fcyclomatic-complexity -MMD -MP -MF"Drivers/STM32H7xx_HAL_Driver/stm32h7xx_hal.d" -MT"Drivers/STM32H7xx_HAL_Driver/stm32h7xx_hal.o" --specs=nano.specs -mfpu=fpv5-d16 -mfloat-abi=hard -mthumb -o "Drivers/STM32H7xx_HAL_Driver/stm32h7xx_hal.o"
arm-none-eabi-gcc "/home/andy/Documents/Embedded-Systems/communication_protocols/UART_UART/Drivers/STM32H7xx_HAL_Driver/Src/stm32h7xx_hal_cortex.c" -mcpu=cortex-m7 -std=gnu11 -g3 -DDEBUG -DCORE_CM7 -DUSE_HAL_DRIVER -DSTM32H745xx -DUSE_PWR_DIRECT_SMPS_SUPPLY -c -I../Core/Inc -I../../Drivers/STM32H7xx_HAL_Driver/Inc -I../../Drivers/STM32H7xx_HAL_Driver/Inc/Legacy -I../../Drivers/CMSIS/Device/ST/STM32H7xx/Include -I../../Drivers/CMSIS/Include -O0 -ffunction-sections -fdata-sections -Wall -fstack-usage -fcyclomatic-complexity -MMD -MP -MF"Drivers/STM32H7xx_HAL_Driver/stm32h7xx_hal_cortex.d" -MT"Drivers/STM32H7xx_HAL_Driver/stm32h7xx_hal_cortex.o" --specs=nano.specs -mfpu=fpv5-d16 -mfloat-abi=hard -mthumb -o "Drivers/STM32H7xx_HAL_Driver/stm32h7xx_hal_cortex.o"
arm-none-eabi-gcc "/home/andy/Documents/Embedded-Systems/communication_protocols/UART_UART/Drivers/STM32H7xx_HAL_Driver/Src/stm32h7xx_hal_dma.c" -mcpu=cortex-m7 -std=gnu11 -g3 -DDEBUG -DCORE_CM7 -DUSE_HAL_DRIVER -DSTM32H745xx -DUSE_PWR_DIRECT_SMPS_SUPPLY -c -I../Core/Inc -I../../Drivers/STM32H7xx_HAL_Driver/Inc -I../../Drivers/STM32H7xx_HAL_Driver/Inc/Legacy -I../../Drivers/CMSIS/Device/ST/STM32H7xx/Include -I../../Drivers/CMSIS/Include -O0 -ffunction-sections -fdata-sections -Wall -fstack-usage -fcyclomatic-complexity -MMD -MP -MF"Drivers/STM32H7xx_HAL_Driver/stm32h7xx_hal_dma.d" -MT"Drivers/STM32H7xx_HAL_Driver/stm32h7xx_hal_dma.o" --specs=nano.specs -mfpu=fpv5-d16 -mfloat-abi=hard -mthumb -o "Drivers/STM32H7xx_HAL_Driver/stm32h7xx_hal_dma.o"
arm-none-eabi-gcc "/home/andy/Documents/Embedded-Systems/communication_protocols/UART_UART/Drivers/STM32H7xx_HAL_Driver/Src/stm32h7xx_hal_dma_ex.c" -mcpu=cortex-m7 -std=gnu11 -g3 -DDEBUG -DCORE_CM7 -DUSE_HAL_DRIVER -DSTM32H745xx -DUSE_PWR_DIRECT_SMPS_SUPPLY -c -I../Core/Inc -I../../Drivers/STM32H7xx_HAL_Driver/Inc -I../../Drivers/STM32H7xx_HAL_Driver/Inc/Legacy -I../../Drivers/CMSIS/Device/ST/STM32H7xx/Include -I../../Drivers/CMSIS/Include -O0 -ffunction-sections -fdata-sections -Wall -fstack-usage -fcyclomatic-complexity -MMD -MP -MF"Drivers/STM32H7xx_HAL_Driver/stm32h7xx_hal_dma_ex.d" -MT"Drivers/STM32H7xx_HAL_Driver/stm32h7xx_hal_dma_ex.o" --specs=nano.specs -mfpu=fpv5-d16 -mfloat-abi=hard -mthumb -o "Drivers/STM32H7xx_HAL_Driver/stm32h7xx_hal_dma_ex.o"
arm-none-eabi-gcc "/home/andy/Documents/Embedded-Systems/communication_protocols/UART_UART/Drivers/STM32H7xx_HAL_Driver/Src/stm32h7xx_hal_exti.c" -mcpu=cortex-m7 -std=gnu11 -g3 -DDEBUG -DCORE_CM7 -DUSE_HAL_DRIVER -DSTM32H745xx -DUSE_PWR_DIRECT_SMPS_SUPPLY -c -I../Core/Inc -I../../Drivers/STM32H7xx_HAL_Driver/Inc -I../../Drivers/STM32H7xx_HAL_Driver/Inc/Legacy -I../../Drivers/CMSIS/Device/ST/STM32H7xx/Include -I../../Drivers/CMSIS/Include -O0 -ffunction-sections -fdata-sections -Wall -fstack-usage -fcyclomatic-complexity -MMD -MP -MF"Drivers/STM32H7xx_HAL_Driver/stm32h7xx_hal_exti.d" -MT"Drivers/STM32H7xx_HAL_Driver/stm32h7xx_hal_exti.o" --specs=nano.specs -mfpu=fpv5-d16 -mfloat-abi=hard -mthumb -o "Drivers/STM32H7xx_HAL_Driver/stm32h7xx_hal_exti.o"
arm-none-eabi-gcc "/home/andy/Documents/Embedded-Systems/communication_protocols/UART_UART/Drivers/STM32H7xx_HAL_Driver/Src/stm32h7xx_hal_flash.c" -mcpu=cortex-m7 -std=gnu11 -g3 -DDEBUG -DCORE_CM7 -DUSE_HAL_DRIVER -DSTM32H745xx -DUSE_PWR_DIRECT_SMPS_SUPPLY -c -I../Core/Inc -I../../Drivers/STM32H7xx_HAL_Driver/Inc -I../../Drivers/STM32H7xx_HAL_Driver/Inc/Legacy -I../../Drivers/CMSIS/Device/ST/STM32H7xx/Include -I../../Drivers/CMSIS/Include -O0 -ffunction-sections -fdata-sections -Wall -fstack-usage -fcyclomatic-complexity -MMD -MP -MF"Drivers/STM32H7xx_HAL_Driver/stm32h7xx_hal_flash.d" -MT"Drivers/STM32H7xx_HAL_Driver/stm32h7xx_hal_flash.o" --specs=nano.specs -mfpu=fpv5-d16 -mfloat-abi=hard -mthumb -o "Drivers/STM32H7xx_HAL_Driver/stm32h7xx_hal_flash.o"
arm-none-eabi-gcc "/home/andy/Documents/Embedded-Systems/communication_protocols/UART_UART/Drivers/STM32H7xx_HAL_Driver/Src/stm32h7xx_hal_flash_ex.c" -mcpu=cortex-m7 -std=gnu11 -g3 -DDEBUG -DCORE_CM7 -DUSE_HAL_DRIVER -DSTM32H745xx -DUSE_PWR_DIRECT_SMPS_SUPPLY -c -I../Core/Inc -I../../Drivers/STM32H7xx_HAL_Driver/Inc -I../../Drivers/STM32H7xx_HAL_Driver/Inc/Legacy -I../../Drivers/CMSIS/Device/ST/STM32H7xx/Include -I../../Drivers/CMSIS/Include -O0 -ffunction-sections -fdata-sections -Wall -fstack-usage -fcyclomatic-complexity -MMD -MP -MF"Drivers/STM32H7xx_HAL_Driver/stm32h7xx_hal_flash_ex.d" -MT"Drivers/STM32H7xx_HAL_Driver/stm32h7xx_hal_flash_ex.o" --specs=nano.specs -mfpu=fpv5-d16 -mfloat-abi=hard -mthumb -o "Drivers/STM32H7xx_HAL_Driver/stm32h7xx_hal_flash_ex.o"
arm-none-eabi-gcc "/home/andy/Documents/Embedded-Systems/communication_protocols/UART_UART/Drivers/STM32H7xx_HAL_Driver/Src/stm32h7xx_hal_gpio.c" -mcpu=cortex-m7 -std=gnu11 -g3 -DDEBUG -DCORE_CM7 -DUSE_HAL_DRIVER -DSTM32H745xx -DUSE_PWR_DIRECT_SMPS_SUPPLY -c -I../Core/Inc -I../../Drivers/STM32H7xx_HAL_Driver/Inc -I../../Drivers/STM32H7xx_HAL_Driver/Inc/Legacy -I../../Drivers/CMSIS/Device/ST/STM32H7xx/Include -I../../Drivers/CMSIS/Include -O0 -ffunction-sections -fdata-sections -Wall -fstack-usage -fcyclomatic-complexity -MMD -MP -MF"Drivers/STM32H7xx_HAL_Driver/stm32h7xx_hal_gpio.d" -MT"Drivers/STM32H7xx_HAL_Driver/stm32h7xx_hal_gpio.o" --specs=nano.specs -mfpu=fpv5-d16 -mfloat-abi=hard -mthumb -o "Drivers/STM32H7xx_HAL_Driver/stm32h7xx_hal_gpio.o"
arm-none-eabi-gcc "/home/andy/Documents/Embedded-Systems/communication_protocols/UART_UART/Drivers/STM32H7xx_HAL_Driver/Src/stm32h7xx_hal_hsem.c" -mcpu=cortex-m7 -std=gnu11 -g3 -DDEBUG -DCORE_CM7 -DUSE_HAL_DRIVER -DSTM32H745xx -DUSE_PWR_DIRECT_SMPS_SUPPLY -c -I../Core/Inc -I../../Drivers/STM32H7xx_HAL_Driver/Inc -I../../Drivers/STM32H7xx_HAL_Driver/Inc/Legacy -I../../Drivers/CMSIS/Device/ST/STM32H7xx/Include -I../../Drivers/CMSIS/Include -O0 -ffunction-sections -fdata-sections -Wall -fstack-usage -fcyclomatic-complexity -MMD -MP -MF"Drivers/STM32H7xx_HAL_Driver/stm32h7xx_hal_hsem.d" -MT"Drivers/STM32H7xx_HAL_Driver/stm32h7xx_hal_hsem.o" --specs=nano.specs -mfpu=fpv5-d16 -mfloat-abi=hard -mthumb -o "Drivers/STM32H7xx_HAL_Driver/stm32h7xx_hal_hsem.o"
arm-none-eabi-gcc "/home/andy/Documents/Embedded-Systems/communication_protocols/UART_UART/Drivers/STM32H7xx_HAL_Driver/Src/stm32h7xx_hal_i2c.c" -mcpu=cortex-m7 -std=gnu11 -g3 -DDEBUG -DCORE_CM7 -DUSE_HAL_DRIVER -DSTM32H745xx -DUSE_PWR_DIRECT_SMPS_SUPPLY -c -I../Core/Inc -I../../Drivers/STM32H7xx_HAL_Driver/Inc -I../../Drivers/STM32H7xx_HAL_Driver/Inc/Legacy -I../../Drivers/CMSIS/Device/ST/STM32H7xx/Include -I../../Drivers/CMSIS/Include -O0 -ffunction-sections -fdata-sections -Wall -fstack-usage -fcyclomatic-complexity -MMD -MP -MF"Drivers/STM32H7xx_HAL_Driver/stm32h7xx_hal_i2c.d" -MT"Drivers/STM32H7xx_HAL_Driver/stm32h7xx_hal_i2c.o" --specs=nano.specs -mfpu=fpv5-d16 -mfloat-abi=hard -mthumb -o "Drivers/STM32H7xx_HAL_Driver/stm32h7xx_hal_i2c.o"
arm-none-eabi-gcc "/home/andy/Documents/Embedded-Systems/communication_protocols/UART_UART/Drivers/STM32H7xx_HAL_Driver/Src/stm32h7xx_hal_i2c_ex.c" -mcpu=cortex-m7 -std=gnu11 -g3 -DDEBUG -DCORE_CM7 -DUSE_HAL_DRIVER -DSTM32H745xx -DUSE_PWR_DIRECT_SMPS_SUPPLY -c -I../Core/Inc -I../../Drivers/STM32H7xx_HAL_Driver/Inc -I../../Drivers/STM32H7xx_HAL_Driver/Inc/Legacy -I../../Drivers/CMSIS/Device/ST/STM32H7xx/Include -I../../Drivers/CMSIS/Include -O0 -ffunction-sections -fdata-sections -Wall -fstack-usage -fcyclomatic-complexity -MMD -MP -MF"Drivers/STM32H7xx_HAL_Driver/stm32h7xx_hal_i2c_ex.d" -MT"Drivers/STM32H7xx_HAL_Driver/stm32h7xx_hal_i2c_ex.o" --specs=nano.specs -mfpu=fpv5-d16 -mfloat-abi=hard -mthumb -o "Drivers/STM32H7xx_HAL_Driver/stm32h7xx_hal_i2c_ex.o"
arm-none-eabi-gcc "/home/andy/Documents/Embedded-Systems/communication_protocols/UART_UART/Drivers/STM32H7xx_HAL_Driver/Src/stm32h7xx_hal_mdma.c" -mcpu=cortex-m7 -std=gnu11 -g3 -DDEBUG -DCORE_CM7 -DUSE_HAL_DRIVER -DSTM32H745xx -DUSE_PWR_DIRECT_SMPS_SUPPLY -c -I../Core/Inc -I../../Drivers/STM32H7xx_HAL_Driver/Inc -I../../Drivers/STM32H7xx_HAL_Driver/Inc/Legacy -I../../Drivers/CMSIS/Device/ST/STM32H7xx/Include -I../../Drivers/CMSIS/Include -O0 -ffunction-sections -fdata-sections -Wall -fstack-usage -fcyclomatic-complexity -MMD -MP -MF"Drivers/STM32H7xx_HAL_Driver/stm32h7xx_hal_mdma.d" -MT"Drivers/STM32H7xx_HAL_Driver/stm32h7xx_hal_mdma.o" --specs=nano.specs -mfpu=fpv5-d16 -mfloat-abi=hard -mthumb -o "Drivers/STM32H7xx_HAL_Driver/stm32h7xx_hal_mdma.o"
arm-none-eabi-gcc "/home/andy/Documents/Embedded-Systems/communication_protocols/UART_UART/Drivers/STM32H7xx_HAL_Driver/Src/stm32h7xx_hal_pwr.c" -mcpu=cortex-m7 -std=gnu11 -g3 -DDEBUG -DCORE_CM7 -DUSE_HAL_DRIVER -DSTM32H745xx -DUSE_PWR_DIRECT_SMPS_SUPPLY -c -I../Core/Inc -I../../Drivers/STM32H7xx_HAL_Driver/Inc -I../../Drivers/STM32H7xx_HAL_Driver/Inc/Legacy -I../../Drivers/CMSIS/Device/ST/STM32H7xx/Include -I../../Drivers/CMSIS/Include -O0 -ffunction-sections -fdata-sections -Wall -fstack-usage -fcyclomatic-complexity -MMD -MP -MF"Drivers/STM32H7xx_HAL_Driver/stm32h7xx_hal_pwr.d" -MT"Drivers/STM32H7xx_HAL_Driver/stm32h7xx_hal_pwr.o" --specs=nano.specs -mfpu=fpv5-d16 -mfloat-abi=hard -mthumb -o "Drivers/STM32H7xx_HAL_Driver/stm32h7xx_hal_pwr.o"
arm-none-eabi-gcc "/home/andy/Documents/Embedded-Systems/communication_protocols/UART_UART/Drivers/STM32H7xx_HAL_Driver/Src/stm32h7xx_hal_pwr_ex.c" -mcpu=cortex-m7 -std=gnu11 -g3 -DDEBUG -DCORE_CM7 -DUSE_HAL_DRIVER -DSTM32H745xx -DUSE_PWR_DIRECT_SMPS_SUPPLY -c -I../Core/Inc -I../../Drivers/STM32H7xx_HAL_Driver/Inc -I../../Drivers/STM32H7xx_HAL_Driver/Inc/Legacy -I../../Drivers/CMSIS/Device/ST/STM32H7xx/Include -I../../Drivers/CMSIS/Include -O0 -ffunction-sections -fdata-sections -Wall -fstack-usage -fcyclomatic-complexity -MMD -MP -MF"Drivers/STM32H7xx_HAL_Driver/stm32h7xx_hal_pwr_ex.d" -MT"Drivers/STM32H7xx_HAL_Driver/stm32h7xx_hal_pwr_ex.o" --specs=nano.specs -mfpu=fpv5-d16 -mfloat-abi=hard -mthumb -o "Drivers/STM32H7xx_HAL_Driver/stm32h7xx_hal_pwr_ex.o"
arm-none-eabi-gcc "/home/andy/Documents/Embedded-Systems/communication_protocols/UART_UART/Drivers/STM32H7xx_HAL_Driver/Src/stm32h7xx_hal_rcc.c" -mcpu=cortex-m7 -std=gnu11 -g3 -DDEBUG -DCORE_CM7 -DUSE_HAL_DRIVER -DSTM32H745xx -DUSE_PWR_DIRECT_SMPS_SUPPLY -c -I../Core/Inc -I../../Drivers/STM32H7xx_HAL_Driver/Inc -I../../Drivers/STM32H7xx_HAL_Driver/Inc/Legacy -I../../Drivers/CMSIS/Device/ST/STM32H7xx/Include -I../../Drivers/CMSIS/Include -O0 -ffunction-sections -fdata-sections -Wall -fstack-usage -fcyclomatic-complexity -MMD -MP -MF"Drivers/STM32H7xx_HAL_Driver/stm32h7xx_hal_rcc.d" -MT"Drivers/STM32H7xx_HAL_Driver/stm32h7xx_hal_rcc.o" --specs=nano.specs -mfpu=fpv5-d16 -mfloat-abi=hard -mthumb -o "Drivers/STM32H7xx_HAL_Driver/stm32h7xx_hal_rcc.o"
arm-none-eabi-gcc "/home/andy/Documents/Embedded-Systems/communication_protocols/UART_UART/Drivers/STM32H7xx_HAL_Driver/Src/stm32h7xx_hal_rcc_ex.c" -mcpu=cortex-m7 -std=gnu11 -g3 -DDEBUG -DCORE_CM7 -DUSE_HAL_DRIVER -DSTM32H745xx -DUSE_PWR_DIRECT_SMPS_SUPPLY -c -I../Core/Inc -I../../Drivers/STM32H7xx_HAL_Driver/Inc -I../../Drivers/STM32H7xx_HAL_Driver/Inc/Legacy -I../../Drivers/CMSIS/Device/ST/STM32H7xx/Include -I../../Drivers/CMSIS/Include -O0 -ffunction-sections -fdata-sections -Wall -fstack-usage -fcyclomatic-complexity -MMD -MP -MF"Drivers/STM32H7xx_HAL_Driver/stm32h7xx_hal_rcc_ex.d" -MT"Drivers/STM32H7xx_HAL_Driver/stm32h7xx_hal_rcc_ex.o" --specs=nano.specs -mfpu=fpv5-d16 -mfloat-abi=hard -mthumb -o "Drivers/STM32H7xx_HAL_Driver/stm32h7xx_hal_rcc_ex.o"
arm-none-eabi-gcc "/home/andy/Documents/Embedded-Systems/communication_protocols/UART_UART/Drivers/STM32H7xx_HAL_Driver/Src/stm32h7xx_hal_tim.c" -mcpu=cortex-m7 -std=gnu11 -g3 -DDEBUG -DCORE_CM7 -DUSE_HAL_DRIVER -DSTM32H745xx -DUSE_PWR_DIRECT_SMPS_SUPPLY -c -I../Core/Inc -I../../Drivers/STM32H7xx_HAL_Driver/Inc -I../../Drivers/STM32H7xx_HAL_Driver/Inc/Legacy -I../../Drivers/CMSIS/Device/ST/STM32H7xx/Include -I../../Drivers/CMSIS/Include -O0 -ffunction-sections -fdata-sections -Wall -fstack-usage -fcyclomatic-complexity -MMD -MP -MF"Drivers/STM32H7xx_HAL_Driver/stm32h7xx_hal_tim.d" -MT"Drivers/STM32H7xx_HAL_Driver/stm32h7xx_hal_tim.o" --specs=nano.specs -mfpu=fpv5-d16 -mfloat-abi=hard -mthumb -o "Drivers/STM32H7xx_HAL_Driver/stm32h7xx_hal_tim.o"
arm-none-eabi-gcc "/home/andy/Documents/Embedded-Systems/communication_protocols/UART_UART/Drivers/STM32H7xx_HAL_Driver/Src/stm32h7xx_hal_tim_ex.c" -mcpu=cortex-m7 -std=gnu11 -g3 -DDEBUG -DCORE_CM7 -DUSE_HAL_DRIVER -DSTM32H745xx -DUSE_PWR_DIRECT_SMPS_SUPPLY -c -I../Core/Inc -I../../Drivers/STM32H7xx_HAL_Driver/Inc -I../../Drivers/STM32H7xx_HAL_Driver/Inc/Legacy -I../../Drivers/CMSIS/Device/ST/STM32H7xx/Include -I../../Drivers/CMSIS/Include -O0 -ffunction-sections -fdata-sections -Wall -fstack-usage -fcyclomatic-complexity -MMD -MP -MF"Drivers/STM32H7xx_HAL_Driver/stm32h7xx_hal_tim_ex.d" -MT"Drivers/STM32H7xx_HAL_Driver/stm32h7xx_hal_tim_ex.o" --specs=nano.specs -mfpu=fpv5-d16 -mfloat-abi=hard -mthumb -o "Drivers/STM32H7xx_HAL_Driver/stm32h7xx_hal_tim_ex.o"
arm-none-eabi-gcc "/home/andy/Documents/Embedded-Systems/communication_protocols/UART_UART/Drivers/STM32H7xx_HAL_Driver/Src/stm32h7xx_hal_uart.c" -mcpu=cortex-m7 -std=gnu11 -g3 -DDEBUG -DCORE_CM7 -DUSE_HAL_DRIVER -DSTM32H745xx -DUSE_PWR_DIRECT_SMPS_SUPPLY -c -I../Core/Inc -I../../Drivers/STM32H7xx_HAL_Driver/Inc -I../../Drivers/STM32H7xx_HAL_Driver/Inc/Legacy -I../../Drivers/CMSIS/Device/ST/STM32H7xx/Include -I../../Drivers/CMSIS/Include -O0 -ffunction-sections -fdata-sections -Wall -fstack-usage -fcyclomatic-complexity -MMD -MP -MF"Drivers/STM32H7xx_HAL_Driver/stm32h7xx_hal_uart.d" -MT"Drivers/STM32H7xx_HAL_Driver/stm32h7xx_hal_uart.o" --specs=nano.specs -mfpu=fpv5-d16 -mfloat-abi=hard -mthumb -o "Drivers/STM32H7xx_HAL_Driver/stm32h7xx_hal_uart.o"
arm-none-eabi-gcc "/home/andy/Documents/Embedded-Systems/communication_protocols/UART_UART/Drivers/STM32H7xx_HAL_Driver/Src/stm32h7xx_hal_uart_ex.c" -mcpu=cortex-m7 -std=gnu11 -g3 -DDEBUG -DCORE_CM7 -DUSE_HAL_DRIVER -DSTM32H745xx -DUSE_PWR_DIRECT_SMPS_SUPPLY -c -I../Core/Inc -I../../Drivers/STM32H7xx_HAL_Driver/Inc -I../../Drivers/STM32H7xx_HAL_Driver/Inc/Legacy -I../../Drivers/CMSIS/Device/ST/STM32H7xx/Include -I../../Drivers/CMSIS/Include -O0 -ffunction-sections -fdata-sections -Wall -fstack-usage -fcyclomatic-complexity -MMD -MP -MF"Drivers/STM32H7xx_HAL_Driver/stm32h7xx_hal_uart_ex.d" -MT"Drivers/STM32H7xx_HAL_Driver/stm32h7xx_hal_uart_ex.o" --specs=nano.specs -mfpu=fpv5-d16 -mfloat-abi=hard -mthumb -o "Drivers/STM32H7xx_HAL_Driver/stm32h7xx_hal_uart_ex.o"
arm-none-eabi-gcc "../Core/Src/main.c" -mcpu=cortex-m7 -std=gnu11 -g3 -DDEBUG -DCORE_CM7 -DUSE_HAL_DRIVER -DSTM32H745xx -DUSE_PWR_DIRECT_SMPS_SUPPLY -c -I../Core/Inc -I../../Drivers/STM32H7xx_HAL_Driver/Inc -I../../Drivers/STM32H7xx_HAL_Driver/Inc/Legacy -I../../Drivers/CMSIS/Device/ST/STM32H7xx/Include -I../../Drivers/CMSIS/Include -O0 -ffunction-sections -fdata-sections -Wall -fstack-usage -fcyclomatic-complexity -MMD -MP -MF"Core/Src/main.d" -MT"Core/Src/main.o" --specs=nano.specs -mfpu=fpv5-d16 -mfloat-abi=hard -mthumb -o "Core/Src/main.o"
arm-none-eabi-gcc "../Core/Src/stm32h7xx_hal_msp.c" -mcpu=cortex-m7 -std=gnu11 -g3 -DDEBUG -DCORE_CM7 -DUSE_HAL_DRIVER -DSTM32H745xx -DUSE_PWR_DIRECT_SMPS_SUPPLY -c -I../Core/Inc -I../../Drivers/STM32H7xx_HAL_Driver/Inc -I../../Drivers/STM32H7xx_HAL_Driver/Inc/Legacy -I../../Drivers/CMSIS/Device/ST/STM32H7xx/Include -I../../Drivers/CMSIS/Include -O0 -ffunction-sections -fdata-sections -Wall -fstack-usage -fcyclomatic-complexity -MMD -MP -MF"Core/Src/stm32h7xx_hal_msp.d" -MT"Core/Src/stm32h7xx_hal_msp.o" --specs=nano.specs -mfpu=fpv5-d16 -mfloat-abi=hard -mthumb -o "Core/Src/stm32h7xx_hal_msp.o"
arm-none-eabi-gcc "../Core/Src/stm32h7xx_it.c" -mcpu=cortex-m7 -std=gnu11 -g3 -DDEBUG -DCORE_CM7 -DUSE_HAL_DRIVER -DSTM32H745xx -DUSE_PWR_DIRECT_SMPS_SUPPLY -c -I../Core/Inc -I../../Drivers/STM32H7xx_HAL_Driver/Inc -I../../Drivers/STM32H7xx_HAL_Driver/Inc/Legacy -I../../Drivers/CMSIS/Device/ST/STM32H7xx/Include -I../../Drivers/CMSIS/Include -O0 -ffunction-sections -fdata-sections -Wall -fstack-usage -fcyclomatic-complexity -MMD -MP -MF"Core/Src/stm32h7xx_it.d" -MT"Core/Src/stm32h7xx_it.o" --specs=nano.specs -mfpu=fpv5-d16 -mfloat-abi=hard -mthumb -o "Core/Src/stm32h7xx_it.o"
arm-none-eabi-gcc "/home/andy/Documents/Embedded-Systems/communication_protocols/UART_UART/Common/Src/system_stm32h7xx_dualcore_boot_cm4_cm7.c" -mcpu=cortex-m7 -std=gnu11 -g3 -DDEBUG -DCORE_CM7 -DUSE_HAL_DRIVER -DSTM32H745xx -DUSE_PWR_DIRECT_SMPS_SUPPLY -c -I../Core/Inc -I../../Drivers/STM32H7xx_HAL_Driver/Inc -I../../Drivers/STM32H7xx_HAL_Driver/Inc/Legacy -I../../Drivers/CMSIS/Device/ST/STM32H7xx/Include -I../../Drivers/CMSIS/Include -O0 -ffunction-sections -fdata-sections -Wall -fstack-usage -fcyclomatic-complexity -MMD -MP -MF"Common/Src/system_stm32h7xx_dualcore_boot_cm4_cm7.d" -MT"Common/Src/system_stm32h7xx_dualcore_boot_cm4_cm7.o" --specs=nano.specs -mfpu=fpv5-d16 -mfloat-abi=hard -mthumb -o "Common/Src/system_stm32h7xx_dualcore_boot_cm4_cm7.o"
../Core/Src/main.c: In function 'UART_SendString':
../Core/Src/main.c:93:47: warning: implicit declaration of function 'strlen' [-Wimplicit-function-declaration]
   93 |     HAL_UART_Transmit(&huart3, (uint8_t*)str, strlen(str), HAL_MAX_DELAY);
      |                                               ^~~~~~
../Core/Src/main.c:21:1: note: include '<string.h>' or provide a declaration of 'strlen'
   20 | #include "main.h"
  +++ |+#include <string.h>
   21 | 
../Core/Src/main.c:93:47: warning: incompatible implicit declaration of built-in function 'strlen' [-Wbuiltin-declaration-mismatch]
   93 |     HAL_UART_Transmit(&huart3, (uint8_t*)str, strlen(str), HAL_MAX_DELAY);
      |                                               ^~~~~~
../Core/Src/main.c:93:47: note: include '<string.h>' or provide a declaration of 'strlen'
../Core/Src/main.c: In function 'UART_SendNumber':
../Core/Src/main.c:102:5: warning: implicit declaration of function 'sprintf' [-Wimplicit-function-declaration]
  102 |     sprintf(buffer, "%ld", num);
      |     ^~~~~~~
../Core/Src/main.c:21:1: note: include '<stdio.h>' or provide a declaration of 'sprintf'
   20 | #include "main.h"
  +++ |+#include <stdio.h>
   21 | 
../Core/Src/main.c:102:5: warning: incompatible implicit declaration of built-in function 'sprintf' [-Wbuiltin-declaration-mismatch]
  102 |     sprintf(buffer, "%ld", num);
      |     ^~~~~~~
../Core/Src/main.c:102:5: note: include '<stdio.h>' or provide a declaration of 'sprintf'
../Core/Src/main.c: In function 'HAL_UART_RxCpltCallback':
../Core/Src/main.c:134:17: warning: implicit declaration of function 'printf' [-Wimplicit-function-declaration]
  134 |                 printf("ADVERTENCIA: Buffer RX lleno!\r\n");
      |                 ^~~~~~
../Core/Src/main.c:134:17: note: include '<stdio.h>' or provide a declaration of 'printf'
../Core/Src/main.c:134:17: warning: incompatible implicit declaration of built-in function 'printf' [-Wbuiltin-declaration-mismatch]
../Core/Src/main.c:134:17: note: include '<stdio.h>' or provide a declaration of 'printf'
../Core/Src/main.c: In function 'main':
../Core/Src/main.c:227:3: warning: incompatible implicit declaration of built-in function 'printf' [-Wbuiltin-declaration-mismatch]
  227 |   printf("--- MCU Iniciada. TX cada 1.5s ---\r\n");
      |   ^~~~~~
../Core/Src/main.c:227:3: note: include '<stdio.h>' or provide a declaration of 'printf'
../Core/Src/main.c:250:9: warning: incompatible implicit declaration of built-in function 'sprintf' [-Wbuiltin-declaration-mismatch]
  250 |         sprintf(tx_buffer_msg, "MSG propio: %lu\r\n", my_tx_counter++);
      |         ^~~~~~~
../Core/Src/main.c:250:9: note: include '<stdio.h>' or provide a declaration of 'sprintf'
../Core/Src/main.c:274:9: warning: implicit declaration of function 'memset' [-Wimplicit-function-declaration]
  274 |         memset(rx_buffer, 0, RX_BUFFER_SIZE);
      |         ^~~~~~
../Core/Src/main.c:274:9: note: include '<string.h>' or provide a declaration of 'memset'
../Core/Src/main.c:274:9: warning: incompatible implicit declaration of built-in function 'memset' [-Wbuiltin-declaration-mismatch]
../Core/Src/main.c:274:9: note: include '<string.h>' or provide a declaration of 'memset'
arm-none-eabi-gcc -o "UART_UART_CM7.elf" @"objects.list"   -mcpu=cortex-m7 -T"/home/andy/Documents/Embedded-Systems/communication_protocols/UART_UART/CM7/STM32H745ZITX_FLASH.ld" --specs=nosys.specs -Wl,-Map="UART_UART_CM7.map" -Wl,--gc-sections -static --specs=nano.specs -mfpu=fpv5-d16 -mfloat-abi=hard -mthumb -Wl,--start-group -lc -lm -Wl,--end-group
Finished building target: UART_UART_CM7.elf
 
arm-none-eabi-size  UART_UART_CM7.elf 
arm-none-eabi-objdump -h -S UART_UART_CM7.elf  > "UART_UART_CM7.list"
   text	   data	    bss	    dec	    hex	filename
  36452	    108	   2196	  38756	   9764	UART_UART_CM7.elf
Finished building: default.size.stdout
 
Finished building: UART_UART_CM7.list
 
10:41:29 **** Incremental Build of configuration Debug for project UART_UART_CM7 ****
make -j16 all 
arm-none-eabi-size  UART_UART_CM7.elf 
   text	   data	    bss	    dec	    hex	filename
  36452	    108	   2196	  38756	   9764	UART_UART_CM7.elf
Finished building: default.size.stdout
 
11:17:56 **** Incremental Build of configuration Debug for project UART_UART_CM7 ****
make -j16 all 
arm-none-eabi-gcc "../Core/Src/main.c" -mcpu=cortex-m7 -std=gnu11 -g3 -DDEBUG -DCORE_CM7 -DUSE_HAL_DRIVER -DSTM32H745xx -DUSE_PWR_DIRECT_SMPS_SUPPLY -c -I../Core/Inc -I../../Drivers/STM32H7xx_HAL_Driver/Inc -I../../Drivers/STM32H7xx_HAL_Driver/Inc/Legacy -I../../Drivers/CMSIS/Device/ST/STM32H7xx/Include -I../../Drivers/CMSIS/Include -O0 -ffunction-sections -fdata-sections -Wall -fstack-usage -fcyclomatic-complexity -MMD -MP -MF"Core/Src/main.d" -MT"Core/Src/main.o" --specs=nano.specs -mfpu=fpv5-d16 -mfloat-abi=hard -mthumb -o "Core/Src/main.o"
../Core/Src/main.c: In function 'UART_SendString':
../Core/Src/main.c:93:47: warning: implicit declaration of function 'strlen' [-Wimplicit-function-declaration]
   93 |     HAL_UART_Transmit(&huart3, (uint8_t*)str, strlen(str), HAL_MAX_DELAY);
      |                                               ^~~~~~
../Core/Src/main.c:21:1: note: include '<string.h>' or provide a declaration of 'strlen'
   20 | #include "main.h"
  +++ |+#include <string.h>
   21 | 
../Core/Src/main.c:93:47: warning: incompatible implicit declaration of built-in function 'strlen' [-Wbuiltin-declaration-mismatch]
   93 |     HAL_UART_Transmit(&huart3, (uint8_t*)str, strlen(str), HAL_MAX_DELAY);
      |                                               ^~~~~~
../Core/Src/main.c:93:47: note: include '<string.h>' or provide a declaration of 'strlen'
../Core/Src/main.c: In function 'UART_SendNumber':
../Core/Src/main.c:102:5: warning: implicit declaration of function 'sprintf' [-Wimplicit-function-declaration]
  102 |     sprintf(buffer, "%ld", num);
      |     ^~~~~~~
../Core/Src/main.c:21:1: note: include '<stdio.h>' or provide a declaration of 'sprintf'
   20 | #include "main.h"
  +++ |+#include <stdio.h>
   21 | 
../Core/Src/main.c:102:5: warning: incompatible implicit declaration of built-in function 'sprintf' [-Wbuiltin-declaration-mismatch]
  102 |     sprintf(buffer, "%ld", num);
      |     ^~~~~~~
../Core/Src/main.c:102:5: note: include '<stdio.h>' or provide a declaration of 'sprintf'
../Core/Src/main.c: In function 'HAL_UART_RxCpltCallback':
../Core/Src/main.c:134:17: warning: implicit declaration of function 'printf' [-Wimplicit-function-declaration]
  134 |                 printf("ADVERTENCIA: Buffer RX lleno!\r\n");
      |                 ^~~~~~
../Core/Src/main.c:134:17: note: include '<stdio.h>' or provide a declaration of 'printf'
../Core/Src/main.c:134:17: warning: incompatible implicit declaration of built-in function 'printf' [-Wbuiltin-declaration-mismatch]
../Core/Src/main.c:134:17: note: include '<stdio.h>' or provide a declaration of 'printf'
../Core/Src/main.c: In function 'main':
../Core/Src/main.c:227:3: warning: incompatible implicit declaration of built-in function 'printf' [-Wbuiltin-declaration-mismatch]
  227 |   printf("--- MCU Iniciada. TX cada 1.5s ---\r\n");
      |   ^~~~~~
../Core/Src/main.c:227:3: note: include '<stdio.h>' or provide a declaration of 'printf'
../Core/Src/main.c:250:9: warning: incompatible implicit declaration of built-in function 'sprintf' [-Wbuiltin-declaration-mismatch]
  250 |         sprintf(tx_buffer_msg, "MSG propio: %lu\r\n", my_tx_counter++);
      |         ^~~~~~~
../Core/Src/main.c:250:9: note: include '<stdio.h>' or provide a declaration of 'sprintf'
../Core/Src/main.c:275:9: warning: implicit declaration of function 'memset' [-Wimplicit-function-declaration]
  275 |         memset(rx_buffer, 0, RX_BUFFER_SIZE);
      |         ^~~~~~
../Core/Src/main.c:275:9: note: include '<string.h>' or provide a declaration of 'memset'
../Core/Src/main.c:275:9: warning: incompatible implicit declaration of built-in function 'memset' [-Wbuiltin-declaration-mismatch]
../Core/Src/main.c:275:9: note: include '<string.h>' or provide a declaration of 'memset'
arm-none-eabi-gcc -o "UART_UART_CM7.elf" @"objects.list"   -mcpu=cortex-m7 -T"/home/andy/Documents/Embedded-Systems/communication_protocols/UART_UART/CM7/STM32H745ZITX_FLASH.ld" --specs=nosys.specs -Wl,-Map="UART_UART_CM7.map" -Wl,--gc-sections -static --specs=nano.specs -mfpu=fpv5-d16 -mfloat-abi=hard -mthumb -Wl,--start-group -lc -lm -Wl,--end-group
Finished building target: UART_UART_CM7.elf
 
arm-none-eabi-size  UART_UART_CM7.elf 
arm-none-eabi-objdump -h -S UART_UART_CM7.elf  > "UART_UART_CM7.list"
   text	   data	    bss	    dec	    hex	filename
  36452	    108	   2196	  38756	   9764	UART_UART_CM7.elf
Finished building: default.size.stdout
 
Finished building: UART_UART_CM7.list
 
11:20:21 **** Incremental Build of configuration Debug for project UART_UART_CM7 ****
make -j16 all 
arm-none-eabi-size  UART_UART_CM7.elf 
   text	   data	    bss	    dec	    hex	filename
  36452	    108	   2196	  38756	   9764	UART_UART_CM7.elf
Finished building: default.size.stdout
 
11:28:01 **** Incremental Build of configuration Debug for project UART_UART_CM7 ****
make -j16 all 
arm-none-eabi-gcc "../Core/Src/main.c" -mcpu=cortex-m7 -std=gnu11 -g3 -DDEBUG -DCORE_CM7 -DUSE_HAL_DRIVER -DSTM32H745xx -DUSE_PWR_DIRECT_SMPS_SUPPLY -c -I../Core/Inc -I../../Drivers/STM32H7xx_HAL_Driver/Inc -I../../Drivers/STM32H7xx_HAL_Driver/Inc/Legacy -I../../Drivers/CMSIS/Device/ST/STM32H7xx/Include -I../../Drivers/CMSIS/Include -O0 -ffunction-sections -fdata-sections -Wall -fstack-usage -fcyclomatic-complexity -MMD -MP -MF"Core/Src/main.d" -MT"Core/Src/main.o" --specs=nano.specs -mfpu=fpv5-d16 -mfloat-abi=hard -mthumb -o "Core/Src/main.o"
arm-none-eabi-gcc -o "UART_UART_CM7.elf" @"objects.list"   -mcpu=cortex-m7 -T"/home/andy/Documents/Embedded-Systems/communication_protocols/UART_UART/CM7/STM32H745ZITX_FLASH.ld" --specs=nosys.specs -Wl,-Map="UART_UART_CM7.map" -Wl,--gc-sections -static --specs=nano.specs -mfpu=fpv5-d16 -mfloat-abi=hard -mthumb -Wl,--start-group -lc -lm -Wl,--end-group
Finished building target: UART_UART_CM7.elf
 
arm-none-eabi-size  UART_UART_CM7.elf 
arm-none-eabi-objdump -h -S UART_UART_CM7.elf  > "UART_UART_CM7.list"
   text	   data	    bss	    dec	    hex	filename
  35504	    108	   2196	  37808	   93b0	UART_UART_CM7.elf
Finished building: default.size.stdout
 
Finished building: UART_UART_CM7.list
 
11:29:11 **** Incremental Build of configuration Debug for project UART_UART_CM7 ****
make -j16 all 
arm-none-eabi-size  UART_UART_CM7.elf 
   text	   data	    bss	    dec	    hex	filename
  35504	    108	   2196	  37808	   93b0	UART_UART_CM7.elf
Finished building: default.size.stdout
 
11:32:23 **** Incremental Build of configuration Debug for project UART_UART_CM7 ****
make -j16 all 
arm-none-eabi-size  UART_UART_CM7.elf 
   text	   data	    bss	    dec	    hex	filename
  35504	    108	   2196	  37808	   93b0	UART_UART_CM7.elf
Finished building: default.size.stdout
 
11:35:42 **** Incremental Build of configuration Debug for project UART_UART_CM7 ****
make -j16 all 
arm-none-eabi-gcc "../Core/Src/main.c" -mcpu=cortex-m7 -std=gnu11 -g3 -DDEBUG -DCORE_CM7 -DUSE_HAL_DRIVER -DSTM32H745xx -DUSE_PWR_DIRECT_SMPS_SUPPLY -c -I../Core/Inc -I../../Drivers/STM32H7xx_HAL_Driver/Inc -I../../Drivers/STM32H7xx_HAL_Driver/Inc/Legacy -I../../Drivers/CMSIS/Device/ST/STM32H7xx/Include -I../../Drivers/CMSIS/Include -O0 -ffunction-sections -fdata-sections -Wall -fstack-usage -fcyclomatic-complexity -MMD -MP -MF"Core/Src/main.d" -MT"Core/Src/main.o" --specs=nano.specs -mfpu=fpv5-d16 -mfloat-abi=hard -mthumb -o "Core/Src/main.o"
../Core/Src/main.c: In function 'UART_SendString':
../Core/Src/main.c:93:47: warning: implicit declaration of function 'strlen' [-Wimplicit-function-declaration]
   93 |     HAL_UART_Transmit(&huart3, (uint8_t*)str, strlen(str), HAL_MAX_DELAY);
      |                                               ^~~~~~
../Core/Src/main.c:21:1: note: include '<string.h>' or provide a declaration of 'strlen'
   20 | #include "main.h"
  +++ |+#include <string.h>
   21 | 
../Core/Src/main.c:93:47: warning: incompatible implicit declaration of built-in function 'strlen' [-Wbuiltin-declaration-mismatch]
   93 |     HAL_UART_Transmit(&huart3, (uint8_t*)str, strlen(str), HAL_MAX_DELAY);
      |                                               ^~~~~~
../Core/Src/main.c:93:47: note: include '<string.h>' or provide a declaration of 'strlen'
../Core/Src/main.c: In function 'UART_SendNumber':
../Core/Src/main.c:102:5: warning: implicit declaration of function 'sprintf' [-Wimplicit-function-declaration]
  102 |     sprintf(buffer, "%ld", num);
      |     ^~~~~~~
../Core/Src/main.c:21:1: note: include '<stdio.h>' or provide a declaration of 'sprintf'
   20 | #include "main.h"
  +++ |+#include <stdio.h>
   21 | 
../Core/Src/main.c:102:5: warning: incompatible implicit declaration of built-in function 'sprintf' [-Wbuiltin-declaration-mismatch]
  102 |     sprintf(buffer, "%ld", num);
      |     ^~~~~~~
../Core/Src/main.c:102:5: note: include '<stdio.h>' or provide a declaration of 'sprintf'
../Core/Src/main.c: In function 'HAL_UART_RxCpltCallback':
../Core/Src/main.c:134:17: warning: implicit declaration of function 'printf' [-Wimplicit-function-declaration]
  134 |                 printf("ADVERTENCIA: Buffer RX lleno!\r\n");
      |                 ^~~~~~
../Core/Src/main.c:134:17: note: include '<stdio.h>' or provide a declaration of 'printf'
../Core/Src/main.c:134:17: warning: incompatible implicit declaration of built-in function 'printf' [-Wbuiltin-declaration-mismatch]
../Core/Src/main.c:134:17: note: include '<stdio.h>' or provide a declaration of 'printf'
../Core/Src/main.c: In function 'main':
../Core/Src/main.c:227:3: warning: incompatible implicit declaration of built-in function 'printf' [-Wbuiltin-declaration-mismatch]
  227 |   printf("--- MCU Iniciada. TX cada 1.5s ---\r\n");
      |   ^~~~~~
../Core/Src/main.c:227:3: note: include '<stdio.h>' or provide a declaration of 'printf'
../Core/Src/main.c:250:9: warning: incompatible implicit declaration of built-in function 'sprintf' [-Wbuiltin-declaration-mismatch]
  250 |         sprintf(tx_buffer_msg, "MSG propio: %lu\r\n", my_tx_counter++);
      |         ^~~~~~~
../Core/Src/main.c:250:9: note: include '<stdio.h>' or provide a declaration of 'sprintf'
../Core/Src/main.c:274:9: warning: implicit declaration of function 'memset' [-Wimplicit-function-declaration]
  274 |         memset(rx_buffer, 0, RX_BUFFER_SIZE);
      |         ^~~~~~
../Core/Src/main.c:274:9: note: include '<string.h>' or provide a declaration of 'memset'
../Core/Src/main.c:274:9: warning: incompatible implicit declaration of built-in function 'memset' [-Wbuiltin-declaration-mismatch]
../Core/Src/main.c:274:9: note: include '<string.h>' or provide a declaration of 'memset'
arm-none-eabi-gcc -o "UART_UART_CM7.elf" @"objects.list"   -mcpu=cortex-m7 -T"/home/andy/Documents/Embedded-Systems/communication_protocols/UART_UART/CM7/STM32H745ZITX_FLASH.ld" --specs=nosys.specs -Wl,-Map="UART_UART_CM7.map" -Wl,--gc-sections -static --specs=nano.specs -mfpu=fpv5-d16 -mfloat-abi=hard -mthumb -Wl,--start-group -lc -lm -Wl,--end-group
Finished building target: UART_UART_CM7.elf
 
arm-none-eabi-size  UART_UART_CM7.elf 
arm-none-eabi-objdump -h -S UART_UART_CM7.elf  > "UART_UART_CM7.list"
   text	   data	    bss	    dec	    hex	filename
  36452	    108	   2196	  38756	   9764	UART_UART_CM7.elf
Finished building: default.size.stdout
 
Finished building: UART_UART_CM7.list
 
12:23:10 **** Incremental Build of configuration Debug for project UART_UART_CM7 ****
make -j16 all 
arm-none-eabi-gcc "../Core/Src/main.c" -mcpu=cortex-m7 -std=gnu11 -g3 -DDEBUG -DCORE_CM7 -DUSE_HAL_DRIVER -DSTM32H745xx -DUSE_PWR_DIRECT_SMPS_SUPPLY -c -I../Core/Inc -I../../Drivers/STM32H7xx_HAL_Driver/Inc -I../../Drivers/STM32H7xx_HAL_Driver/Inc/Legacy -I../../Drivers/CMSIS/Device/ST/STM32H7xx/Include -I../../Drivers/CMSIS/Include -O0 -ffunction-sections -fdata-sections -Wall -fstack-usage -fcyclomatic-complexity -MMD -MP -MF"Core/Src/main.d" -MT"Core/Src/main.o" --specs=nano.specs -mfpu=fpv5-d16 -mfloat-abi=hard -mthumb -o "Core/Src/main.o"
../Core/Src/main.c: In function 'UART_SendString':
../Core/Src/main.c:93:47: warning: implicit declaration of function 'strlen' [-Wimplicit-function-declaration]
   93 |     HAL_UART_Transmit(&huart3, (uint8_t*)str, strlen(str), HAL_MAX_DELAY);
      |                                               ^~~~~~
../Core/Src/main.c:21:1: note: include '<string.h>' or provide a declaration of 'strlen'
   20 | #include "main.h"
  +++ |+#include <string.h>
   21 | 
../Core/Src/main.c:93:47: warning: incompatible implicit declaration of built-in function 'strlen' [-Wbuiltin-declaration-mismatch]
   93 |     HAL_UART_Transmit(&huart3, (uint8_t*)str, strlen(str), HAL_MAX_DELAY);
      |                                               ^~~~~~
../Core/Src/main.c:93:47: note: include '<string.h>' or provide a declaration of 'strlen'
../Core/Src/main.c: In function 'UART_SendNumber':
../Core/Src/main.c:102:5: warning: implicit declaration of function 'sprintf' [-Wimplicit-function-declaration]
  102 |     sprintf(buffer, "%ld", num);
      |     ^~~~~~~
../Core/Src/main.c:21:1: note: include '<stdio.h>' or provide a declaration of 'sprintf'
   20 | #include "main.h"
  +++ |+#include <stdio.h>
   21 | 
../Core/Src/main.c:102:5: warning: incompatible implicit declaration of built-in function 'sprintf' [-Wbuiltin-declaration-mismatch]
  102 |     sprintf(buffer, "%ld", num);
      |     ^~~~~~~
../Core/Src/main.c:102:5: note: include '<stdio.h>' or provide a declaration of 'sprintf'
../Core/Src/main.c: In function 'HAL_UART_RxCpltCallback':
../Core/Src/main.c:134:17: warning: implicit declaration of function 'printf' [-Wimplicit-function-declaration]
  134 |                 printf("ADVERTENCIA: Buffer RX lleno!\r\n");
      |                 ^~~~~~
../Core/Src/main.c:134:17: note: include '<stdio.h>' or provide a declaration of 'printf'
../Core/Src/main.c:134:17: warning: incompatible implicit declaration of built-in function 'printf' [-Wbuiltin-declaration-mismatch]
../Core/Src/main.c:134:17: note: include '<stdio.h>' or provide a declaration of 'printf'
../Core/Src/main.c: In function 'main':
../Core/Src/main.c:227:3: warning: incompatible implicit declaration of built-in function 'printf' [-Wbuiltin-declaration-mismatch]
  227 |   printf("--- MCU Iniciada. TX cada 1.5s ---\r\n");
      |   ^~~~~~
../Core/Src/main.c:227:3: note: include '<stdio.h>' or provide a declaration of 'printf'
../Core/Src/main.c:248:9: error: unknown type name 'Modulo'
  248 |         Modulo controlador para interface CAN TJA1050 tengo ese funcionara??
      |         ^~~~~~
../Core/Src/main.c:248:28: error: expected '=', ',', ';', 'asm' or '__attribute__' before 'para'
  248 |         Modulo controlador para interface CAN TJA1050 tengo ese funcionara??
      |                            ^~~~
../Core/Src/main.c:274:9: warning: implicit declaration of function 'memset' [-Wimplicit-function-declaration]
  274 |         memset(rx_buffer, 0, RX_BUFFER_SIZE);
      |         ^~~~~~
../Core/Src/main.c:274:9: note: include '<string.h>' or provide a declaration of 'memset'
../Core/Src/main.c:274:9: warning: incompatible implicit declaration of built-in function 'memset' [-Wbuiltin-declaration-mismatch]
../Core/Src/main.c:274:9: note: include '<string.h>' or provide a declaration of 'memset'
../Core/Src/main.c: At top level:
../Core/Src/main.c:63:17: warning: 'my_tx_counter' defined but not used [-Wunused-variable]
   63 | static uint32_t my_tx_counter = 0;
      |                 ^~~~~~~~~~~~~
make: *** [Core/Src/subdir.mk:31: Core/Src/main.o] Error 1
"make -j16 all" terminated with exit code 2. Build might be incomplete.
12:23:32 **** Incremental Build of configuration Debug for project UART_UART_CM7 ****
make -j16 all 
arm-none-eabi-gcc "../Core/Src/main.c" -mcpu=cortex-m7 -std=gnu11 -g3 -DDEBUG -DCORE_CM7 -DUSE_HAL_DRIVER -DSTM32H745xx -DUSE_PWR_DIRECT_SMPS_SUPPLY -c -I../Core/Inc -I../../Drivers/STM32H7xx_HAL_Driver/Inc -I../../Drivers/STM32H7xx_HAL_Driver/Inc/Legacy -I../../Drivers/CMSIS/Device/ST/STM32H7xx/Include -I../../Drivers/CMSIS/Include -O0 -ffunction-sections -fdata-sections -Wall -fstack-usage -fcyclomatic-complexity -MMD -MP -MF"Core/Src/main.d" -MT"Core/Src/main.o" --specs=nano.specs -mfpu=fpv5-d16 -mfloat-abi=hard -mthumb -o "Core/Src/main.o"
../Core/Src/main.c: In function 'UART_SendString':
../Core/Src/main.c:93:47: warning: implicit declaration of function 'strlen' [-Wimplicit-function-declaration]
   93 |     HAL_UART_Transmit(&huart3, (uint8_t*)str, strlen(str), HAL_MAX_DELAY);
      |                                               ^~~~~~
../Core/Src/main.c:21:1: note: include '<string.h>' or provide a declaration of 'strlen'
   20 | #include "main.h"
  +++ |+#include <string.h>
   21 | 
../Core/Src/main.c:93:47: warning: incompatible implicit declaration of built-in function 'strlen' [-Wbuiltin-declaration-mismatch]
   93 |     HAL_UART_Transmit(&huart3, (uint8_t*)str, strlen(str), HAL_MAX_DELAY);
      |                                               ^~~~~~
../Core/Src/main.c:93:47: note: include '<string.h>' or provide a declaration of 'strlen'
../Core/Src/main.c: In function 'UART_SendNumber':
../Core/Src/main.c:102:5: warning: implicit declaration of function 'sprintf' [-Wimplicit-function-declaration]
  102 |     sprintf(buffer, "%ld", num);
      |     ^~~~~~~
../Core/Src/main.c:21:1: note: include '<stdio.h>' or provide a declaration of 'sprintf'
   20 | #include "main.h"
  +++ |+#include <stdio.h>
   21 | 
../Core/Src/main.c:102:5: warning: incompatible implicit declaration of built-in function 'sprintf' [-Wbuiltin-declaration-mismatch]
  102 |     sprintf(buffer, "%ld", num);
      |     ^~~~~~~
../Core/Src/main.c:102:5: note: include '<stdio.h>' or provide a declaration of 'sprintf'
../Core/Src/main.c: In function 'HAL_UART_RxCpltCallback':
../Core/Src/main.c:134:17: warning: implicit declaration of function 'printf' [-Wimplicit-function-declaration]
  134 |                 printf("ADVERTENCIA: Buffer RX lleno!\r\n");
      |                 ^~~~~~
../Core/Src/main.c:134:17: note: include '<stdio.h>' or provide a declaration of 'printf'
../Core/Src/main.c:134:17: warning: incompatible implicit declaration of built-in function 'printf' [-Wbuiltin-declaration-mismatch]
../Core/Src/main.c:134:17: note: include '<stdio.h>' or provide a declaration of 'printf'
../Core/Src/main.c: In function 'main':
../Core/Src/main.c:227:3: warning: incompatible implicit declaration of built-in function 'printf' [-Wbuiltin-declaration-mismatch]
  227 |   printf("--- MCU Iniciada. TX cada 1.5s ---\r\n");
      |   ^~~~~~
../Core/Src/main.c:227:3: note: include '<stdio.h>' or provide a declaration of 'printf'
../Core/Src/main.c:250:9: warning: incompatible implicit declaration of built-in function 'sprintf' [-Wbuiltin-declaration-mismatch]
  250 |         sprintf(tx_buffer_msg, "MSG propio: %lu\r\n", my_tx_counter++);
      |         ^~~~~~~
../Core/Src/main.c:250:9: note: include '<stdio.h>' or provide a declaration of 'sprintf'
../Core/Src/main.c:274:9: warning: implicit declaration of function 'memset' [-Wimplicit-function-declaration]
  274 |         memset(rx_buffer, 0, RX_BUFFER_SIZE);
      |         ^~~~~~
../Core/Src/main.c:274:9: note: include '<string.h>' or provide a declaration of 'memset'
../Core/Src/main.c:274:9: warning: incompatible implicit declaration of built-in function 'memset' [-Wbuiltin-declaration-mismatch]
../Core/Src/main.c:274:9: note: include '<string.h>' or provide a declaration of 'memset'
arm-none-eabi-gcc -o "UART_UART_CM7.elf" @"objects.list"   -mcpu=cortex-m7 -T"/home/andy/Documents/Embedded-Systems/communication_protocols/UART_UART/CM7/STM32H745ZITX_FLASH.ld" --specs=nosys.specs -Wl,-Map="UART_UART_CM7.map" -Wl,--gc-sections -static --specs=nano.specs -mfpu=fpv5-d16 -mfloat-abi=hard -mthumb -Wl,--start-group -lc -lm -Wl,--end-group
Finished building target: UART_UART_CM7.elf
 
arm-none-eabi-size  UART_UART_CM7.elf 
arm-none-eabi-objdump -h -S UART_UART_CM7.elf  > "UART_UART_CM7.list"
   text	   data	    bss	    dec	    hex	filename
  36452	    108	   2196	  38756	   9764	UART_UART_CM7.elf
Finished building: default.size.stdout
 
Finished building: UART_UART_CM7.list
 
12:29:29 **** Incremental Build of configuration Debug for project UART_UART_CM7 ****
make -j16 all 
arm-none-eabi-gcc "../Core/Src/main.c" -mcpu=cortex-m7 -std=gnu11 -g3 -DDEBUG -DCORE_CM7 -DUSE_HAL_DRIVER -DSTM32H745xx -DUSE_PWR_DIRECT_SMPS_SUPPLY -c -I../Core/Inc -I../../Drivers/STM32H7xx_HAL_Driver/Inc -I../../Drivers/STM32H7xx_HAL_Driver/Inc/Legacy -I../../Drivers/CMSIS/Device/ST/STM32H7xx/Include -I../../Drivers/CMSIS/Include -O0 -ffunction-sections -fdata-sections -Wall -fstack-usage -fcyclomatic-complexity -MMD -MP -MF"Core/Src/main.d" -MT"Core/Src/main.o" --specs=nano.specs -mfpu=fpv5-d16 -mfloat-abi=hard -mthumb -o "Core/Src/main.o"
../Core/Src/main.c: In function 'UART_SendString':
../Core/Src/main.c:93:47: warning: implicit declaration of function 'strlen' [-Wimplicit-function-declaration]
   93 |     HAL_UART_Transmit(&huart3, (uint8_t*)str, strlen(str), HAL_MAX_DELAY);
      |                                               ^~~~~~
../Core/Src/main.c:21:1: note: include '<string.h>' or provide a declaration of 'strlen'
   20 | #include "main.h"
  +++ |+#include <string.h>
   21 | 
../Core/Src/main.c:93:47: warning: incompatible implicit declaration of built-in function 'strlen' [-Wbuiltin-declaration-mismatch]
   93 |     HAL_UART_Transmit(&huart3, (uint8_t*)str, strlen(str), HAL_MAX_DELAY);
      |                                               ^~~~~~
../Core/Src/main.c:93:47: note: include '<string.h>' or provide a declaration of 'strlen'
../Core/Src/main.c: In function 'UART_SendNumber':
../Core/Src/main.c:102:5: warning: implicit declaration of function 'sprintf' [-Wimplicit-function-declaration]
  102 |     sprintf(buffer, "%ld", num);
      |     ^~~~~~~
../Core/Src/main.c:21:1: note: include '<stdio.h>' or provide a declaration of 'sprintf'
   20 | #include "main.h"
  +++ |+#include <stdio.h>
   21 | 
../Core/Src/main.c:102:5: warning: incompatible implicit declaration of built-in function 'sprintf' [-Wbuiltin-declaration-mismatch]
  102 |     sprintf(buffer, "%ld", num);
      |     ^~~~~~~
../Core/Src/main.c:102:5: note: include '<stdio.h>' or provide a declaration of 'sprintf'
../Core/Src/main.c: In function 'HAL_UART_RxCpltCallback':
../Core/Src/main.c:134:17: warning: implicit declaration of function 'printf' [-Wimplicit-function-declaration]
  134 |                 printf("ADVERTENCIA: Buffer RX lleno!\r\n");
      |                 ^~~~~~
../Core/Src/main.c:134:17: note: include '<stdio.h>' or provide a declaration of 'printf'
../Core/Src/main.c:134:17: warning: incompatible implicit declaration of built-in function 'printf' [-Wbuiltin-declaration-mismatch]
../Core/Src/main.c:134:17: note: include '<stdio.h>' or provide a declaration of 'printf'
../Core/Src/main.c: In function 'main':
../Core/Src/main.c:227:3: warning: incompatible implicit declaration of built-in function 'printf' [-Wbuiltin-declaration-mismatch]
  227 |   printf("--- MCU Iniciada. TX cada 1.5s ---\r\n");
      |   ^~~~~~
../Core/Src/main.c:227:3: note: include '<stdio.h>' or provide a declaration of 'printf'
../Core/Src/main.c:250:9: warning: incompatible implicit declaration of built-in function 'sprintf' [-Wbuiltin-declaration-mismatch]
  250 |         sprintf(tx_buffer_msg, "MSG propio: %lu\r\n", my_tx_counter++);
      |         ^~~~~~~
../Core/Src/main.c:250:9: note: include '<stdio.h>' or provide a declaration of 'sprintf'
../Core/Src/main.c:274:9: warning: implicit declaration of function 'memset' [-Wimplicit-function-declaration]
  274 |         memset(rx_buffer, 0, RX_BUFFER_SIZE);
      |         ^~~~~~
../Core/Src/main.c:274:9: note: include '<string.h>' or provide a declaration of 'memset'
../Core/Src/main.c:274:9: warning: incompatible implicit declaration of built-in function 'memset' [-Wbuiltin-declaration-mismatch]
../Core/Src/main.c:274:9: note: include '<string.h>' or provide a declaration of 'memset'
arm-none-eabi-gcc -o "UART_UART_CM7.elf" @"objects.list"   -mcpu=cortex-m7 -T"/home/andy/Documents/Embedded-Systems/communication_protocols/UART_UART/CM7/STM32H745ZITX_FLASH.ld" --specs=nosys.specs -Wl,-Map="UART_UART_CM7.map" -Wl,--gc-sections -static --specs=nano.specs -mfpu=fpv5-d16 -mfloat-abi=hard -mthumb -Wl,--start-group -lc -lm -Wl,--end-group
Finished building target: UART_UART_CM7.elf
 
arm-none-eabi-size  UART_UART_CM7.elf 
arm-none-eabi-objdump -h -S UART_UART_CM7.elf  > "UART_UART_CM7.list"
   text	   data	    bss	    dec	    hex	filename
  36452	    108	   2196	  38756	   9764	UART_UART_CM7.elf
Finished building: default.size.stdout
 
Finished building: UART_UART_CM7.list
 
12:38:05 **** Incremental Build of configuration Debug for project UART_UART_CM7 ****
make -j16 all 
arm-none-eabi-size  UART_UART_CM7.elf 
   text	   data	    bss	    dec	    hex	filename
  36452	    108	   2196	  38756	   9764	UART_UART_CM7.elf
Finished building: default.size.stdout
 
14:37:07 **** Incremental Build of configuration Debug for project UART_UART_CM7 ****
make -j16 all 
arm-none-eabi-gcc "../Core/Src/main.c" -mcpu=cortex-m7 -std=gnu11 -g3 -DDEBUG -DCORE_CM7 -DUSE_HAL_DRIVER -DSTM32H745xx -DUSE_PWR_DIRECT_SMPS_SUPPLY -c -I../Core/Inc -I../../Drivers/STM32H7xx_HAL_Driver/Inc -I../../Drivers/STM32H7xx_HAL_Driver/Inc/Legacy -I../../Drivers/CMSIS/Device/ST/STM32H7xx/Include -I../../Drivers/CMSIS/Include -O0 -ffunction-sections -fdata-sections -Wall -fstack-usage -fcyclomatic-complexity -MMD -MP -MF"Core/Src/main.d" -MT"Core/Src/main.o" --specs=nano.specs -mfpu=fpv5-d16 -mfloat-abi=hard -mthumb -o "Core/Src/main.o"
../Core/Src/main.c:54:13: warning: 'MX_GPIO_Init' used but never defined
   54 | static void MX_GPIO_Init(void);
      |             ^~~~~~~~~~~~
../Core/Src/main.c:55:13: warning: 'MX_USART3_UART_Init' used but never defined
   55 | static void MX_USART3_UART_Init(void);
      |             ^~~~~~~~~~~~~~~~~~~
arm-none-eabi-gcc -o "UART_UART_CM7.elf" @"objects.list"   -mcpu=cortex-m7 -T"/home/andy/Documents/Embedded-Systems/communication_protocols/UART_UART/CM7/STM32H745ZITX_FLASH.ld" --specs=nosys.specs -Wl,-Map="UART_UART_CM7.map" -Wl,--gc-sections -static --specs=nano.specs -mfpu=fpv5-d16 -mfloat-abi=hard -mthumb -Wl,--start-group -lc -lm -Wl,--end-group
/opt/st/stm32cubeide_1.19.0/plugins/com.st.stm32cube.ide.mcu.externaltools.gnu-tools-for-stm32.13.3.rel1.linux64_1.0.0.202410170706/tools/bin/../lib/gcc/arm-none-eabi/13.3.1/../../../../arm-none-eabi/bin/ld: ./Core/Src/main.o: in function `main':
/home/andy/Documents/Embedded-Systems/communication_protocols/UART_UART/CM7/Debug/../Core/Src/main.c:105:(.text.main+0xa): undefined reference to `SystemClock_Config'
/opt/st/stm32cubeide_1.19.0/plugins/com.st.stm32cube.ide.mcu.externaltools.gnu-tools-for-stm32.13.3.rel1.linux64_1.0.0.202410170706/tools/bin/../lib/gcc/arm-none-eabi/13.3.1/../../../../arm-none-eabi/bin/ld: /home/andy/Documents/Embedded-Systems/communication_protocols/UART_UART/CM7/Debug/../Core/Src/main.c:108:(.text.main+0xe): undefined reference to `MX_GPIO_Init'
/opt/st/stm32cubeide_1.19.0/plugins/com.st.stm32cube.ide.mcu.externaltools.gnu-tools-for-stm32.13.3.rel1.linux64_1.0.0.202410170706/tools/bin/../lib/gcc/arm-none-eabi/13.3.1/../../../../arm-none-eabi/bin/ld: /home/andy/Documents/Embedded-Systems/communication_protocols/UART_UART/CM7/Debug/../Core/Src/main.c:109:(.text.main+0x12): undefined reference to `MX_USART3_UART_Init'
collect2: error: ld returned 1 exit status
make: *** [makefile:65: UART_UART_CM7.elf] Error 1
"make -j16 all" terminated with exit code 2. Build might be incomplete.
14:37:16 **** Incremental Build of configuration Debug for project UART_UART_CM7 ****
make -j16 all 
arm-none-eabi-gcc -o "UART_UART_CM7.elf" @"objects.list"   -mcpu=cortex-m7 -T"/home/andy/Documents/Embedded-Systems/communication_protocols/UART_UART/CM7/STM32H745ZITX_FLASH.ld" --specs=nosys.specs -Wl,-Map="UART_UART_CM7.map" -Wl,--gc-sections -static --specs=nano.specs -mfpu=fpv5-d16 -mfloat-abi=hard -mthumb -Wl,--start-group -lc -lm -Wl,--end-group
/opt/st/stm32cubeide_1.19.0/plugins/com.st.stm32cube.ide.mcu.externaltools.gnu-tools-for-stm32.13.3.rel1.linux64_1.0.0.202410170706/tools/bin/../lib/gcc/arm-none-eabi/13.3.1/../../../../arm-none-eabi/bin/ld: ./Core/Src/main.o: in function `main':
/home/andy/Documents/Embedded-Systems/communication_protocols/UART_UART/CM7/Debug/../Core/Src/main.c:105:(.text.main+0xa): undefined reference to `SystemClock_Config'
/opt/st/stm32cubeide_1.19.0/plugins/com.st.stm32cube.ide.mcu.externaltools.gnu-tools-for-stm32.13.3.rel1.linux64_1.0.0.202410170706/tools/bin/../lib/gcc/arm-none-eabi/13.3.1/../../../../arm-none-eabi/bin/ld: /home/andy/Documents/Embedded-Systems/communication_protocols/UART_UART/CM7/Debug/../Core/Src/main.c:108:(.text.main+0xe): undefined reference to `MX_GPIO_Init'
/opt/st/stm32cubeide_1.19.0/plugins/com.st.stm32cube.ide.mcu.externaltools.gnu-tools-for-stm32.13.3.rel1.linux64_1.0.0.202410170706/tools/bin/../lib/gcc/arm-none-eabi/13.3.1/../../../../arm-none-eabi/bin/ld: /home/andy/Documents/Embedded-Systems/communication_protocols/UART_UART/CM7/Debug/../Core/Src/main.c:109:(.text.main+0x12): undefined reference to `MX_USART3_UART_Init'
collect2: error: ld returned 1 exit status
make: *** [makefile:65: UART_UART_CM7.elf] Error 1
"make -j16 all" terminated with exit code 2. Build might be incomplete.
14:39:53 **** Build of configuration Debug for project UART_UART_CM4 ****
make -j16 all 
arm-none-eabi-gcc "/home/andy/Documents/Embedded-Systems/communication_protocols/UART_UART/Drivers/STM32H7xx_HAL_Driver/Src/stm32h7xx_hal.c" -mcpu=cortex-m4 -std=gnu11 -g3 -DDEBUG -DCORE_CM4 -DUSE_HAL_DRIVER -DSTM32H745xx -DUSE_PWR_DIRECT_SMPS_SUPPLY -c -I../Core/Inc -I../../Drivers/STM32H7xx_HAL_Driver/Inc -I../../Drivers/STM32H7xx_HAL_Driver/Inc/Legacy -I../../Drivers/CMSIS/Device/ST/STM32H7xx/Include -I../../Drivers/CMSIS/Include -O0 -ffunction-sections -fdata-sections -Wall -fstack-usage -fcyclomatic-complexity -MMD -MP -MF"Drivers/STM32H7xx_HAL_Driver/stm32h7xx_hal.d" -MT"Drivers/STM32H7xx_HAL_Driver/stm32h7xx_hal.o" --specs=nano.specs -mfpu=fpv4-sp-d16 -mfloat-abi=hard -mthumb -o "Drivers/STM32H7xx_HAL_Driver/stm32h7xx_hal.o"
arm-none-eabi-gcc "/home/andy/Documents/Embedded-Systems/communication_protocols/UART_UART/Drivers/STM32H7xx_HAL_Driver/Src/stm32h7xx_hal_cortex.c" -mcpu=cortex-m4 -std=gnu11 -g3 -DDEBUG -DCORE_CM4 -DUSE_HAL_DRIVER -DSTM32H745xx -DUSE_PWR_DIRECT_SMPS_SUPPLY -c -I../Core/Inc -I../../Drivers/STM32H7xx_HAL_Driver/Inc -I../../Drivers/STM32H7xx_HAL_Driver/Inc/Legacy -I../../Drivers/CMSIS/Device/ST/STM32H7xx/Include -I../../Drivers/CMSIS/Include -O0 -ffunction-sections -fdata-sections -Wall -fstack-usage -fcyclomatic-complexity -MMD -MP -MF"Drivers/STM32H7xx_HAL_Driver/stm32h7xx_hal_cortex.d" -MT"Drivers/STM32H7xx_HAL_Driver/stm32h7xx_hal_cortex.o" --specs=nano.specs -mfpu=fpv4-sp-d16 -mfloat-abi=hard -mthumb -o "Drivers/STM32H7xx_HAL_Driver/stm32h7xx_hal_cortex.o"
arm-none-eabi-gcc "/home/andy/Documents/Embedded-Systems/communication_protocols/UART_UART/Drivers/STM32H7xx_HAL_Driver/Src/stm32h7xx_hal_dma.c" -mcpu=cortex-m4 -std=gnu11 -g3 -DDEBUG -DCORE_CM4 -DUSE_HAL_DRIVER -DSTM32H745xx -DUSE_PWR_DIRECT_SMPS_SUPPLY -c -I../Core/Inc -I../../Drivers/STM32H7xx_HAL_Driver/Inc -I../../Drivers/STM32H7xx_HAL_Driver/Inc/Legacy -I../../Drivers/CMSIS/Device/ST/STM32H7xx/Include -I../../Drivers/CMSIS/Include -O0 -ffunction-sections -fdata-sections -Wall -fstack-usage -fcyclomatic-complexity -MMD -MP -MF"Drivers/STM32H7xx_HAL_Driver/stm32h7xx_hal_dma.d" -MT"Drivers/STM32H7xx_HAL_Driver/stm32h7xx_hal_dma.o" --specs=nano.specs -mfpu=fpv4-sp-d16 -mfloat-abi=hard -mthumb -o "Drivers/STM32H7xx_HAL_Driver/stm32h7xx_hal_dma.o"
[...]
make -j16 all 
arm-none-eabi-gcc "../Core/Src/main.c" -mcpu=cortex-m7 -std=gnu11 -g3 -DDEBUG -DCORE_CM7 -DUSE_HAL_DRIVER -DSTM32H745xx -DUSE_PWR_DIRECT_SMPS_SUPPLY -c -I../Core/Inc -I../../Drivers/STM32H7xx_HAL_Driver/Inc -I../../Drivers/STM32H7xx_HAL_Driver/Inc/Legacy -I../../Drivers/CMSIS/Device/ST/STM32H7xx/Include -I../../Drivers/CMSIS/Include -O0 -ffunction-sections -fdata-sections -Wall -fstack-usage -fcyclomatic-complexity -MMD -MP -MF"Core/Src/main.d" -MT"Core/Src/main.o" --specs=nano.specs -mfpu=fpv5-d16 -mfloat-abi=hard -mthumb -o "Core/Src/main.o"
../Core/Src/main.c:10:11: error: expected declaration specifiers or '...' before numeric constant
   10 | HAL_Delay(1000);
      |           ^~~~
../Core/Src/main.c:13:1: error: unknown type name 'uint8_t'
   13 | uint8_t test1 = 'H';
      | ^~~~~~~
../Core/Src/main.c:1:1: note: 'uint8_t' is defined in header '<stdint.h>'; did you forget to '#include <stdint.h>'?
  +++ |+#include <stdint.h>
    1 | /* Prueba UART SUPER SIMPLE - Solo transmisión
../Core/Src/main.c:14:1: error: unknown type name 'uint8_t'
   14 | uint8_t test2 = 'O';
      | ^~~~~~~
../Core/Src/main.c:14:1: note: 'uint8_t' is defined in header '<stdint.h>'; did you forget to '#include <stdint.h>'?
../Core/Src/main.c:15:1: error: unknown type name 'uint8_t'
   15 | uint8_t test3 = 'L';
      | ^~~~~~~
../Core/Src/main.c:15:1: note: 'uint8_t' is defined in header '<stdint.h>'; did you forget to '#include <stdint.h>'?
../Core/Src/main.c:16:1: error: unknown type name 'uint8_t'
   16 | uint8_t test4 = 'A';
      | ^~~~~~~
../Core/Src/main.c:16:1: note: 'uint8_t' is defined in header '<stdint.h>'; did you forget to '#include <stdint.h>'?
../Core/Src/main.c:17:1: error: unknown type name 'uint8_t'
   17 | uint8_t test5 = '\r';
      | ^~~~~~~
../Core/Src/main.c:17:1: note: 'uint8_t' is defined in header '<stdint.h>'; did you forget to '#include <stdint.h>'?
../Core/Src/main.c:18:1: error: unknown type name 'uint8_t'
   18 | uint8_t test6 = '\n';
      | ^~~~~~~
../Core/Src/main.c:18:1: note: 'uint8_t' is defined in header '<stdint.h>'; did you forget to '#include <stdint.h>'?
../Core/Src/main.c:20:19: error: expected declaration specifiers or '...' before '&' token
   20 | HAL_UART_Transmit(&huart3, &test1, 1, 1000);
      |                   ^
../Core/Src/main.c:20:28: error: expected declaration specifiers or '...' before '&' token
   20 | HAL_UART_Transmit(&huart3, &test1, 1, 1000);
      |                            ^
../Core/Src/main.c:20:36: error: expected declaration specifiers or '...' before numeric constant
   20 | HAL_UART_Transmit(&huart3, &test1, 1, 1000);
      |                                    ^
../Core/Src/main.c:20:39: error: expected declaration specifiers or '...' before numeric constant
   20 | HAL_UART_Transmit(&huart3, &test1, 1, 1000);
      |                                       ^~~~
../Core/Src/main.c:21:11: error: expected declaration specifiers or '...' before numeric constant
   21 | HAL_Delay(100);
      |           ^~~
../Core/Src/main.c:22:19: error: expected declaration specifiers or '...' before '&' token
   22 | HAL_UART_Transmit(&huart3, &test2, 1, 1000);
      |                   ^
../Core/Src/main.c:22:28: error: expected declaration specifiers or '...' before '&' token
   22 | HAL_UART_Transmit(&huart3, &test2, 1, 1000);
      |                            ^
../Core/Src/main.c:22:36: error: expected declaration specifiers or '...' before numeric constant
   22 | HAL_UART_Transmit(&huart3, &test2, 1, 1000);
      |                                    ^
../Core/Src/main.c:22:39: error: expected declaration specifiers or '...' before numeric constant
   22 | HAL_UART_Transmit(&huart3, &test2, 1, 1000);
      |                                       ^~~~
../Core/Src/main.c:23:11: error: expected declaration specifiers or '...' before numeric constant
   23 | HAL_Delay(100);
      |           ^~~
../Core/Src/main.c:24:19: error: expected declaration specifiers or '...' before '&' token
   24 | HAL_UART_Transmit(&huart3, &test3, 1, 1000);
      |                   ^
../Core/Src/main.c:24:28: error: expected declaration specifiers or '...' before '&' token
   24 | HAL_UART_Transmit(&huart3, &test3, 1, 1000);
      |                            ^
../Core/Src/main.c:24:36: error: expected declaration specifiers or '...' before numeric constant
   24 | HAL_UART_Transmit(&huart3, &test3, 1, 1000);
      |                                    ^
../Core/Src/main.c:24:39: error: expected declaration specifiers or '...' before numeric constant
   24 | HAL_UART_Transmit(&huart3, &test3, 1, 1000);
      |                                       ^~~~
../Core/Src/main.c:25:11: error: expected declaration specifiers or '...' before numeric constant
   25 | HAL_Delay(100);
      |           ^~~
../Core/Src/main.c:26:19: error: expected declaration specifiers or '...' before '&' token
   26 | HAL_UART_Transmit(&huart3, &test4, 1, 1000);
      |                   ^
../Core/Src/main.c:26:28: error: expected declaration specifiers or '...' before '&' token
   26 | HAL_UART_Transmit(&huart3, &test4, 1, 1000);
      |                            ^
../Core/Src/main.c:26:36: error: expected declaration specifiers or '...' before numeric constant
   26 | HAL_UART_Transmit(&huart3, &test4, 1, 1000);
      |                                    ^
../Core/Src/main.c:26:39: error: expected declaration specifiers or '...' before numeric constant
   26 | HAL_UART_Transmit(&huart3, &test4, 1, 1000);
      |                                       ^~~~
../Core/Src/main.c:27:11: error: expected declaration specifiers or '...' before numeric constant
   27 | HAL_Delay(100);
      |           ^~~
../Core/Src/main.c:28:19: error: expected declaration specifiers or '...' before '&' token
   28 | HAL_UART_Transmit(&huart3, &test5, 1, 1000);
      |                   ^
../Core/Src/main.c:28:28: error: expected declaration specifiers or '...' before '&' token
   28 | HAL_UART_Transmit(&huart3, &test5, 1, 1000);
      |                            ^
../Core/Src/main.c:28:36: error: expected declaration specifiers or '...' before numeric constant
   28 | HAL_UART_Transmit(&huart3, &test5, 1, 1000);
      |                                    ^
../Core/Src/main.c:28:39: error: expected declaration specifiers or '...' before numeric constant
   28 | HAL_UART_Transmit(&huart3, &test5, 1, 1000);
      |                                       ^~~~
../Core/Src/main.c:29:11: error: expected declaration specifiers or '...' before numeric constant
   29 | HAL_Delay(100);
      |           ^~~
../Core/Src/main.c:30:19: error: expected declaration specifiers or '...' before '&' token
   30 | HAL_UART_Transmit(&huart3, &test6, 1, 1000);
      |                   ^
../Core/Src/main.c:30:28: error: expected declaration specifiers or '...' before '&' token
   30 | HAL_UART_Transmit(&huart3, &test6, 1, 1000);
      |                            ^
../Core/Src/main.c:30:36: error: expected declaration specifiers or '...' before numeric constant
   30 | HAL_UART_Transmit(&huart3, &test6, 1, 1000);
      |                                    ^
../Core/Src/main.c:30:39: error: expected declaration specifiers or '...' before numeric constant
   30 | HAL_UART_Transmit(&huart3, &test6, 1, 1000);
      |                                       ^~~~
../Core/Src/main.c:39:8: error: unknown type name 'uint8_t'
   39 | static uint8_t x_char = 'X';
      |        ^~~~~~~
../Core/Src/main.c:40:19: error: expected declaration specifiers or '...' before '&' token
   40 | HAL_UART_Transmit(&huart3, &x_char, 1, 1000);
      |                   ^
../Core/Src/main.c:40:28: error: expected declaration specifiers or '...' before '&' token
   40 | HAL_UART_Transmit(&huart3, &x_char, 1, 1000);
      |                            ^
../Core/Src/main.c:40:37: error: expected declaration specifiers or '...' before numeric constant
   40 | HAL_UART_Transmit(&huart3, &x_char, 1, 1000);
      |                                     ^
../Core/Src/main.c:40:40: error: expected declaration specifiers or '...' before numeric constant
   40 | HAL_UART_Transmit(&huart3, &x_char, 1, 1000);
      |                                        ^~~~
../Core/Src/main.c:41:11: error: expected declaration specifiers or '...' before numeric constant
   41 | HAL_Delay(1000);
      |           ^~~~
../Core/Src/main.c:39:16: warning: 'x_char' defined but not used [-Wunused-variable]
   39 | static uint8_t x_char = 'X';
      |                ^~~~~~
make: *** [Core/Src/subdir.mk:31: Core/Src/main.o] Error 1
"make -j16 all" terminated with exit code 2. Build might be incomplete.
14:54:42 **** Incremental Build of configuration Debug for project UART_UART_CM7 ****
make -j16 all 
arm-none-eabi-gcc "../Core/Src/main.c" -mcpu=cortex-m7 -std=gnu11 -g3 -DDEBUG -DCORE_CM7 -DUSE_HAL_DRIVER -DSTM32H745xx -DUSE_PWR_DIRECT_SMPS_SUPPLY -c -I../Core/Inc -I../../Drivers/STM32H7xx_HAL_Driver/Inc -I../../Drivers/STM32H7xx_HAL_Driver/Inc/Legacy -I../../Drivers/CMSIS/Device/ST/STM32H7xx/Include -I../../Drivers/CMSIS/Include -O0 -ffunction-sections -fdata-sections -Wall -fstack-usage -fcyclomatic-complexity -MMD -MP -MF"Core/Src/main.d" -MT"Core/Src/main.o" --specs=nano.specs -mfpu=fpv5-d16 -mfloat-abi=hard -mthumb -o "Core/Src/main.o"
../Core/Src/main.c: In function 'main':
../Core/Src/main.c:306:13: error: invalid storage class for function 'MX_USART3_UART_Init'
  306 | static void MX_USART3_UART_Init(void)
      |             ^~~~~~~~~~~~~~~~~~~
../Core/Src/main.c:354:13: error: invalid storage class for function 'MX_GPIO_Init'
  354 | static void MX_GPIO_Init(void)
      |             ^~~~~~~~~~~~
../Core/Src/main.c:414:1: error: expected declaration or statement at end of input
  414 | }
      | ^
../Core/Src/main.c: At top level:
../Core/Src/main.c:66:13: warning: 'MPU_Config' used but never defined
   66 | static void MPU_Config(void);
      |             ^~~~~~~~~~
../Core/Src/main.c:67:13: warning: 'MX_GPIO_Init' used but never defined
   67 | static void MX_GPIO_Init(void);
      |             ^~~~~~~~~~~~
../Core/Src/main.c:68:13: warning: 'MX_USART3_UART_Init' used but never defined
   68 | static void MX_USART3_UART_Init(void);
      |             ^~~~~~~~~~~~~~~~~~~
../Core/Src/main.c:405:6: warning: 'Error_Handler' defined but not used [-Wunused-function]
  405 | void Error_Handler(void)
      |      ^~~~~~~~~~~~~
../Core/Src/main.c:374:6: warning: 'MPU_Config' defined but not used [-Wunused-function]
  374 | void MPU_Config(void)
      |      ^~~~~~~~~~
../Core/Src/main.c:354:13: warning: 'MX_GPIO_Init' defined but not used [-Wunused-function]
  354 | static void MX_GPIO_Init(void)
      |             ^~~~~~~~~~~~
../Core/Src/main.c:306:13: warning: 'MX_USART3_UART_Init' defined but not used [-Wunused-function]
  306 | static void MX_USART3_UART_Init(void)
      |             ^~~~~~~~~~~~~~~~~~~
../Core/Src/main.c:255:6: warning: 'SystemClock_Config' defined but not used [-Wunused-function]
  255 | void SystemClock_Config(void)
      |      ^~~~~~~~~~~~~~~~~~
make: *** [Core/Src/subdir.mk:31: Core/Src/main.o] Error 1
"make -j16 all" terminated with exit code 2. Build might be incomplete.
14:54:50 **** Incremental Build of configuration Debug for project UART_UART_CM7 ****
make -j16 all 
arm-none-eabi-gcc "../Core/Src/main.c" -mcpu=cortex-m7 -std=gnu11 -g3 -DDEBUG -DCORE_CM7 -DUSE_HAL_DRIVER -DSTM32H745xx -DUSE_PWR_DIRECT_SMPS_SUPPLY -c -I../Core/Inc -I../../Drivers/STM32H7xx_HAL_Driver/Inc -I../../Drivers/STM32H7xx_HAL_Driver/Inc/Legacy -I../../Drivers/CMSIS/Device/ST/STM32H7xx/Include -I../../Drivers/CMSIS/Include -O0 -ffunction-sections -fdata-sections -Wall -fstack-usage -fcyclomatic-complexity -MMD -MP -MF"Core/Src/main.d" -MT"Core/Src/main.o" --specs=nano.specs -mfpu=fpv5-d16 -mfloat-abi=hard -mthumb -o "Core/Src/main.o"
arm-none-eabi-gcc -o "UART_UART_CM7.elf" @"objects.list"   -mcpu=cortex-m7 -T"/home/andy/Documents/Embedded-Systems/communication_protocols/UART_UART/CM7/STM32H745ZITX_FLASH.ld" --specs=nosys.specs -Wl,-Map="UART_UART_CM7.map" -Wl,--gc-sections -static --specs=nano.specs -mfpu=fpv5-d16 -mfloat-abi=hard -mthumb -Wl,--start-group -lc -lm -Wl,--end-group
Finished building target: UART_UART_CM7.elf
 
arm-none-eabi-size  UART_UART_CM7.elf 
arm-none-eabi-objdump -h -S UART_UART_CM7.elf  > "UART_UART_CM7.list"
   text	   data	    bss	    dec	    hex	filename
  26864	     20	   1716	  28600	   6fb8	UART_UART_CM7.elf
Finished building: default.size.stdout
 
Finished building: UART_UART_CM7.list
 
15:06:54 **** Incremental Build of configuration Debug for project UART_UART_CM4 ****
make -j16 all 
arm-none-eabi-size  UART_UART_CM4.elf 
   text	   data	    bss	    dec	    hex	filename
   3196	     16	   1568	   4780	   12ac	UART_UART_CM4.elf
Finished building: default.size.stdout
 
15:06:54 **** Incremental Build of configuration Debug for project UART_UART_CM7 ****
make -j16 all 
arm-none-eabi-gcc "../Core/Src/main.c" -mcpu=cortex-m7 -std=gnu11 -g3 -DDEBUG -DCORE_CM7 -DUSE_HAL_DRIVER -DSTM32H745xx -DUSE_PWR_DIRECT_SMPS_SUPPLY -c -I../Core/Inc -I../../Drivers/STM32H7xx_HAL_Driver/Inc -I../../Drivers/STM32H7xx_HAL_Driver/Inc/Legacy -I../../Drivers/CMSIS/Device/ST/STM32H7xx/Include -I../../Drivers/CMSIS/Include -O0 -ffunction-sections -fdata-sections -Wall -fstack-usage -fcyclomatic-complexity -MMD -MP -MF"Core/Src/main.d" -MT"Core/Src/main.o" --specs=nano.specs -mfpu=fpv5-d16 -mfloat-abi=hard -mthumb -o "Core/Src/main.o"
arm-none-eabi-gcc "../Core/Src/stm32h7xx_hal_msp.c" -mcpu=cortex-m7 -std=gnu11 -g3 -DDEBUG -DCORE_CM7 -DUSE_HAL_DRIVER -DSTM32H745xx -DUSE_PWR_DIRECT_SMPS_SUPPLY -c -I../Core/Inc -I../../Drivers/STM32H7xx_HAL_Driver/Inc -I../../Drivers/STM32H7xx_HAL_Driver/Inc/Legacy -I../../Drivers/CMSIS/Device/ST/STM32H7xx/Include -I../../Drivers/CMSIS/Include -O0 -ffunction-sections -fdata-sections -Wall -fstack-usage -fcyclomatic-complexity -MMD -MP -MF"Core/Src/stm32h7xx_hal_msp.d" -MT"Core/Src/stm32h7xx_hal_msp.o" --specs=nano.specs -mfpu=fpv5-d16 -mfloat-abi=hard -mthumb -o "Core/Src/stm32h7xx_hal_msp.o"
../Core/Src/main.c: In function 'main':
../Core/Src/main.c:36:45: warning: implicit declaration of function 'strlen' [-Wimplicit-function-declaration]
   36 |   HAL_UART_Transmit(&huart3, (uint8_t*)msg, strlen(msg), HAL_MAX_DELAY);
      |                                             ^~~~~~
../Core/Src/main.c:12:1: note: include '<string.h>' or provide a declaration of 'strlen'
   11 | #include "main.h"
  +++ |+#include <string.h>
   12 | 
../Core/Src/main.c:36:45: warning: incompatible implicit declaration of built-in function 'strlen' [-Wbuiltin-declaration-mismatch]
   36 |   HAL_UART_Transmit(&huart3, (uint8_t*)msg, strlen(msg), HAL_MAX_DELAY);
      |                                             ^~~~~~
../Core/Src/main.c:36:45: note: include '<string.h>' or provide a declaration of 'strlen'
../Core/Src/stm32h7xx_hal_msp.c:162:6: error: redefinition of 'HAL_UART_MspInit'
  162 | void HAL_UART_MspInit(UART_HandleTypeDef* huart)
      |      ^~~~~~~~~~~~~~~~
../Core/Src/stm32h7xx_hal_msp.c:85:6: note: previous definition of 'HAL_UART_MspInit' with type 'void(UART_HandleTypeDef *)' {aka 'void(struct __UART_HandleTypeDef *)'}
   85 | void HAL_UART_MspInit(UART_HandleTypeDef* huart)
      |      ^~~~~~~~~~~~~~~~
make: *** [Core/Src/subdir.mk:31: Core/Src/stm32h7xx_hal_msp.o] Error 1
make: *** Waiting for unfinished jobs....
"make -j16 all" terminated with exit code 2. Build might be incomplete.
15:08:00 **** Incremental Build of configuration Debug for project UART_UART_CM4 ****
make -j16 all 
arm-none-eabi-size  UART_UART_CM4.elf 
   text	   data	    bss	    dec	    hex	filename
   3196	     16	   1568	   4780	   12ac	UART_UART_CM4.elf
Finished building: default.size.stdout
 
15:08:00 **** Incremental Build of configuration Debug for project UART_UART_CM7 ****
make -j16 all 
arm-none-eabi-gcc "../Core/Src/main.c" -mcpu=cortex-m7 -std=gnu11 -g3 -DDEBUG -DCORE_CM7 -DUSE_HAL_DRIVER -DSTM32H745xx -DUSE_PWR_DIRECT_SMPS_SUPPLY -c -I../Core/Inc -I../../Drivers/STM32H7xx_HAL_Driver/Inc -I../../Drivers/STM32H7xx_HAL_Driver/Inc/Legacy -I../../Drivers/CMSIS/Device/ST/STM32H7xx/Include -I../../Drivers/CMSIS/Include -O0 -ffunction-sections -fdata-sections -Wall -fstack-usage -fcyclomatic-complexity -MMD -MP -MF"Core/Src/main.d" -MT"Core/Src/main.o" --specs=nano.specs -mfpu=fpv5-d16 -mfloat-abi=hard -mthumb -o "Core/Src/main.o"
arm-none-eabi-gcc "../Core/Src/stm32h7xx_hal_msp.c" -mcpu=cortex-m7 -std=gnu11 -g3 -DDEBUG -DCORE_CM7 -DUSE_HAL_DRIVER -DSTM32H745xx -DUSE_PWR_DIRECT_SMPS_SUPPLY -c -I../Core/Inc -I../../Drivers/STM32H7xx_HAL_Driver/Inc -I../../Drivers/STM32H7xx_HAL_Driver/Inc/Legacy -I../../Drivers/CMSIS/Device/ST/STM32H7xx/Include -I../../Drivers/CMSIS/Include -O0 -ffunction-sections -fdata-sections -Wall -fstack-usage -fcyclomatic-complexity -MMD -MP -MF"Core/Src/stm32h7xx_hal_msp.d" -MT"Core/Src/stm32h7xx_hal_msp.o" --specs=nano.specs -mfpu=fpv5-d16 -mfloat-abi=hard -mthumb -o "Core/Src/stm32h7xx_hal_msp.o"
../Core/Src/stm32h7xx_hal_msp.c:138:6: error: redefinition of 'HAL_UART_MspInit'
  138 | void HAL_UART_MspInit(UART_HandleTypeDef* huart)
      |      ^~~~~~~~~~~~~~~~
../Core/Src/stm32h7xx_hal_msp.c:85:6: note: previous definition of 'HAL_UART_MspInit' with type 'void(UART_HandleTypeDef *)' {aka 'void(struct __UART_HandleTypeDef *)'}
   85 | void HAL_UART_MspInit(UART_HandleTypeDef* huart)
      |      ^~~~~~~~~~~~~~~~
make: *** [Core/Src/subdir.mk:31: Core/Src/stm32h7xx_hal_msp.o] Error 1
make: *** Waiting for unfinished jobs....
"make -j16 all" terminated with exit code 2. Build might be incomplete.
15:09:28 **** Incremental Build of configuration Debug for project UART_UART_CM4 ****
make -j16 all 
arm-none-eabi-size  UART_UART_CM4.elf 
   text	   data	    bss	    dec	    hex	filename
   3196	     16	   1568	   4780	   12ac	UART_UART_CM4.elf
Finished building: default.size.stdout
 
15:09:28 **** Incremental Build of configuration Debug for project UART_UART_CM7 ****
make -j16 all 
arm-none-eabi-gcc "../Core/Src/stm32h7xx_hal_msp.c" -mcpu=cortex-m7 -std=gnu11 -g3 -DDEBUG -DCORE_CM7 -DUSE_HAL_DRIVER -DSTM32H745xx -DUSE_PWR_DIRECT_SMPS_SUPPLY -c -I../Core/Inc -I../../Drivers/STM32H7xx_HAL_Driver/Inc -I../../Drivers/STM32H7xx_HAL_Driver/Inc/Legacy -I../../Drivers/CMSIS/Device/ST/STM32H7xx/Include -I../../Drivers/CMSIS/Include -O0 -ffunction-sections -fdata-sections -Wall -fstack-usage -fcyclomatic-complexity -MMD -MP -MF"Core/Src/stm32h7xx_hal_msp.d" -MT"Core/Src/stm32h7xx_hal_msp.o" --specs=nano.specs -mfpu=fpv5-d16 -mfloat-abi=hard -mthumb -o "Core/Src/stm32h7xx_hal_msp.o"
arm-none-eabi-gcc -o "UART_UART_CM7.elf" @"objects.list"   -mcpu=cortex-m7 -T"/home/andy/Documents/Embedded-Systems/communication_protocols/UART_UART/CM7/STM32H745ZITX_FLASH.ld" --specs=nosys.specs -Wl,-Map="UART_UART_CM7.map" -Wl,--gc-sections -static --specs=nano.specs -mfpu=fpv5-d16 -mfloat-abi=hard -mthumb -Wl,--start-group -lc -lm -Wl,--end-group
Finished building target: UART_UART_CM7.elf
 
arm-none-eabi-size  UART_UART_CM7.elf 
arm-none-eabi-objdump -h -S UART_UART_CM7.elf  > "UART_UART_CM7.list"
   text	   data	    bss	    dec	    hex	filename
  26132	     16	   1720	  27868	   6cdc	UART_UART_CM7.elf
Finished building: default.size.stdout
 
Finished building: UART_UART_CM7.list
 
15:09:58 **** Incremental Build of configuration Debug for project UART_UART_CM7 ****
make -j16 all 
arm-none-eabi-size  UART_UART_CM7.elf 
   text	   data	    bss	    dec	    hex	filename
  26132	     16	   1720	  27868	   6cdc	UART_UART_CM7.elf
Finished building: default.size.stdout
 
15:30:33 **** Build of configuration Debug for project UART_UART_CM7 ****
make -j16 all 
arm-none-eabi-size  UART_UART_CM7.elf 
   text	   data	    bss	    dec	    hex	filename
  26132	     16	   1720	  27868	   6cdc	UART_UART_CM7.elf
Finished building: default.size.stdout
 
